17:41:03 **** Build of configuration Debug for project SDReader ****
make all 
make --no-print-directory pre-build
a9-linaro-pre-build-step
' '
make --no-print-directory main-build
'Building file: ../src/fatfs/diskio.c'
'Invoking: ARM v7 gcc compiler'
arm-none-eabi-gcc -Wall -O0 -g3 -I"E:\Git-Repos\CNC-FPGA\Vitis3\SDReader\src\fatfs" -c -fmessage-length=0 -MT"src/fatfs/diskio.o" -mcpu=cortex-a9 -mfpu=vfpv3 -mfloat-abi=hard -IE:/Git-Repos/CNC-FPGA/Vitis3/CNC-PL4/export/CNC-PL4/sw/CNC-PL4/standalone_domain/bspinclude/include -MMD -MP -MF"src/fatfs/diskio.d" -MT"src/fatfs/diskio.o" -o "src/fatfs/diskio.o" "../src/fatfs/diskio.c"
../src/fatfs/diskio.c:15:16: warning: 'xlate_status' defined but not used [-Wunused-function]
   15 | static DSTATUS xlate_status(int ok) {
      |                ^~~~~~~~~~~~
'Finished building: ../src/fatfs/diskio.c'
' '
'Building file: ../src/fatfs/ff.c'
'Invoking: ARM v7 gcc compiler'
arm-none-eabi-gcc -Wall -O0 -g3 -I"E:\Git-Repos\CNC-FPGA\Vitis3\SDReader\src\fatfs" -c -fmessage-length=0 -MT"src/fatfs/ff.o" -mcpu=cortex-a9 -mfpu=vfpv3 -mfloat-abi=hard -IE:/Git-Repos/CNC-FPGA/Vitis3/CNC-PL4/export/CNC-PL4/sw/CNC-PL4/standalone_domain/bspinclude/include -MMD -MP -MF"src/fatfs/ff.d" -MT"src/fatfs/ff.o" -o "src/fatfs/ff.o" "../src/fatfs/ff.c"
'Finished building: ../src/fatfs/ff.c'
' '
'Building file: ../src/main.c'
'Invoking: ARM v7 gcc compiler'
arm-none-eabi-gcc -Wall -O0 -g3 -I"E:\Git-Repos\CNC-FPGA\Vitis3\SDReader\src\fatfs" -c -fmessage-length=0 -MT"src/main.o" -mcpu=cortex-a9 -mfpu=vfpv3 -mfloat-abi=hard -IE:/Git-Repos/CNC-FPGA/Vitis3/CNC-PL4/export/CNC-PL4/sw/CNC-PL4/standalone_domain/bspinclude/include -MMD -MP -MF"src/main.d" -MT"src/main.o" -o "src/main.o" "../src/main.c"
../src/main.c:1:10: fatal error: platform.h: No such file or directory
    1 | #include "platform.h"
      |          ^~~~~~~~~~~~
compilation terminated.
make[1]: *** [src/subdir.mk:23: src/main.o] Error 1
make: *** [makefile:35: all] Error 2

17:41:05 Build Finished (took 1s.988ms)

