
*** Running vivado
    with args -log CNC_Top_wrapper.vds -m64 -product Vivado -mode batch -messageDb vivado.pb -notrace -source CNC_Top_wrapper.tcl



****** Vivado v2024.2 (64-bit)
  **** SW Build 5239630 on Fri Nov 08 22:35:27 MST 2024
  **** IP Build 5239520 on Sun Nov 10 16:12:51 MST 2024
  **** SharedData Build 5239561 on Fri Nov 08 14:39:27 MST 2024
  **** Start of session at: Tue Mar  3 21:12:49 2026
    ** Copyright 1986-2022 Xilinx, Inc. All Rights Reserved.
    ** Copyright 2022-2024 Advanced Micro Devices, Inc. All Rights Reserved.

source CNC_Top_wrapper.tcl -notrace
INFO: [IP_Flow 19-234] Refreshing IP repositories
INFO: [IP_Flow 19-1704] No user IP repositories specified
INFO: [IP_Flow 19-2313] Loaded Vivado IP repository 'C:/Xilinx/Vivado/2024.2/data/ip'.
INFO: [Project 1-5578] Found utility IPs instantiated in block design C:/Git Repos/CNC-FPGA/Zedboard-CNC/Zedboard-CNC.srcs/sources_1/bd/CNC_Top/CNC_Top.bd which have equivalent inline hdl with improved performance and reduced diskspace.
It is recommended to migrate these utility IPs to inline hdl  using the command upgrade_project -migrate_to_inline_hdl.  The utility IPs may be deprecated in future releases.
More information on inline hdl is available in UG994. 
Command: read_checkpoint -auto_incremental -incremental {C:/Git Repos/CNC-FPGA/Zedboard-CNC/Zedboard-CNC.srcs/utils_1/imports/synth_1/A4988_Driver_IO.dcp}
INFO: [Vivado 12-5825] Read reference checkpoint from C:/Git Repos/CNC-FPGA/Zedboard-CNC/Zedboard-CNC.srcs/utils_1/imports/synth_1/A4988_Driver_IO.dcp for incremental synthesis
INFO: [Vivado 12-7989] Please ensure there are no constraint changes
Command: synth_design -top CNC_Top_wrapper -part xc7z020clg484-1
Starting synth_design
Attempting to get a license for feature 'Synthesis' and/or device 'xc7z020'
INFO: [Common 17-349] Got license for feature 'Synthesis' and/or device 'xc7z020'
INFO: [Device 21-403] Loading part xc7z020clg484-1
