01:17:51 DEBUG : Logs will be stored at 'E:/Git-Repos/CNC-FPGA/Vitis-Classic/IDE.log'.
01:17:54 INFO  : Launching XSCT server: xsct.bat -n  -interactive E:\Git-Repos\CNC-FPGA\Vitis-Classic\temp_xsdb_launch_script.tcl
01:17:54 INFO  : Registering command handlers for Vitis TCF services
01:17:54 INFO  : Platform repository initialization has completed.
01:17:57 INFO  : XSCT server has started successfully.
01:17:57 INFO  : Successfully done setting XSCT server connection channel  
01:17:57 INFO  : plnx-install-location is set to ''
01:18:01 INFO  : Successfully done setting workspace for the tool. 
01:18:01 INFO  : Successfully done query RDI_DATADIR 
01:18:15 DEBUG : Logs will be stored at 'E:/Git-Repos/CNC-FPGA/Vitis-Classic/IDE.log'.
01:18:17 INFO  : Launching XSCT server: xsct.bat -n  -interactive E:\Git-Repos\CNC-FPGA\Vitis-Classic\temp_xsdb_launch_script.tcl
01:18:18 INFO  : Registering command handlers for Vitis TCF services
01:18:18 INFO  : Platform repository initialization has completed.
01:18:20 INFO  : XSCT server has started successfully.
01:18:21 INFO  : plnx-install-location is set to ''
01:18:21 INFO  : Successfully done setting XSCT server connection channel  
01:18:21 INFO  : Successfully done query RDI_DATADIR 
01:18:21 INFO  : Successfully done setting workspace for the tool. 
12:06:05 DEBUG : Logs will be stored at 'E:/Git-Repos/CNC-FPGA/Vitis-Classic/IDE.log'.
12:06:08 INFO  : Launching XSCT server: xsct.bat -n  -interactive E:\Git-Repos\CNC-FPGA\Vitis-Classic\temp_xsdb_launch_script.tcl
12:06:09 INFO  : Registering command handlers for Vitis TCF services
12:06:09 INFO  : Platform repository initialization has completed.
12:06:14 INFO  : XSCT server has started successfully.
12:06:19 INFO  : Successfully done setting XSCT server connection channel  
12:06:19 INFO  : plnx-install-location is set to ''
12:06:19 INFO  : Successfully done query RDI_DATADIR 
12:06:19 INFO  : Successfully done setting workspace for the tool. 
