
*** Running vivado
    with args -log SD_System_wrapper.vdi -applog -m64 -product Vivado -messageDb vivado.pb -mode batch -source SD_System_wrapper.tcl -notrace



****** Vivado v2024.2 (64-bit)
  **** SW Build 5239630 on Fri Nov 08 22:35:27 MST 2024
  **** IP Build 5239520 on Sun Nov 10 16:12:51 MST 2024
  **** SharedData Build 5239561 on Fri Nov 08 14:39:27 MST 2024
  **** Start of session at: Thu Dec 25 21:46:49 2025
    ** Copyright 1986-2022 Xilinx, Inc. All Rights Reserved.
    ** Copyright 2022-2024 Advanced Micro Devices, Inc. All Rights Reserved.

source SD_System_wrapper.tcl -notrace
INFO: [IP_Flow 19-234] Refreshing IP repositories
INFO: [IP_Flow 19-1704] No user IP repositories specified
INFO: [IP_Flow 19-2313] Loaded Vivado IP repository 'X:/Xilinx/Vivado/2024.2/data/ip'.
Command: link_design -top SD_System_wrapper -part xc7z020clg484-1
Design is defaulting to srcset: sources_1
Design is defaulting to constrset: constrs_1
INFO: [Device 21-403] Loading part xc7z020clg484-1
INFO: [Project 1-454] Reading design checkpoint 'x:/Git-Repos/CNC-FPGA/SD_Demo/SD_Demo.gen/sources_1/bd/SD_System/ip/SD_System_axi_gpio_0_2/SD_System_axi_gpio_0_2.dcp' for cell 'SD_System_i/COMMAND_GPIO'
INFO: [Project 1-454] Reading design checkpoint 'x:/Git-Repos/CNC-FPGA/SD_Demo/SD_Demo.gen/sources_1/bd/SD_System/ip/SD_System_axi_gpio_0_1/SD_System_axi_gpio_0_1.dcp' for cell 'SD_System_i/INTERCONNECT_GPIO'
INFO: [Project 1-454] Reading design checkpoint 'x:/Git-Repos/CNC-FPGA/SD_Demo/SD_Demo.gen/sources_1/bd/SD_System/ip/SD_System_Interconnect_Manager_0_0/SD_System_Interconnect_Manager_0_0.dcp' for cell 'SD_System_i/Interconnect_Manager_0'
INFO: [Project 1-454] Reading design checkpoint 'x:/Git-Repos/CNC-FPGA/SD_Demo/SD_Demo.gen/sources_1/bd/SD_System/ip/SD_System_axi_gpio_0_0/SD_System_axi_gpio_0_0.dcp' for cell 'SD_System_i/X_GPIO'
INFO: [Project 1-454] Reading design checkpoint 'x:/Git-Repos/CNC-FPGA/SD_Demo/SD_Demo.gen/sources_1/bd/SD_System/ip/SD_System_axi_gpio_0_3/SD_System_axi_gpio_0_3.dcp' for cell 'SD_System_i/Y_GPIO'
INFO: [Project 1-454] Reading design checkpoint 'x:/Git-Repos/CNC-FPGA/SD_Demo/SD_Demo.gen/sources_1/bd/SD_System/ip/SD_System_axi_gpio_1_0/SD_System_axi_gpio_1_0.dcp' for cell 'SD_System_i/Z_GPIO'
INFO: [Project 1-454] Reading design checkpoint 'x:/Git-Repos/CNC-FPGA/SD_Demo/SD_Demo.gen/sources_1/bd/SD_System/ip/SD_System_axi_smc_0/SD_System_axi_smc_0.dcp' for cell 'SD_System_i/axi_smc'
INFO: [Project 1-454] Reading design checkpoint 'x:/Git-Repos/CNC-FPGA/SD_Demo/SD_Demo.gen/sources_1/bd/SD_System/ip/SD_System_processing_system7_0_0/SD_System_processing_system7_0_0.dcp' for cell 'SD_System_i/processing_system7_0'
INFO: [Project 1-454] Reading design checkpoint 'x:/Git-Repos/CNC-FPGA/SD_Demo/SD_Demo.gen/sources_1/bd/SD_System/ip/SD_System_rst_ps7_0_100M_0/SD_System_rst_ps7_0_100M_0.dcp' for cell 'SD_System_i/rst_ps7_0_100M'
Netlist sorting complete. Time (s): cpu = 00:00:00 ; elapsed = 00:00:00.255 . Memory (MB): peak = 670.648 ; gain = 0.000
INFO: [Netlist 29-17] Analyzing 5 Unisim elements for replacement
INFO: [Netlist 29-28] Unisim Transformation completed in 0 CPU seconds
INFO: [Project 1-479] Netlist was created with Vivado 2024.2
INFO: [Project 1-570] Preparing netlist for logic optimization
Parsing XDC File [x:/Git-Repos/CNC-FPGA/SD_Demo/SD_Demo.gen/sources_1/bd/SD_System/ip/SD_System_processing_system7_0_0/SD_System_processing_system7_0_0.xdc] for cell 'SD_System_i/processing_system7_0/inst'
Finished Parsing XDC File [x:/Git-Repos/CNC-FPGA/SD_Demo/SD_Demo.gen/sources_1/bd/SD_System/ip/SD_System_processing_system7_0_0/SD_System_processing_system7_0_0.xdc] for cell 'SD_System_i/processing_system7_0/inst'
Parsing XDC File [x:/Git-Repos/CNC-FPGA/SD_Demo/SD_Demo.gen/sources_1/bd/SD_System/ip/SD_System_axi_gpio_0_0/SD_System_axi_gpio_0_0_board.xdc] for cell 'SD_System_i/X_GPIO/U0'
Finished Parsing XDC File [x:/Git-Repos/CNC-FPGA/SD_Demo/SD_Demo.gen/sources_1/bd/SD_System/ip/SD_System_axi_gpio_0_0/SD_System_axi_gpio_0_0_board.xdc] for cell 'SD_System_i/X_GPIO/U0'
Parsing XDC File [x:/Git-Repos/CNC-FPGA/SD_Demo/SD_Demo.gen/sources_1/bd/SD_System/ip/SD_System_axi_gpio_0_0/SD_System_axi_gpio_0_0.xdc] for cell 'SD_System_i/X_GPIO/U0'
Finished Parsing XDC File [x:/Git-Repos/CNC-FPGA/SD_Demo/SD_Demo.gen/sources_1/bd/SD_System/ip/SD_System_axi_gpio_0_0/SD_System_axi_gpio_0_0.xdc] for cell 'SD_System_i/X_GPIO/U0'
Parsing XDC File [x:/Git-Repos/CNC-FPGA/SD_Demo/SD_Demo.gen/sources_1/bd/SD_System/ip/SD_System_axi_smc_0/bd_0/ip/ip_1/bd_d332_psr_aclk_0_board.xdc] for cell 'SD_System_i/axi_smc/inst/clk_map/psr_aclk/U0'
Finished Parsing XDC File [x:/Git-Repos/CNC-FPGA/SD_Demo/SD_Demo.gen/sources_1/bd/SD_System/ip/SD_System_axi_smc_0/bd_0/ip/ip_1/bd_d332_psr_aclk_0_board.xdc] for cell 'SD_System_i/axi_smc/inst/clk_map/psr_aclk/U0'
Parsing XDC File [x:/Git-Repos/CNC-FPGA/SD_Demo/SD_Demo.gen/sources_1/bd/SD_System/ip/SD_System_axi_smc_0/bd_0/ip/ip_1/bd_d332_psr_aclk_0.xdc] for cell 'SD_System_i/axi_smc/inst/clk_map/psr_aclk/U0'
Finished Parsing XDC File [x:/Git-Repos/CNC-FPGA/SD_Demo/SD_Demo.gen/sources_1/bd/SD_System/ip/SD_System_axi_smc_0/bd_0/ip/ip_1/bd_d332_psr_aclk_0.xdc] for cell 'SD_System_i/axi_smc/inst/clk_map/psr_aclk/U0'
Parsing XDC File [x:/Git-Repos/CNC-FPGA/SD_Demo/SD_Demo.gen/sources_1/bd/SD_System/ip/SD_System_axi_smc_0/smartconnect.xdc] for cell 'SD_System_i/axi_smc/inst'
Finished Parsing XDC File [x:/Git-Repos/CNC-FPGA/SD_Demo/SD_Demo.gen/sources_1/bd/SD_System/ip/SD_System_axi_smc_0/smartconnect.xdc] for cell 'SD_System_i/axi_smc/inst'
Parsing XDC File [x:/Git-Repos/CNC-FPGA/SD_Demo/SD_Demo.gen/sources_1/bd/SD_System/ip/SD_System_rst_ps7_0_100M_0/SD_System_rst_ps7_0_100M_0_board.xdc] for cell 'SD_System_i/rst_ps7_0_100M/U0'
Finished Parsing XDC File [x:/Git-Repos/CNC-FPGA/SD_Demo/SD_Demo.gen/sources_1/bd/SD_System/ip/SD_System_rst_ps7_0_100M_0/SD_System_rst_ps7_0_100M_0_board.xdc] for cell 'SD_System_i/rst_ps7_0_100M/U0'
Parsing XDC File [x:/Git-Repos/CNC-FPGA/SD_Demo/SD_Demo.gen/sources_1/bd/SD_System/ip/SD_System_rst_ps7_0_100M_0/SD_System_rst_ps7_0_100M_0.xdc] for cell 'SD_System_i/rst_ps7_0_100M/U0'
Finished Parsing XDC File [x:/Git-Repos/CNC-FPGA/SD_Demo/SD_Demo.gen/sources_1/bd/SD_System/ip/SD_System_rst_ps7_0_100M_0/SD_System_rst_ps7_0_100M_0.xdc] for cell 'SD_System_i/rst_ps7_0_100M/U0'
Parsing XDC File [x:/Git-Repos/CNC-FPGA/SD_Demo/SD_Demo.gen/sources_1/bd/SD_System/ip/SD_System_axi_gpio_1_0/SD_System_axi_gpio_1_0_board.xdc] for cell 'SD_System_i/Z_GPIO/U0'
Finished Parsing XDC File [x:/Git-Repos/CNC-FPGA/SD_Demo/SD_Demo.gen/sources_1/bd/SD_System/ip/SD_System_axi_gpio_1_0/SD_System_axi_gpio_1_0_board.xdc] for cell 'SD_System_i/Z_GPIO/U0'
Parsing XDC File [x:/Git-Repos/CNC-FPGA/SD_Demo/SD_Demo.gen/sources_1/bd/SD_System/ip/SD_System_axi_gpio_1_0/SD_System_axi_gpio_1_0.xdc] for cell 'SD_System_i/Z_GPIO/U0'
Finished Parsing XDC File [x:/Git-Repos/CNC-FPGA/SD_Demo/SD_Demo.gen/sources_1/bd/SD_System/ip/SD_System_axi_gpio_1_0/SD_System_axi_gpio_1_0.xdc] for cell 'SD_System_i/Z_GPIO/U0'
Parsing XDC File [x:/Git-Repos/CNC-FPGA/SD_Demo/SD_Demo.gen/sources_1/bd/SD_System/ip/SD_System_axi_gpio_0_1/SD_System_axi_gpio_0_1_board.xdc] for cell 'SD_System_i/INTERCONNECT_GPIO/U0'
Finished Parsing XDC File [x:/Git-Repos/CNC-FPGA/SD_Demo/SD_Demo.gen/sources_1/bd/SD_System/ip/SD_System_axi_gpio_0_1/SD_System_axi_gpio_0_1_board.xdc] for cell 'SD_System_i/INTERCONNECT_GPIO/U0'
Parsing XDC File [x:/Git-Repos/CNC-FPGA/SD_Demo/SD_Demo.gen/sources_1/bd/SD_System/ip/SD_System_axi_gpio_0_1/SD_System_axi_gpio_0_1.xdc] for cell 'SD_System_i/INTERCONNECT_GPIO/U0'
Finished Parsing XDC File [x:/Git-Repos/CNC-FPGA/SD_Demo/SD_Demo.gen/sources_1/bd/SD_System/ip/SD_System_axi_gpio_0_1/SD_System_axi_gpio_0_1.xdc] for cell 'SD_System_i/INTERCONNECT_GPIO/U0'
Parsing XDC File [x:/Git-Repos/CNC-FPGA/SD_Demo/SD_Demo.gen/sources_1/bd/SD_System/ip/SD_System_axi_gpio_0_2/SD_System_axi_gpio_0_2_board.xdc] for cell 'SD_System_i/COMMAND_GPIO/U0'
Finished Parsing XDC File [x:/Git-Repos/CNC-FPGA/SD_Demo/SD_Demo.gen/sources_1/bd/SD_System/ip/SD_System_axi_gpio_0_2/SD_System_axi_gpio_0_2_board.xdc] for cell 'SD_System_i/COMMAND_GPIO/U0'
Parsing XDC File [x:/Git-Repos/CNC-FPGA/SD_Demo/SD_Demo.gen/sources_1/bd/SD_System/ip/SD_System_axi_gpio_0_2/SD_System_axi_gpio_0_2.xdc] for cell 'SD_System_i/COMMAND_GPIO/U0'
Finished Parsing XDC File [x:/Git-Repos/CNC-FPGA/SD_Demo/SD_Demo.gen/sources_1/bd/SD_System/ip/SD_System_axi_gpio_0_2/SD_System_axi_gpio_0_2.xdc] for cell 'SD_System_i/COMMAND_GPIO/U0'
Parsing XDC File [x:/Git-Repos/CNC-FPGA/SD_Demo/SD_Demo.gen/sources_1/bd/SD_System/ip/SD_System_axi_gpio_0_3/SD_System_axi_gpio_0_3_board.xdc] for cell 'SD_System_i/Y_GPIO/U0'
Finished Parsing XDC File [x:/Git-Repos/CNC-FPGA/SD_Demo/SD_Demo.gen/sources_1/bd/SD_System/ip/SD_System_axi_gpio_0_3/SD_System_axi_gpio_0_3_board.xdc] for cell 'SD_System_i/Y_GPIO/U0'
Parsing XDC File [x:/Git-Repos/CNC-FPGA/SD_Demo/SD_Demo.gen/sources_1/bd/SD_System/ip/SD_System_axi_gpio_0_3/SD_System_axi_gpio_0_3.xdc] for cell 'SD_System_i/Y_GPIO/U0'
Finished Parsing XDC File [x:/Git-Repos/CNC-FPGA/SD_Demo/SD_Demo.gen/sources_1/bd/SD_System/ip/SD_System_axi_gpio_0_3/SD_System_axi_gpio_0_3.xdc] for cell 'SD_System_i/Y_GPIO/U0'
Parsing XDC File [X:/Git-Repos/CNC-FPGA/SD_Demo/SD_Demo.srcs/constrs_1/new/constraints.xdc]
Finished Parsing XDC File [X:/Git-Repos/CNC-FPGA/SD_Demo/SD_Demo.srcs/constrs_1/new/constraints.xdc]
INFO: [Project 1-1714] 78 XPM XDC files have been applied to the design.
INFO: [Opt 31-138] Pushed 0 inverter(s) to 0 load pin(s).
Netlist sorting complete. Time (s): cpu = 00:00:00 ; elapsed = 00:00:00.002 . Memory (MB): peak = 860.289 ; gain = 0.000
INFO: [Project 1-111] Unisim Transformation Summary:
No Unisim elements were transformed.

20 Infos, 0 Warnings, 0 Critical Warnings and 0 Errors encountered.
link_design completed successfully
link_design: Time (s): cpu = 00:00:09 ; elapsed = 00:00:10 . Memory (MB): peak = 860.289 ; gain = 455.234
Command: opt_design
Attempting to get a license for feature 'Implementation' and/or device 'xc7z020'
INFO: [Common 17-349] Got license for feature 'Implementation' and/or device 'xc7z020'
Running DRC as a precondition to command opt_design

Starting DRC Task
INFO: [DRC 23-27] Running DRC with 2 threads
INFO: [Project 1-461] DRC finished with 0 Errors
INFO: [Project 1-462] Please refer to the DRC report (report_drc) for more information.

Time (s): cpu = 00:00:02 ; elapsed = 00:00:02 . Memory (MB): peak = 897.570 ; gain = 37.281

Starting Cache Timing Information Task
INFO: [Timing 38-35] Done setting XDC timing constraints.
Ending Cache Timing Information Task | Checksum: 13fc9d65b

Time (s): cpu = 00:00:08 ; elapsed = 00:00:08 . Memory (MB): peak = 1443.523 ; gain = 545.953

Starting Logic Optimization Task

Phase 1 Initialization

Phase 1.1 Core Generation And Design Setup
Phase 1.1 Core Generation And Design Setup | Checksum: 13fc9d65b

Time (s): cpu = 00:00:00 ; elapsed = 00:00:00.011 . Memory (MB): peak = 1861.945 ; gain = 0.000

Phase 1.2 Setup Constraints And Sort Netlist
Phase 1.2 Setup Constraints And Sort Netlist | Checksum: 13fc9d65b

Time (s): cpu = 00:00:00 ; elapsed = 00:00:00.016 . Memory (MB): peak = 1861.945 ; gain = 0.000
Phase 1 Initialization | Checksum: 13fc9d65b

Time (s): cpu = 00:00:00 ; elapsed = 00:00:00.018 . Memory (MB): peak = 1861.945 ; gain = 0.000

Phase 2 Timer Update And Timing Data Collection

Phase 2.1 Timer Update
Phase 2.1 Timer Update | Checksum: 13fc9d65b

Time (s): cpu = 00:00:00 ; elapsed = 00:00:00.059 . Memory (MB): peak = 1861.945 ; gain = 0.000

Phase 2.2 Timing Data Collection
Phase 2.2 Timing Data Collection | Checksum: 13fc9d65b

Time (s): cpu = 00:00:00 ; elapsed = 00:00:00.081 . Memory (MB): peak = 1861.945 ; gain = 0.000
Phase 2 Timer Update And Timing Data Collection | Checksum: 13fc9d65b

Time (s): cpu = 00:00:00 ; elapsed = 00:00:00.083 . Memory (MB): peak = 1861.945 ; gain = 0.000

Phase 3 Retarget
INFO: [Opt 31-1851] Number of loadless carry chains removed were: 0
INFO: [Opt 31-1834] Total Chains To Be Transformed Were: 0 AND Number of Transformed insts Created are: 0
INFO: [Opt 31-1566] Pulled 1 inverters resulting in an inversion of 4 pins
INFO: [Opt 31-138] Pushed 5 inverter(s) to 20 load pin(s).
INFO: [Opt 31-49] Retargeted 0 cell(s).
Phase 3 Retarget | Checksum: 11c1bc9c1

Time (s): cpu = 00:00:00 ; elapsed = 00:00:00.170 . Memory (MB): peak = 1861.945 ; gain = 0.000
Retarget | Checksum: 11c1bc9c1
INFO: [Opt 31-389] Phase Retarget created 11 cells and removed 42 cells
INFO: [Opt 31-1021] In phase Retarget, 141 netlist objects are constrained preventing optimization. Please run opt_design with -debug_log to get more detail. 

Phase 4 Constant propagation
INFO: [Opt 31-138] Pushed 0 inverter(s) to 0 load pin(s).
Phase 4 Constant propagation | Checksum: 115e99015

Time (s): cpu = 00:00:00 ; elapsed = 00:00:00.194 . Memory (MB): peak = 1861.945 ; gain = 0.000
Constant propagation | Checksum: 115e99015
INFO: [Opt 31-389] Phase Constant propagation created 10 cells and removed 30 cells
INFO: [Opt 31-1021] In phase Constant propagation, 140 netlist objects are constrained preventing optimization. Please run opt_design with -debug_log to get more detail. 

Phase 5 Sweep
INFO: [Constraints 18-11670] Building netlist checker database with flags, 0x8
Done building netlist checker database: Time (s): cpu = 00:00:00 ; elapsed = 00:00:00.002 . Memory (MB): peak = 1861.945 ; gain = 0.000
INFO: [Constraints 18-11670] Building netlist checker database with flags, 0x8
Done building netlist checker database: Time (s): cpu = 00:00:00 ; elapsed = 00:00:00.002 . Memory (MB): peak = 1861.945 ; gain = 0.000
Phase 5 Sweep | Checksum: 1d09dc896

Time (s): cpu = 00:00:01 ; elapsed = 00:00:00.704 . Memory (MB): peak = 1861.945 ; gain = 0.000
Sweep | Checksum: 1d09dc896
INFO: [Opt 31-389] Phase Sweep created 0 cells and removed 237 cells
INFO: [Opt 31-1021] In phase Sweep, 175 netlist objects are constrained preventing optimization. Please run opt_design with -debug_log to get more detail. 

Phase 6 BUFG optimization
INFO: [Opt 31-194] Inserted BUFG SD_System_i/processing_system7_0/inst/FCLK_CLK0_BUFG_inst to drive 1437 load(s) on clock net SD_System_i/processing_system7_0/inst/FCLK_CLK0_BUFG
INFO: [Opt 31-193] Inserted 1 BUFG(s) on clock nets
Phase 6 BUFG optimization | Checksum: 1728d9f54

Time (s): cpu = 00:00:01 ; elapsed = 00:00:00.768 . Memory (MB): peak = 1861.945 ; gain = 0.000
BUFG optimization | Checksum: 1728d9f54
INFO: [Opt 31-662] Phase BUFG optimization created 1 cells of which 1 are BUFGs and removed 0 cells.

Phase 7 Shift Register Optimization
INFO: [Opt 31-1064] SRL Remap converted 0 SRLs to 0 registers and converted 0 registers of register chains to 0 SRLs
Phase 7 Shift Register Optimization | Checksum: 1728d9f54

Time (s): cpu = 00:00:01 ; elapsed = 00:00:00.777 . Memory (MB): peak = 1861.945 ; gain = 0.000
Shift Register Optimization | Checksum: 1728d9f54
INFO: [Opt 31-389] Phase Shift Register Optimization created 0 cells and removed 0 cells

Phase 8 Post Processing Netlist
Phase 8 Post Processing Netlist | Checksum: 18a3f8f1e

Time (s): cpu = 00:00:01 ; elapsed = 00:00:00.802 . Memory (MB): peak = 1861.945 ; gain = 0.000
Post Processing Netlist | Checksum: 18a3f8f1e
INFO: [Opt 31-389] Phase Post Processing Netlist created 0 cells and removed 0 cells
INFO: [Opt 31-1021] In phase Post Processing Netlist, 170 netlist objects are constrained preventing optimization. Please run opt_design with -debug_log to get more detail. 

Phase 9 Finalization

Phase 9.1 Finalizing Design Cores and Updating Shapes
Phase 9.1 Finalizing Design Cores and Updating Shapes | Checksum: 1ee75a6f9

Time (s): cpu = 00:00:01 ; elapsed = 00:00:00.934 . Memory (MB): peak = 1861.945 ; gain = 0.000

Phase 9.2 Verifying Netlist Connectivity

Starting Connectivity Check Task

Time (s): cpu = 00:00:00 ; elapsed = 00:00:00.010 . Memory (MB): peak = 1861.945 ; gain = 0.000
Phase 9.2 Verifying Netlist Connectivity | Checksum: 1ee75a6f9

Time (s): cpu = 00:00:01 ; elapsed = 00:00:00.947 . Memory (MB): peak = 1861.945 ; gain = 0.000
Phase 9 Finalization | Checksum: 1ee75a6f9

Time (s): cpu = 00:00:01 ; elapsed = 00:00:00.949 . Memory (MB): peak = 1861.945 ; gain = 0.000
Opt_design Change Summary
=========================


-------------------------------------------------------------------------------------------------------------------------
|  Phase                        |  #Cells created  |  #Cells Removed  |  #Constrained objects preventing optimizations  |
-------------------------------------------------------------------------------------------------------------------------
|  Retarget                     |              11  |              42  |                                            141  |
|  Constant propagation         |              10  |              30  |                                            140  |
|  Sweep                        |               0  |             237  |                                            175  |
|  BUFG optimization            |               1  |               0  |                                              0  |
|  Shift Register Optimization  |               0  |               0  |                                              0  |
|  Post Processing Netlist      |               0  |               0  |                                            170  |
-------------------------------------------------------------------------------------------------------------------------


Ending Logic Optimization Task | Checksum: 1ee75a6f9

Time (s): cpu = 00:00:01 ; elapsed = 00:00:00.952 . Memory (MB): peak = 1861.945 ; gain = 0.000

Starting Power Optimization Task
INFO: [Pwropt 34-132] Skipping clock gating for clocks with a period < 2.00 ns.
Ending Power Optimization Task | Checksum: 1ee75a6f9

Time (s): cpu = 00:00:00 ; elapsed = 00:00:00.013 . Memory (MB): peak = 1861.945 ; gain = 0.000

Starting Final Cleanup Task
Ending Final Cleanup Task | Checksum: 1ee75a6f9

Time (s): cpu = 00:00:00 ; elapsed = 00:00:00.002 . Memory (MB): peak = 1861.945 ; gain = 0.000

Starting Netlist Obfuscation Task
Netlist sorting complete. Time (s): cpu = 00:00:00 ; elapsed = 00:00:00.002 . Memory (MB): peak = 1861.945 ; gain = 0.000
Ending Netlist Obfuscation Task | Checksum: 1ee75a6f9

Time (s): cpu = 00:00:00 ; elapsed = 00:00:00.004 . Memory (MB): peak = 1861.945 ; gain = 0.000
INFO: [Common 17-83] Releasing license: Implementation
48 Infos, 0 Warnings, 0 Critical Warnings and 0 Errors encountered.
opt_design completed successfully
opt_design: Time (s): cpu = 00:00:14 ; elapsed = 00:00:14 . Memory (MB): peak = 1861.945 ; gain = 1001.656
INFO: [Vivado 12-24828] Executing command : report_drc -file SD_System_wrapper_drc_opted.rpt -pb SD_System_wrapper_drc_opted.pb -rpx SD_System_wrapper_drc_opted.rpx
Command: report_drc -file SD_System_wrapper_drc_opted.rpt -pb SD_System_wrapper_drc_opted.pb -rpx SD_System_wrapper_drc_opted.rpx
INFO: [IP_Flow 19-1839] IP Catalog is up to date.
INFO: [DRC 23-27] Running DRC with 2 threads
INFO: [Vivado_Tcl 2-168] The results of DRC are in file X:/Git-Repos/CNC-FPGA/SD_Demo/SD_Demo.runs/impl_1/SD_System_wrapper_drc_opted.rpt.
report_drc completed successfully
INFO: [Timing 38-480] Writing timing data to binary archive.
Write ShapeDB Complete: Time (s): cpu = 00:00:00 ; elapsed = 00:00:00.007 . Memory (MB): peak = 1861.945 ; gain = 0.000
Wrote PlaceDB: Time (s): cpu = 00:00:00 ; elapsed = 00:00:00.014 . Memory (MB): peak = 1861.945 ; gain = 0.000
Wrote PulsedLatchDB: Time (s): cpu = 00:00:00 ; elapsed = 00:00:00 . Memory (MB): peak = 1861.945 ; gain = 0.000
Writing XDEF routing.
Writing XDEF routing logical nets.
Writing XDEF routing special nets.
Wrote RouteStorage: Time (s): cpu = 00:00:00 ; elapsed = 00:00:00.027 . Memory (MB): peak = 1861.945 ; gain = 0.000
Wrote Netlist Cache: Time (s): cpu = 00:00:00 ; elapsed = 00:00:00.001 . Memory (MB): peak = 1861.945 ; gain = 0.000
Wrote Device Cache: Time (s): cpu = 00:00:00 ; elapsed = 00:00:00.011 . Memory (MB): peak = 1861.945 ; gain = 0.000
Write Physdb Complete: Time (s): cpu = 00:00:00 ; elapsed = 00:00:00.060 . Memory (MB): peak = 1861.945 ; gain = 0.000
INFO: [Common 17-1381] The checkpoint 'X:/Git-Repos/CNC-FPGA/SD_Demo/SD_Demo.runs/impl_1/SD_System_wrapper_opt.dcp' has been generated.
Command: place_design
Attempting to get a license for feature 'Implementation' and/or device 'xc7z020'
INFO: [Common 17-349] Got license for feature 'Implementation' and/or device 'xc7z020'
INFO: [Common 17-83] Releasing license: Implementation
INFO: [DRC 23-27] Running DRC with 2 threads
INFO: [Vivado_Tcl 4-198] DRC finished with 0 Errors
INFO: [Vivado_Tcl 4-199] Please refer to the DRC report (report_drc) for more information.
Running DRC as a precondition to command place_design
INFO: [DRC 23-27] Running DRC with 2 threads
INFO: [Vivado_Tcl 4-198] DRC finished with 0 Errors
INFO: [Vivado_Tcl 4-199] Please refer to the DRC report (report_drc) for more information.
INFO: [Place 30-611] Multithreading enabled for place_design using a maximum of 2 CPUs

Starting Placer Task

Phase 1 Placer Initialization

Phase 1.1 Placer Initialization Netlist Sorting
Netlist sorting complete. Time (s): cpu = 00:00:00 ; elapsed = 00:00:00.001 . Memory (MB): peak = 1861.945 ; gain = 0.000
Phase 1.1 Placer Initialization Netlist Sorting | Checksum: 159b345cf

Time (s): cpu = 00:00:00 ; elapsed = 00:00:00.009 . Memory (MB): peak = 1861.945 ; gain = 0.000
Netlist sorting complete. Time (s): cpu = 00:00:00 ; elapsed = 00:00:00.002 . Memory (MB): peak = 1861.945 ; gain = 0.000

Phase 1.2 IO Placement/ Clock Placement/ Build Placer Device
INFO: [Timing 38-35] Done setting XDC timing constraints.
Phase 1.2 IO Placement/ Clock Placement/ Build Placer Device | Checksum: c7c36b3e

Time (s): cpu = 00:00:01 ; elapsed = 00:00:00.558 . Memory (MB): peak = 1861.945 ; gain = 0.000

Phase 1.3 Build Placer Netlist Model
Phase 1.3 Build Placer Netlist Model | Checksum: 20058460b

Time (s): cpu = 00:00:01 ; elapsed = 00:00:00.997 . Memory (MB): peak = 1861.945 ; gain = 0.000

Phase 1.4 Constrain Clocks/Macros
Phase 1.4 Constrain Clocks/Macros | Checksum: 20058460b

Time (s): cpu = 00:00:01 ; elapsed = 00:00:01 . Memory (MB): peak = 1861.945 ; gain = 0.000
Phase 1 Placer Initialization | Checksum: 20058460b

Time (s): cpu = 00:00:01 ; elapsed = 00:00:01 . Memory (MB): peak = 1861.945 ; gain = 0.000

Phase 2 Global Placement

Phase 2.1 Floorplanning
Phase 2.1 Floorplanning | Checksum: 1e46a88be

Time (s): cpu = 00:00:01 ; elapsed = 00:00:01 . Memory (MB): peak = 1861.945 ; gain = 0.000

Phase 2.2 Update Timing before SLR Path Opt
Phase 2.2 Update Timing before SLR Path Opt | Checksum: 1737910cb

Time (s): cpu = 00:00:02 ; elapsed = 00:00:01 . Memory (MB): peak = 1861.945 ; gain = 0.000

Phase 2.3 Post-Processing in Floorplanning
Phase 2.3 Post-Processing in Floorplanning | Checksum: 1737910cb

Time (s): cpu = 00:00:02 ; elapsed = 00:00:01 . Memory (MB): peak = 1861.945 ; gain = 0.000

Phase 2.4 Global Place Phase1
Phase 2.4 Global Place Phase1 | Checksum: 1c208872b

Time (s): cpu = 00:00:03 ; elapsed = 00:00:02 . Memory (MB): peak = 1861.945 ; gain = 0.000

Phase 2.5 Global Place Phase2

Phase 2.5.1 UpdateTiming Before Physical Synthesis
Phase 2.5.1 UpdateTiming Before Physical Synthesis | Checksum: 16650b636

Time (s): cpu = 00:00:03 ; elapsed = 00:00:03 . Memory (MB): peak = 1861.945 ; gain = 0.000

Phase 2.5.2 Physical Synthesis In Placer
INFO: [Physopt 32-1035] Found 0 LUTNM shape to break, 186 LUT instances to create LUTNM shape
INFO: [Physopt 32-1044] Break lutnm for timing: one critical 0, two critical 0, total 0, new lutff created 0
INFO: [Physopt 32-1138] End 1 Pass. Optimized 58 nets or LUTs. Breaked 0 LUT, combined 58 existing LUTs and moved 0 existing LUT
INFO: [Physopt 32-65] No nets found for high-fanout optimization.
INFO: [Physopt 32-232] Optimized 0 net. Created 0 new instance.
INFO: [Physopt 32-775] End 1 Pass. Optimized 0 net or cell. Created 0 new cell, deleted 0 existing cell and moved 0 existing cell
INFO: [Physopt 32-670] No setup violation found.  DSP Register Optimization was not performed.
INFO: [Physopt 32-670] No setup violation found.  Shift Register to Pipeline Optimization was not performed.
INFO: [Physopt 32-670] No setup violation found.  Shift Register Optimization was not performed.
INFO: [Physopt 32-670] No setup violation found.  BRAM Register Optimization was not performed.
INFO: [Physopt 32-670] No setup violation found.  URAM Register Optimization was not performed.
INFO: [Physopt 32-949] No candidate nets found for dynamic/static region interface net replication
INFO: [Physopt 32-775] End 1 Pass. Optimized 0 net or cell. Created 0 new cell, deleted 0 existing cell and moved 0 existing cell
Netlist sorting complete. Time (s): cpu = 00:00:00 ; elapsed = 00:00:00.002 . Memory (MB): peak = 1861.945 ; gain = 0.000

Summary of Physical Synthesis Optimizations
============================================


-----------------------------------------------------------------------------------------------------------------------------------------------------------
|  Optimization                                     |  Added Cells  |  Removed Cells  |  Optimized Cells/Nets  |  Dont Touch  |  Iterations  |  Elapsed   |
-----------------------------------------------------------------------------------------------------------------------------------------------------------
|  LUT Combining                                    |            0  |             58  |                    58  |           0  |           1  |  00:00:00  |
|  Retime                                           |            0  |              0  |                     0  |           0  |           1  |  00:00:00  |
|  Very High Fanout                                 |            0  |              0  |                     0  |           0  |           1  |  00:00:00  |
|  DSP Register                                     |            0  |              0  |                     0  |           0  |           0  |  00:00:00  |
|  Shift Register to Pipeline                       |            0  |              0  |                     0  |           0  |           0  |  00:00:00  |
|  Shift Register                                   |            0  |              0  |                     0  |           0  |           0  |  00:00:00  |
|  BRAM Register                                    |            0  |              0  |                     0  |           0  |           0  |  00:00:00  |
|  URAM Register                                    |            0  |              0  |                     0  |           0  |           0  |  00:00:00  |
|  Dynamic/Static Region Interface Net Replication  |            0  |              0  |                     0  |           0  |           1  |  00:00:00  |
|  Total                                            |            0  |             58  |                    58  |           0  |           4  |  00:00:00  |
-----------------------------------------------------------------------------------------------------------------------------------------------------------


Phase 2.5.2 Physical Synthesis In Placer | Checksum: 15f66be48

Time (s): cpu = 00:00:04 ; elapsed = 00:00:03 . Memory (MB): peak = 1861.945 ; gain = 0.000
Phase 2.5 Global Place Phase2 | Checksum: 17be9a510

Time (s): cpu = 00:00:04 ; elapsed = 00:00:03 . Memory (MB): peak = 1861.945 ; gain = 0.000
Phase 2 Global Placement | Checksum: 17be9a510

Time (s): cpu = 00:00:04 ; elapsed = 00:00:03 . Memory (MB): peak = 1861.945 ; gain = 0.000

Phase 3 Detail Placement

Phase 3.1 Commit Multi Column Macros
Phase 3.1 Commit Multi Column Macros | Checksum: 183a3e43f

Time (s): cpu = 00:00:04 ; elapsed = 00:00:03 . Memory (MB): peak = 1861.945 ; gain = 0.000

Phase 3.2 Commit Most Macros & LUTRAMs
Phase 3.2 Commit Most Macros & LUTRAMs | Checksum: 23d661a55

Time (s): cpu = 00:00:04 ; elapsed = 00:00:03 . Memory (MB): peak = 1861.945 ; gain = 0.000

Phase 3.3 Area Swap Optimization
Phase 3.3 Area Swap Optimization | Checksum: 20391b1e6

Time (s): cpu = 00:00:04 ; elapsed = 00:00:03 . Memory (MB): peak = 1861.945 ; gain = 0.000

Phase 3.4 Pipeline Register Optimization
Phase 3.4 Pipeline Register Optimization | Checksum: 266f61dd7

Time (s): cpu = 00:00:04 ; elapsed = 00:00:03 . Memory (MB): peak = 1861.945 ; gain = 0.000

Phase 3.5 Small Shape Detail Placement
Phase 3.5 Small Shape Detail Placement | Checksum: 21131507e

Time (s): cpu = 00:00:05 ; elapsed = 00:00:04 . Memory (MB): peak = 1861.945 ; gain = 0.000

Phase 3.6 Re-assign LUT pins
Phase 3.6 Re-assign LUT pins | Checksum: 21a20177d

Time (s): cpu = 00:00:05 ; elapsed = 00:00:04 . Memory (MB): peak = 1861.945 ; gain = 0.000

Phase 3.7 Pipeline Register Optimization
Phase 3.7 Pipeline Register Optimization | Checksum: 27d7b8b2c

Time (s): cpu = 00:00:05 ; elapsed = 00:00:04 . Memory (MB): peak = 1861.945 ; gain = 0.000
Phase 3 Detail Placement | Checksum: 27d7b8b2c

Time (s): cpu = 00:00:05 ; elapsed = 00:00:04 . Memory (MB): peak = 1861.945 ; gain = 0.000

Phase 4 Post Placement Optimization and Clean-Up

Phase 4.1 Post Commit Optimization
INFO: [Timing 38-35] Done setting XDC timing constraints.

Phase 4.1.1 Post Placement Optimization
Post Placement Optimization Initialization | Checksum: 280fe1d65

Phase 4.1.1.1 BUFG Insertion

Starting Physical Synthesis Task

Phase 1 Physical Synthesis Initialization
INFO: [Physopt 32-721] Multithreading enabled for phys_opt_design using a maximum of 2 CPUs
INFO: [Physopt 32-619] Estimated Timing Summary | WNS=2.910 | TNS=0.000 |
Phase 1 Physical Synthesis Initialization | Checksum: 24ab0baa0

Time (s): cpu = 00:00:00 ; elapsed = 00:00:00.062 . Memory (MB): peak = 1861.945 ; gain = 0.000
INFO: [Place 46-56] BUFG insertion identified 0 candidate nets. Inserted BUFG: 0, Replicated BUFG Driver: 0, Skipped due to Placement/Routing Conflicts: 0, Skipped due to Timing Degradation: 0, Skipped due to netlist editing failed: 0.
Ending Physical Synthesis Task | Checksum: 21ee65fe3

Time (s): cpu = 00:00:00 ; elapsed = 00:00:00.076 . Memory (MB): peak = 1861.945 ; gain = 0.000
Phase 4.1.1.1 BUFG Insertion | Checksum: 280fe1d65

Time (s): cpu = 00:00:06 ; elapsed = 00:00:05 . Memory (MB): peak = 1861.945 ; gain = 0.000

Phase 4.1.1.2 Post Placement Timing Optimization
INFO: [Place 30-746] Post Placement Timing Summary WNS=2.910. For the most accurate timing information please run report_timing.
Phase 4.1.1.2 Post Placement Timing Optimization | Checksum: 288d6a38d

Time (s): cpu = 00:00:06 ; elapsed = 00:00:05 . Memory (MB): peak = 1861.945 ; gain = 0.000

Time (s): cpu = 00:00:06 ; elapsed = 00:00:05 . Memory (MB): peak = 1861.945 ; gain = 0.000
Phase 4.1 Post Commit Optimization | Checksum: 288d6a38d

Time (s): cpu = 00:00:06 ; elapsed = 00:00:05 . Memory (MB): peak = 1861.945 ; gain = 0.000

Phase 4.2 Post Placement Cleanup
Phase 4.2 Post Placement Cleanup | Checksum: 288d6a38d

Time (s): cpu = 00:00:06 ; elapsed = 00:00:05 . Memory (MB): peak = 1861.945 ; gain = 0.000

Phase 4.3 Placer Reporting

Phase 4.3.1 Print Estimated Congestion
INFO: [Place 30-612] Post-Placement Estimated Congestion 
 ____________________________________________________
|           | Global Congestion | Short Congestion  |
| Direction | Region Size       | Region Size       |
|___________|___________________|___________________|
|      North|                1x1|                1x1|
|___________|___________________|___________________|
|      South|                1x1|                1x1|
|___________|___________________|___________________|
|       East|                1x1|                1x1|
|___________|___________________|___________________|
|       West|                1x1|                1x1|
|___________|___________________|___________________|

Phase 4.3.1 Print Estimated Congestion | Checksum: 288d6a38d

Time (s): cpu = 00:00:06 ; elapsed = 00:00:05 . Memory (MB): peak = 1861.945 ; gain = 0.000
Phase 4.3 Placer Reporting | Checksum: 288d6a38d

Time (s): cpu = 00:00:06 ; elapsed = 00:00:05 . Memory (MB): peak = 1861.945 ; gain = 0.000

Phase 4.4 Final Placement Cleanup
Netlist sorting complete. Time (s): cpu = 00:00:00 ; elapsed = 00:00:00.001 . Memory (MB): peak = 1861.945 ; gain = 0.000

Time (s): cpu = 00:00:06 ; elapsed = 00:00:05 . Memory (MB): peak = 1861.945 ; gain = 0.000
Phase 4 Post Placement Optimization and Clean-Up | Checksum: 2274583a8

Time (s): cpu = 00:00:06 ; elapsed = 00:00:05 . Memory (MB): peak = 1861.945 ; gain = 0.000
Ending Placer Task | Checksum: 12892ded4

Time (s): cpu = 00:00:06 ; elapsed = 00:00:05 . Memory (MB): peak = 1861.945 ; gain = 0.000
83 Infos, 0 Warnings, 0 Critical Warnings and 0 Errors encountered.
place_design completed successfully
place_design: Time (s): cpu = 00:00:08 ; elapsed = 00:00:06 . Memory (MB): peak = 1861.945 ; gain = 0.000
INFO: [Vivado 12-24838] Running report commands "report_control_sets, report_io, report_utilization" in parallel.
Running report generation with 2 threads.
INFO: [Vivado 12-24828] Executing command : report_utilization -file SD_System_wrapper_utilization_placed.rpt -pb SD_System_wrapper_utilization_placed.pb
INFO: [Vivado 12-24828] Executing command : report_io -file SD_System_wrapper_io_placed.rpt
report_io: Time (s): cpu = 00:00:00 ; elapsed = 00:00:00.068 . Memory (MB): peak = 1861.945 ; gain = 0.000
INFO: [Vivado 12-24828] Executing command : report_control_sets -verbose -file SD_System_wrapper_control_sets_placed.rpt
report_control_sets: Time (s): cpu = 00:00:00 ; elapsed = 00:00:00.010 . Memory (MB): peak = 1861.945 ; gain = 0.000
INFO: [Timing 38-480] Writing timing data to binary archive.
Write ShapeDB Complete: Time (s): cpu = 00:00:00 ; elapsed = 00:00:00.015 . Memory (MB): peak = 1868.109 ; gain = 6.164
Wrote PlaceDB: Time (s): cpu = 00:00:01 ; elapsed = 00:00:00.134 . Memory (MB): peak = 1877.562 ; gain = 15.617
Wrote PulsedLatchDB: Time (s): cpu = 00:00:00 ; elapsed = 00:00:00 . Memory (MB): peak = 1877.562 ; gain = 0.000
Writing XDEF routing.
Writing XDEF routing logical nets.
Writing XDEF routing special nets.
Wrote RouteStorage: Time (s): cpu = 00:00:00 ; elapsed = 00:00:00.027 . Memory (MB): peak = 1877.562 ; gain = 0.000
Wrote Netlist Cache: Time (s): cpu = 00:00:00 ; elapsed = 00:00:00.004 . Memory (MB): peak = 1877.562 ; gain = 0.000
Wrote Device Cache: Time (s): cpu = 00:00:00 ; elapsed = 00:00:00.012 . Memory (MB): peak = 1877.562 ; gain = 0.000
Write Physdb Complete: Time (s): cpu = 00:00:01 ; elapsed = 00:00:00.188 . Memory (MB): peak = 1877.562 ; gain = 15.617
INFO: [Common 17-1381] The checkpoint 'X:/Git-Repos/CNC-FPGA/SD_Demo/SD_Demo.runs/impl_1/SD_System_wrapper_placed.dcp' has been generated.
Command: phys_opt_design
Attempting to get a license for feature 'Implementation' and/or device 'xc7z020'
INFO: [Common 17-349] Got license for feature 'Implementation' and/or device 'xc7z020'

Starting Initial Update Timing Task

Time (s): cpu = 00:00:01 ; elapsed = 00:00:00.218 . Memory (MB): peak = 1877.562 ; gain = 0.000
INFO: [Vivado_Tcl 4-2279] Estimated Timing Summary | WNS= 2.910 | TNS= 0.000 | 
INFO: [Vivado_Tcl 4-383] Design worst setup slack (WNS) is greater than or equal to 0.000 ns. All physical synthesis setup optimizations will be skipped.
INFO: [Vivado_Tcl 4-232] No setup violation found. The netlist was not modified.
INFO: [Common 17-83] Releasing license: Implementation
94 Infos, 0 Warnings, 0 Critical Warnings and 0 Errors encountered.
phys_opt_design completed successfully
INFO: [Timing 38-480] Writing timing data to binary archive.
Write ShapeDB Complete: Time (s): cpu = 00:00:00 ; elapsed = 00:00:00.016 . Memory (MB): peak = 1898.449 ; gain = 8.938
Wrote PlaceDB: Time (s): cpu = 00:00:00 ; elapsed = 00:00:00.147 . Memory (MB): peak = 1907.859 ; gain = 18.348
Wrote PulsedLatchDB: Time (s): cpu = 00:00:00 ; elapsed = 00:00:00 . Memory (MB): peak = 1907.859 ; gain = 0.000
Writing XDEF routing.
Writing XDEF routing logical nets.
Writing XDEF routing special nets.
Wrote RouteStorage: Time (s): cpu = 00:00:00 ; elapsed = 00:00:00.031 . Memory (MB): peak = 1907.859 ; gain = 0.000
Wrote Netlist Cache: Time (s): cpu = 00:00:01 ; elapsed = 00:00:00.005 . Memory (MB): peak = 1907.859 ; gain = 0.000
Wrote Device Cache: Time (s): cpu = 00:00:00 ; elapsed = 00:00:00.014 . Memory (MB): peak = 1907.859 ; gain = 0.000
Write Physdb Complete: Time (s): cpu = 00:00:01 ; elapsed = 00:00:00.207 . Memory (MB): peak = 1907.859 ; gain = 18.348
INFO: [Common 17-1381] The checkpoint 'X:/Git-Repos/CNC-FPGA/SD_Demo/SD_Demo.runs/impl_1/SD_System_wrapper_physopt.dcp' has been generated.
Command: route_design
Attempting to get a license for feature 'Implementation' and/or device 'xc7z020'
INFO: [Common 17-349] Got license for feature 'Implementation' and/or device 'xc7z020'


Starting Routing Task
INFO: [Route 35-254] Multithreading enabled for route_design using a maximum of 2 CPUs

Phase 1 Build RT Design
Checksum: PlaceDB: b51650ff ConstDB: 0 ShapeSum: 5d831ae5 RouteDB: 15f972f0
Post Restoration Checksum: NetGraph: df29586f | NumContArr: ee6dda1d | Constraints: c2a8fa9d | Timing: c2a8fa9d
Phase 1 Build RT Design | Checksum: 352e927c6

Time (s): cpu = 00:00:32 ; elapsed = 00:00:29 . Memory (MB): peak = 1987.625 ; gain = 79.766

Phase 2 Router Initialization

Phase 2.1 Fix Topology Constraints
Phase 2.1 Fix Topology Constraints | Checksum: 352e927c6

Time (s): cpu = 00:00:32 ; elapsed = 00:00:29 . Memory (MB): peak = 1987.625 ; gain = 79.766

Phase 2.2 Pre Route Cleanup
Phase 2.2 Pre Route Cleanup | Checksum: 352e927c6

Time (s): cpu = 00:00:32 ; elapsed = 00:00:29 . Memory (MB): peak = 1987.625 ; gain = 79.766
 Number of Nodes with overlaps = 0

Phase 2.3 Update Timing
Phase 2.3 Update Timing | Checksum: 1c37151b8

Time (s): cpu = 00:00:33 ; elapsed = 00:00:29 . Memory (MB): peak = 2028.473 ; gain = 120.613
INFO: [Route 35-416] Intermediate Timing Summary | WNS=2.895  | TNS=0.000  | WHS=-0.143 | THS=-35.131|


Router Utilization Summary
  Global Vertical Routing Utilization    = 0 %
  Global Horizontal Routing Utilization  = 0 %
  Routable Net Status*
  *Does not include unroutable nets such as driverless and loadless.
  Run report_route_status for detailed report.
  Number of Failed Nets               = 2387
    (Failed Nets is the sum of unrouted and partially routed nets)
  Number of Unrouted Nets             = 2387
  Number of Partially Routed Nets     = 0
  Number of Node Overlaps             = 0

Phase 2 Router Initialization | Checksum: 1dbf2a99b

Time (s): cpu = 00:00:33 ; elapsed = 00:00:30 . Memory (MB): peak = 2028.473 ; gain = 120.613

Phase 3 Global Routing
Phase 3 Global Routing | Checksum: 1dbf2a99b

Time (s): cpu = 00:00:33 ; elapsed = 00:00:30 . Memory (MB): peak = 2028.473 ; gain = 120.613

Phase 4 Initial Routing

Phase 4.1 Initial Net Routing Pass
Phase 4.1 Initial Net Routing Pass | Checksum: 1f45da731

Time (s): cpu = 00:00:34 ; elapsed = 00:00:30 . Memory (MB): peak = 2028.473 ; gain = 120.613
Phase 4 Initial Routing | Checksum: 1f45da731

Time (s): cpu = 00:00:34 ; elapsed = 00:00:30 . Memory (MB): peak = 2028.473 ; gain = 120.613

Phase 5 Rip-up And Reroute

Phase 5.1 Global Iteration 0
 Number of Nodes with overlaps = 167
 Number of Nodes with overlaps = 1
 Number of Nodes with overlaps = 0
INFO: [Route 35-416] Intermediate Timing Summary | WNS=3.432  | TNS=0.000  | WHS=N/A    | THS=N/A    |

Phase 5.1 Global Iteration 0 | Checksum: 1ce18aa7f

Time (s): cpu = 00:00:35 ; elapsed = 00:00:31 . Memory (MB): peak = 2028.473 ; gain = 120.613

Phase 5.2 Global Iteration 1
 Number of Nodes with overlaps = 2
 Number of Nodes with overlaps = 0
INFO: [Route 35-416] Intermediate Timing Summary | WNS=3.432  | TNS=0.000  | WHS=N/A    | THS=N/A    |

Phase 5.2 Global Iteration 1 | Checksum: 110619ed2

Time (s): cpu = 00:00:35 ; elapsed = 00:00:31 . Memory (MB): peak = 2028.473 ; gain = 120.613
Phase 5 Rip-up And Reroute | Checksum: 110619ed2

Time (s): cpu = 00:00:35 ; elapsed = 00:00:31 . Memory (MB): peak = 2028.473 ; gain = 120.613

Phase 6 Delay and Skew Optimization

Phase 6.1 Delay CleanUp
Phase 6.1 Delay CleanUp | Checksum: 110619ed2

Time (s): cpu = 00:00:35 ; elapsed = 00:00:31 . Memory (MB): peak = 2028.473 ; gain = 120.613

Phase 6.2 Clock Skew Optimization
Phase 6.2 Clock Skew Optimization | Checksum: 110619ed2

Time (s): cpu = 00:00:35 ; elapsed = 00:00:31 . Memory (MB): peak = 2028.473 ; gain = 120.613
Phase 6 Delay and Skew Optimization | Checksum: 110619ed2

Time (s): cpu = 00:00:35 ; elapsed = 00:00:31 . Memory (MB): peak = 2028.473 ; gain = 120.613

Phase 7 Post Hold Fix

Phase 7.1 Hold Fix Iter
INFO: [Route 35-416] Intermediate Timing Summary | WNS=3.547  | TNS=0.000  | WHS=0.068  | THS=0.000  |

Phase 7.1 Hold Fix Iter | Checksum: 1e1a81e82

Time (s): cpu = 00:00:35 ; elapsed = 00:00:31 . Memory (MB): peak = 2028.473 ; gain = 120.613
Phase 7 Post Hold Fix | Checksum: 1e1a81e82

Time (s): cpu = 00:00:35 ; elapsed = 00:00:31 . Memory (MB): peak = 2028.473 ; gain = 120.613

Phase 8 Route finalize

Router Utilization Summary
  Global Vertical Routing Utilization    = 0.249508 %
  Global Horizontal Routing Utilization  = 0.314486 %
  Routable Net Status*
  *Does not include unroutable nets such as driverless and loadless.
  Run report_route_status for detailed report.
  Number of Failed Nets               = 0
    (Failed Nets is the sum of unrouted and partially routed nets)
  Number of Unrouted Nets             = 0
  Number of Partially Routed Nets     = 0
  Number of Node Overlaps             = 0

Phase 8 Route finalize | Checksum: 1e1a81e82

Time (s): cpu = 00:00:35 ; elapsed = 00:00:31 . Memory (MB): peak = 2028.473 ; gain = 120.613

Phase 9 Verifying routed nets

 Verification completed successfully
Phase 9 Verifying routed nets | Checksum: 1e1a81e82

Time (s): cpu = 00:00:35 ; elapsed = 00:00:31 . Memory (MB): peak = 2028.473 ; gain = 120.613

Phase 10 Depositing Routes
Phase 10 Depositing Routes | Checksum: 28c90d2ea

Time (s): cpu = 00:00:35 ; elapsed = 00:00:31 . Memory (MB): peak = 2028.473 ; gain = 120.613

Phase 11 Post Process Routing
Phase 11 Post Process Routing | Checksum: 28c90d2ea

Time (s): cpu = 00:00:35 ; elapsed = 00:00:31 . Memory (MB): peak = 2028.473 ; gain = 120.613

Phase 12 Post Router Timing
INFO: [Route 35-57] Estimated Timing Summary | WNS=3.547  | TNS=0.000  | WHS=0.068  | THS=0.000  |

INFO: [Route 35-327] The final timing numbers are based on the router estimated timing analysis. For a complete and accurate timing signoff, please run report_timing_summary.
Phase 12 Post Router Timing | Checksum: 28c90d2ea

Time (s): cpu = 00:00:35 ; elapsed = 00:00:31 . Memory (MB): peak = 2028.473 ; gain = 120.613
Total Elapsed time in route_design: 31.071 secs

Phase 13 Post-Route Event Processing
Phase 13 Post-Route Event Processing | Checksum: 2125d760f

Time (s): cpu = 00:00:35 ; elapsed = 00:00:31 . Memory (MB): peak = 2028.473 ; gain = 120.613
INFO: [Route 35-16] Router Completed Successfully
Ending Routing Task | Checksum: 2125d760f

Time (s): cpu = 00:00:36 ; elapsed = 00:00:31 . Memory (MB): peak = 2028.473 ; gain = 120.613

Routing Is Done.
INFO: [Common 17-83] Releasing license: Implementation
106 Infos, 0 Warnings, 0 Critical Warnings and 0 Errors encountered.
route_design completed successfully
route_design: Time (s): cpu = 00:00:36 ; elapsed = 00:00:31 . Memory (MB): peak = 2028.473 ; gain = 120.613
INFO: [Vivado 12-24828] Executing command : report_drc -file SD_System_wrapper_drc_routed.rpt -pb SD_System_wrapper_drc_routed.pb -rpx SD_System_wrapper_drc_routed.rpx
Command: report_drc -file SD_System_wrapper_drc_routed.rpt -pb SD_System_wrapper_drc_routed.pb -rpx SD_System_wrapper_drc_routed.rpx
INFO: [IP_Flow 19-1839] IP Catalog is up to date.
INFO: [DRC 23-27] Running DRC with 2 threads
INFO: [Vivado_Tcl 2-168] The results of DRC are in file X:/Git-Repos/CNC-FPGA/SD_Demo/SD_Demo.runs/impl_1/SD_System_wrapper_drc_routed.rpt.
report_drc completed successfully
INFO: [Vivado 12-24828] Executing command : report_methodology -file SD_System_wrapper_methodology_drc_routed.rpt -pb SD_System_wrapper_methodology_drc_routed.pb -rpx SD_System_wrapper_methodology_drc_routed.rpx
Command: report_methodology -file SD_System_wrapper_methodology_drc_routed.rpt -pb SD_System_wrapper_methodology_drc_routed.pb -rpx SD_System_wrapper_methodology_drc_routed.rpx
INFO: [Timing 38-35] Done setting XDC timing constraints.
INFO: [DRC 23-133] Running Methodology with 2 threads
INFO: [Vivado_Tcl 2-1520] The results of Report Methodology are in file X:/Git-Repos/CNC-FPGA/SD_Demo/SD_Demo.runs/impl_1/SD_System_wrapper_methodology_drc_routed.rpt.
report_methodology completed successfully
INFO: [Vivado 12-24828] Executing command : report_timing_summary -max_paths 10 -report_unconstrained -file SD_System_wrapper_timing_summary_routed.rpt -pb SD_System_wrapper_timing_summary_routed.pb -rpx SD_System_wrapper_timing_summary_routed.rpx -warn_on_violation 
INFO: [Timing 38-35] Done setting XDC timing constraints.
INFO: [Timing 38-91] UpdateTimingParams: Speed grade: -1, Delay Type: min_max.
INFO: [Timing 38-191] Multithreading enabled for timing update using a maximum of 2 CPUs
INFO: [Vivado 12-24838] Running report commands "report_incremental_reuse, report_route_status" in parallel.
Running report generation with 2 threads.
INFO: [Vivado 12-24828] Executing command : report_incremental_reuse -file SD_System_wrapper_incremental_reuse_routed.rpt
INFO: [Vivado_Tcl 4-1062] Incremental flow is disabled. No incremental reuse Info to report.
INFO: [Vivado 12-24828] Executing command : report_route_status -file SD_System_wrapper_route_status.rpt -pb SD_System_wrapper_route_status.pb
INFO: [Vivado 12-24828] Executing command : report_power -file SD_System_wrapper_power_routed.rpt -pb SD_System_wrapper_power_summary_routed.pb -rpx SD_System_wrapper_power_routed.rpx
Command: report_power -file SD_System_wrapper_power_routed.rpt -pb SD_System_wrapper_power_summary_routed.pb -rpx SD_System_wrapper_power_routed.rpx
Running Vector-less Activity Propagation...

Finished Running Vector-less Activity Propagation
123 Infos, 0 Warnings, 0 Critical Warnings and 0 Errors encountered.
report_power completed successfully
INFO: [Vivado 12-24828] Executing command : report_clock_utilization -file SD_System_wrapper_clock_utilization_routed.rpt
INFO: [Vivado 12-24828] Executing command : report_bus_skew -warn_on_violation -file SD_System_wrapper_bus_skew_routed.rpt -pb SD_System_wrapper_bus_skew_routed.pb -rpx SD_System_wrapper_bus_skew_routed.rpx
INFO: [Timing 38-91] UpdateTimingParams: Speed grade: -1, Delay Type: min_max.
INFO: [Timing 38-191] Multithreading enabled for timing update using a maximum of 2 CPUs
generate_parallel_reports: Time (s): cpu = 00:00:16 ; elapsed = 00:00:09 . Memory (MB): peak = 2106.695 ; gain = 78.223
INFO: [Timing 38-480] Writing timing data to binary archive.
Write ShapeDB Complete: Time (s): cpu = 00:00:00 ; elapsed = 00:00:00.012 . Memory (MB): peak = 2107.641 ; gain = 0.945
Wrote PlaceDB: Time (s): cpu = 00:00:01 ; elapsed = 00:00:00.147 . Memory (MB): peak = 2123.492 ; gain = 16.797
Wrote PulsedLatchDB: Time (s): cpu = 00:00:00 ; elapsed = 00:00:00 . Memory (MB): peak = 2123.492 ; gain = 0.000
Writing XDEF routing.
Writing XDEF routing logical nets.
Writing XDEF routing special nets.
Wrote RouteStorage: Time (s): cpu = 00:00:00 ; elapsed = 00:00:00.048 . Memory (MB): peak = 2123.598 ; gain = 0.105
Wrote Netlist Cache: Time (s): cpu = 00:00:00 ; elapsed = 00:00:00.003 . Memory (MB): peak = 2123.598 ; gain = 0.000
Wrote Device Cache: Time (s): cpu = 00:00:00 ; elapsed = 00:00:00.017 . Memory (MB): peak = 2123.598 ; gain = 0.000
Write Physdb Complete: Time (s): cpu = 00:00:01 ; elapsed = 00:00:00.227 . Memory (MB): peak = 2123.598 ; gain = 16.902
INFO: [Common 17-1381] The checkpoint 'X:/Git-Repos/CNC-FPGA/SD_Demo/SD_Demo.runs/impl_1/SD_System_wrapper_routed.dcp' has been generated.
Command: write_bitstream -force SD_System_wrapper.bit
Attempting to get a license for feature 'Implementation' and/or device 'xc7z020'
INFO: [Common 17-349] Got license for feature 'Implementation' and/or device 'xc7z020'
Running DRC as a precondition to command write_bitstream
INFO: [IP_Flow 19-1839] IP Catalog is up to date.
INFO: [DRC 23-27] Running DRC with 2 threads
INFO: [Vivado 12-3199] DRC finished with 0 Errors
INFO: [Vivado 12-3200] Please refer to the DRC report (report_drc) for more information.
INFO: [Designutils 20-2272] Running write_bitstream with 2 threads.
Loading data files...
Loading site data...
Loading route data...
Processing options...
Creating bitmap...
Creating bitstream...
Writing bitstream ./SD_System_wrapper.bit...
INFO: [Vivado 12-1842] Bitgen Completed Successfully.
INFO: [Project 1-1876] WebTalk data collection is mandatory when using a ULT device. To see the specific WebTalk data collected for your design, open the usage_statistics_webtalk.html or usage_statistics_webtalk.xml file in the implementation directory.
INFO: [Common 17-83] Releasing license: Implementation
138 Infos, 0 Warnings, 0 Critical Warnings and 0 Errors encountered.
write_bitstream completed successfully
write_bitstream: Time (s): cpu = 00:00:19 ; elapsed = 00:00:14 . Memory (MB): peak = 2616.648 ; gain = 491.984
INFO: [Common 17-206] Exiting Vivado at Thu Dec 25 21:48:36 2025...
