#! /c/Source/iverilog-install/bin/vvp
:ivl_version "12.0 (devel)" "(s20150603-1539-g2693dd32b)";
:ivl_delay_selection "TYPICAL";
:vpi_time_precision - 12;
:vpi_module "C:\iverilog\lib\ivl\system.vpi";
:vpi_module "C:\iverilog\lib\ivl\vhdl_sys.vpi";
:vpi_module "C:\iverilog\lib\ivl\vhdl_textio.vpi";
:vpi_module "C:\iverilog\lib\ivl\v2005_math.vpi";
:vpi_module "C:\iverilog\lib\ivl\va_math.vpi";
:vpi_module "C:\iverilog\lib\ivl\v2009.vpi";
S_000001c32ed4bc40 .scope package, "$unit" "$unit" 2 1;
 .timescale 0 0;
S_000001c32ed53db0 .scope module, "GcodeFetcher_tb" "GcodeFetcher_tb" 3 3;
 .timescale -9 -12;
P_000001c32ed51d90 .param/l "MAX_LINE" 1 3 4, +C4<00000000000000000000001110001001>;
v000001c32edcd860_0 .var "clk", 0 0;
v000001c32edcce60_0 .net "cmd_last", 0 0, v000001c32ed53460_0;  1 drivers
v000001c32edccfa0_0 .net/s "cmd_pos_x", 31 0, v000001c32ed53500_0;  1 drivers
v000001c32edcd180_0 .net/s "cmd_pos_y", 31 0, v000001c32ed535a0_0;  1 drivers
v000001c32edcd2c0_0 .net/s "cmd_pos_z", 31 0, v000001c32ed53640_0;  1 drivers
v000001c32edcd900_0 .var "cmd_ready", 0 0;
v000001c32edcd220_0 .net "cmd_speed", 7 0, v000001c32ec33260_0;  1 drivers
v000001c32edcd040_0 .net "cmd_valid", 0 0, v000001c32ec333a0_0;  1 drivers
v000001c32edccc80_0 .var/i "errors", 31 0;
v000001c32edccf00_0 .var/i "idx", 31 0;
v000001c32edccd20 .array/s "ref_pos_x", 904 0, 20 0;
v000001c32edce550 .array/s "ref_pos_y", 904 0, 20 0;
v000001c32edcf130 .array/s "ref_pos_z", 904 0, 20 0;
v000001c32edce9b0 .array "ref_speed", 904 0, 15 0;
v000001c32edceff0_0 .var "rewind", 0 0;
v000001c32edce190_0 .var "rst", 0 0;
S_000001c32ed54850 .scope task, "accept_command" "accept_command" 3 65, 3 65 0, S_000001c32ed53db0;
 .timescale -9 -12;
E_000001c32ed52310 .event posedge, v000001c32ed533c0_0;
TD_GcodeFetcher_tb.accept_command ;
    %wait E_000001c32ed52310;
    %pushi/vec4 1, 0, 1;
    %assign/vec4 v000001c32edcd900_0, 0;
    %wait E_000001c32ed52310;
    %pushi/vec4 0, 0, 1;
    %assign/vec4 v000001c32edcd900_0, 0;
    %end;
S_000001c32ed549e0 .scope module, "dut" "GcodeFetcher" 3 26, 4 1 0, S_000001c32ed53db0;
 .timescale -9 -12;
    .port_info 0 /INPUT 1 "clk";
    .port_info 1 /INPUT 1 "rst";
    .port_info 2 /INPUT 1 "rewind";
    .port_info 3 /INPUT 1 "cmd_ready";
    .port_info 4 /OUTPUT 1 "cmd_valid";
    .port_info 5 /OUTPUT 1 "cmd_last";
    .port_info 6 /OUTPUT 8 "cmd_speed";
    .port_info 7 /OUTPUT 32 "cmd_pos_x";
    .port_info 8 /OUTPUT 32 "cmd_pos_y";
    .port_info 9 /OUTPUT 32 "cmd_pos_z";
P_000001c32ed51490 .param/l "MAX_LINE" 1 4 15, +C4<00000000000000000000001110001001>;
L_000001c32ed69630 .functor AND 1, v000001c32ec333a0_0, v000001c32edcd900_0, C4<1>, C4<1>;
v000001c32ed49310_0 .net *"_ivl_2", 31 0, L_000001c32edcf090;  1 drivers
L_000001c32ee10088 .functor BUFT 1, C4<0000000000000000>, C4<0>, C4<0>, C4<0>;
v000001c32ed76ef0_0 .net *"_ivl_5", 15 0, L_000001c32ee10088;  1 drivers
L_000001c32ee100d0 .functor BUFT 1, C4<00000000000000000000001110001000>, C4<0>, C4<0>, C4<0>;
v000001c32ed53f40_0 .net/2u *"_ivl_6", 31 0, L_000001c32ee100d0;  1 drivers
v000001c32ed533c0_0 .net "clk", 0 0, v000001c32edcd860_0;  1 drivers
v000001c32ed53460_0 .var "cmd_last", 0 0;
v000001c32ed53500_0 .var/s "cmd_pos_x", 31 0;
v000001c32ed535a0_0 .var/s "cmd_pos_y", 31 0;
v000001c32ed53640_0 .var/s "cmd_pos_z", 31 0;
v000001c32ec331c0_0 .net "cmd_ready", 0 0, v000001c32edcd900_0;  1 drivers
v000001c32ec33260_0 .var "cmd_speed", 7 0;
v000001c32ec33300_0 .net "cmd_transfer", 0 0, L_000001c32ed69630;  1 drivers
v000001c32ec333a0_0 .var "cmd_valid", 0 0;
v000001c32edcd360_0 .var "curr_line", 15 0;
v000001c32edcd400_0 .net "current_is_last", 0 0, L_000001c32edce730;  1 drivers
v000001c32edcd680 .array/s "pos_x", 904 0, 20 0;
v000001c32edccb40 .array/s "pos_y", 904 0, 20 0;
v000001c32edcd5e0 .array/s "pos_z", 904 0, 20 0;
v000001c32edcd4a0_0 .net "rewind", 0 0, v000001c32edceff0_0;  1 drivers
v000001c32edcd0e0_0 .net "rst", 0 0, v000001c32edce190_0;  1 drivers
v000001c32edcd540 .array "speed", 904 0, 15 0;
L_000001c32edcf090 .concat [ 16 16 0 0], v000001c32edcd360_0, L_000001c32ee10088;
L_000001c32edce730 .cmp/eq 32, L_000001c32edcf090, L_000001c32ee100d0;
S_000001c32edcda60 .scope task, "expect_done" "expect_done" 3 74, 3 74 0, S_000001c32ed53db0;
 .timescale -9 -12;
TD_GcodeFetcher_tb.expect_done ;
    %load/vec4 v000001c32edcd040_0;
    %cmpi/ne 0, 0, 1;
    %jmp/1 T_1.2, 6;
    %flag_mov 8, 6;
    %load/vec4 v000001c32edcce60_0;
    %cmpi/ne 0, 0, 1;
    %flag_or 6, 8;
T_1.2;
    %jmp/0xz  T_1.0, 6;
    %vpi_call/w 3 77 "$display", "FAIL: expected feeder done, got valid=%0b last=%0b speed=%0d x=%0d y=%0d z=%0d", v000001c32edcd040_0, v000001c32edcce60_0, v000001c32edcd220_0, v000001c32edccfa0_0, v000001c32edcd180_0, v000001c32edcd2c0_0 {0 0 0};
    %load/vec4 v000001c32edccc80_0;
    %addi 1, 0, 32;
    %store/vec4 v000001c32edccc80_0, 0, 32;
T_1.0 ;
    %end;
S_000001c32edcdbf0 .scope task, "expect_outputs" "expect_outputs" 3 41, 3 41 0, S_000001c32ed53db0;
 .timescale -9 -12;
v000001c32edccaa0_0 .var "exp_last", 0 0;
v000001c32edccdc0_0 .var "exp_speed", 7 0;
v000001c32edcd7c0_0 .var "exp_valid", 0 0;
v000001c32edcd9a0_0 .var/s "exp_x", 31 0;
v000001c32edccbe0_0 .var/s "exp_y", 31 0;
v000001c32edcd720_0 .var/s "exp_z", 31 0;
TD_GcodeFetcher_tb.expect_outputs ;
    %load/vec4 v000001c32edcd220_0;
    %load/vec4 v000001c32edccdc0_0;
    %cmp/ne;
    %jmp/1 T_2.9, 6;
    %flag_mov 8, 6;
    %load/vec4 v000001c32edccfa0_0;
    %load/vec4 v000001c32edcd9a0_0;
    %cmp/ne;
    %flag_or 6, 8;
T_2.9;
    %jmp/1 T_2.8, 6;
    %flag_mov 8, 6;
    %load/vec4 v000001c32edcd180_0;
    %load/vec4 v000001c32edccbe0_0;
    %cmp/ne;
    %flag_or 6, 8;
T_2.8;
    %jmp/1 T_2.7, 6;
    %flag_mov 8, 6;
    %load/vec4 v000001c32edcd2c0_0;
    %load/vec4 v000001c32edcd720_0;
    %cmp/ne;
    %flag_or 6, 8;
T_2.7;
    %jmp/1 T_2.6, 6;
    %flag_mov 8, 6;
    %load/vec4 v000001c32edcd040_0;
    %load/vec4 v000001c32edcd7c0_0;
    %cmp/ne;
    %flag_or 6, 8;
T_2.6;
    %jmp/1 T_2.5, 6;
    %flag_mov 8, 6;
    %load/vec4 v000001c32edcce60_0;
    %load/vec4 v000001c32edccaa0_0;
    %cmp/ne;
    %flag_or 6, 8;
T_2.5;
    %jmp/0xz  T_2.3, 6;
    %vpi_call/w 3 55 "$display", "FAIL: expected speed=%0d x=%0d y=%0d z=%0d valid=%0b last=%0b got speed=%0d x=%0d y=%0d z=%0d valid=%0b last=%0b", v000001c32edccdc0_0, v000001c32edcd9a0_0, v000001c32edccbe0_0, v000001c32edcd720_0, v000001c32edcd7c0_0, v000001c32edccaa0_0, v000001c32edcd220_0, v000001c32edccfa0_0, v000001c32edcd180_0, v000001c32edcd2c0_0, v000001c32edcd040_0, v000001c32edcce60_0 {0 0 0};
    %load/vec4 v000001c32edccc80_0;
    %addi 1, 0, 32;
    %store/vec4 v000001c32edccc80_0, 0, 32;
T_2.3 ;
    %end;
    .scope S_000001c32ed549e0;
T_3 ;
    %wait E_000001c32ed52310;
    %load/vec4 v000001c32edcd0e0_0;
    %flag_set/vec4 8;
    %jmp/1 T_3.2, 8;
    %load/vec4 v000001c32edcd4a0_0;
    %flag_set/vec4 9;
    %flag_or 8, 9;
T_3.2;
    %jmp/0xz  T_3.0, 8;
    %pushi/vec4 0, 0, 16;
    %assign/vec4 v000001c32edcd360_0, 0;
    %pushi/vec4 1, 0, 1;
    %assign/vec4 v000001c32ec333a0_0, 0;
    %pushi/vec4 0, 0, 1;
    %assign/vec4 v000001c32ed53460_0, 0;
    %ix/load 4, 0, 0;
    %flag_set/imm 4, 0;
    %load/vec4a v000001c32edcd540, 4;
    %pad/u 8;
    %assign/vec4 v000001c32ec33260_0, 0;
    %ix/load 4, 0, 0;
    %flag_set/imm 4, 0;
    %load/vec4a v000001c32edcd680, 4;
    %pad/s 32;
    %assign/vec4 v000001c32ed53500_0, 0;
    %ix/load 4, 0, 0;
    %flag_set/imm 4, 0;
    %load/vec4a v000001c32edccb40, 4;
    %pad/s 32;
    %assign/vec4 v000001c32ed535a0_0, 0;
    %ix/load 4, 0, 0;
    %flag_set/imm 4, 0;
    %load/vec4a v000001c32edcd5e0, 4;
    %pad/s 32;
    %assign/vec4 v000001c32ed53640_0, 0;
    %jmp T_3.1;
T_3.0 ;
    %load/vec4 v000001c32ec33300_0;
    %flag_set/vec4 8;
    %jmp/0xz  T_3.3, 8;
    %load/vec4 v000001c32edcd400_0;
    %flag_set/vec4 8;
    %jmp/0xz  T_3.5, 8;
    %pushi/vec4 0, 0, 1;
    %assign/vec4 v000001c32ec333a0_0, 0;
    %pushi/vec4 0, 0, 1;
    %assign/vec4 v000001c32ed53460_0, 0;
    %jmp T_3.6;
T_3.5 ;
    %load/vec4 v000001c32edcd360_0;
    %addi 1, 0, 16;
    %assign/vec4 v000001c32edcd360_0, 0;
    %pushi/vec4 1, 0, 1;
    %assign/vec4 v000001c32ec333a0_0, 0;
    %load/vec4 v000001c32edcd360_0;
    %pad/u 32;
    %addi 1, 0, 32;
    %pushi/vec4 904, 0, 32;
    %cmp/e;
    %flag_get/vec4 4;
    %assign/vec4 v000001c32ed53460_0, 0;
    %load/vec4 v000001c32edcd360_0;
    %pad/u 32;
    %addi 1, 0, 32;
    %ix/vec4 4;
    %load/vec4a v000001c32edcd540, 4;
    %pad/u 8;
    %assign/vec4 v000001c32ec33260_0, 0;
    %load/vec4 v000001c32edcd360_0;
    %pad/u 32;
    %addi 1, 0, 32;
    %ix/vec4 4;
    %load/vec4a v000001c32edcd680, 4;
    %pad/s 32;
    %assign/vec4 v000001c32ed53500_0, 0;
    %load/vec4 v000001c32edcd360_0;
    %pad/u 32;
    %addi 1, 0, 32;
    %ix/vec4 4;
    %load/vec4a v000001c32edccb40, 4;
    %pad/s 32;
    %assign/vec4 v000001c32ed535a0_0, 0;
    %load/vec4 v000001c32edcd360_0;
    %pad/u 32;
    %addi 1, 0, 32;
    %ix/vec4 4;
    %load/vec4a v000001c32edcd5e0, 4;
    %pad/s 32;
    %assign/vec4 v000001c32ed53640_0, 0;
T_3.6 ;
T_3.3 ;
T_3.1 ;
    %jmp T_3;
    .thread T_3;
    .scope S_000001c32ed549e0;
T_4 ;
    %vpi_call/w 4 59 "$readmemh", "E:/Git-Repos/CNC-FPGA/Hexfiles/kirby/pos_x.hex", v000001c32edcd680 {0 0 0};
    %vpi_call/w 4 60 "$readmemh", "E:/Git-Repos/CNC-FPGA/Hexfiles/kirby/pos_y.hex", v000001c32edccb40 {0 0 0};
    %vpi_call/w 4 61 "$readmemh", "E:/Git-Repos/CNC-FPGA/Hexfiles/kirby/pos_z.hex", v000001c32edcd5e0 {0 0 0};
    %vpi_call/w 4 62 "$readmemh", "E:/Git-Repos/CNC-FPGA/Hexfiles/kirby/speed.hex", v000001c32edcd540 {0 0 0};
    %end;
    .thread T_4;
    .scope S_000001c32ed53db0;
T_5 ;
    %delay 5000, 0;
    %load/vec4 v000001c32edcd860_0;
    %inv;
    %store/vec4 v000001c32edcd860_0, 0, 1;
    %jmp T_5;
    .thread T_5;
    .scope S_000001c32ed53db0;
T_6 ;
    %vpi_call/w 3 87 "$dumpfile", "outputs/GcodeFetcher_tb.vcd" {0 0 0};
    %vpi_call/w 3 88 "$dumpvars", 32'sb00000000000000000000000000000000, S_000001c32ed53db0 {0 0 0};
    %vpi_call/w 3 90 "$readmemh", "E:/Git-Repos/CNC-FPGA/Hexfiles/kirby/speed.hex", v000001c32edce9b0 {0 0 0};
    %vpi_call/w 3 91 "$readmemh", "E:/Git-Repos/CNC-FPGA/Hexfiles/kirby/pos_x.hex", v000001c32edccd20 {0 0 0};
    %vpi_call/w 3 92 "$readmemh", "E:/Git-Repos/CNC-FPGA/Hexfiles/kirby/pos_y.hex", v000001c32edce550 {0 0 0};
    %vpi_call/w 3 93 "$readmemh", "E:/Git-Repos/CNC-FPGA/Hexfiles/kirby/pos_z.hex", v000001c32edcf130 {0 0 0};
    %pushi/vec4 0, 0, 1;
    %store/vec4 v000001c32edcd860_0, 0, 1;
    %pushi/vec4 1, 0, 1;
    %store/vec4 v000001c32edce190_0, 0, 1;
    %pushi/vec4 0, 0, 1;
    %store/vec4 v000001c32edceff0_0, 0, 1;
    %pushi/vec4 0, 0, 1;
    %store/vec4 v000001c32edcd900_0, 0, 1;
    %pushi/vec4 0, 0, 32;
    %store/vec4 v000001c32edccc80_0, 0, 32;
    %pushi/vec4 2, 0, 32;
T_6.0 %dup/vec4;
    %pushi/vec4 0, 0, 32;
    %cmp/s;
    %jmp/1xz T_6.1, 5;
    %jmp/1 T_6.1, 4;
    %pushi/vec4 1, 0, 32;
    %sub;
    %wait E_000001c32ed52310;
    %jmp T_6.0;
T_6.1 ;
    %pop/vec4 1;
    %pushi/vec4 0, 0, 1;
    %store/vec4 v000001c32edce190_0, 0, 1;
    %wait E_000001c32ed52310;
    %pushi/vec4 3, 0, 32;
T_6.2 %dup/vec4;
    %pushi/vec4 0, 0, 32;
    %cmp/s;
    %jmp/1xz T_6.3, 5;
    %jmp/1 T_6.3, 4;
    %pushi/vec4 1, 0, 32;
    %sub;
    %wait E_000001c32ed52310;
    %jmp T_6.2;
T_6.3 ;
    %pop/vec4 1;
    %ix/load 4, 0, 0;
    %flag_set/imm 4, 0;
    %load/vec4a v000001c32edce9b0, 4;
    %parti/s 8, 0, 2;
    %store/vec4 v000001c32edccdc0_0, 0, 8;
    %ix/load 4, 0, 0;
    %flag_set/imm 4, 0;
    %load/vec4a v000001c32edccd20, 4;
    %pad/s 32;
    %store/vec4 v000001c32edcd9a0_0, 0, 32;
    %ix/load 4, 0, 0;
    %flag_set/imm 4, 0;
    %load/vec4a v000001c32edce550, 4;
    %pad/s 32;
    %store/vec4 v000001c32edccbe0_0, 0, 32;
    %ix/load 4, 0, 0;
    %flag_set/imm 4, 0;
    %load/vec4a v000001c32edcf130, 4;
    %pad/s 32;
    %store/vec4 v000001c32edcd720_0, 0, 32;
    %pushi/vec4 1, 0, 1;
    %store/vec4 v000001c32edcd7c0_0, 0, 1;
    %pushi/vec4 0, 0, 1;
    %store/vec4 v000001c32edccaa0_0, 0, 1;
    %fork TD_GcodeFetcher_tb.expect_outputs, S_000001c32edcdbf0;
    %join;
    %pushi/vec4 0, 0, 32;
    %store/vec4 v000001c32edccf00_0, 0, 32;
T_6.4 ;
    %load/vec4 v000001c32edccf00_0;
    %cmpi/s 905, 0, 32;
    %jmp/0xz T_6.5, 5;
    %ix/getv/s 4, v000001c32edccf00_0;
    %load/vec4a v000001c32edce9b0, 4;
    %parti/s 8, 0, 2;
    %store/vec4 v000001c32edccdc0_0, 0, 8;
    %ix/getv/s 4, v000001c32edccf00_0;
    %load/vec4a v000001c32edccd20, 4;
    %pad/s 32;
    %store/vec4 v000001c32edcd9a0_0, 0, 32;
    %ix/getv/s 4, v000001c32edccf00_0;
    %load/vec4a v000001c32edce550, 4;
    %pad/s 32;
    %store/vec4 v000001c32edccbe0_0, 0, 32;
    %ix/getv/s 4, v000001c32edccf00_0;
    %load/vec4a v000001c32edcf130, 4;
    %pad/s 32;
    %store/vec4 v000001c32edcd720_0, 0, 32;
    %pushi/vec4 1, 0, 1;
    %store/vec4 v000001c32edcd7c0_0, 0, 1;
    %load/vec4 v000001c32edccf00_0;
    %pushi/vec4 904, 0, 32;
    %cmp/e;
    %flag_get/vec4 4;
    %store/vec4 v000001c32edccaa0_0, 0, 1;
    %fork TD_GcodeFetcher_tb.expect_outputs, S_000001c32edcdbf0;
    %join;
    %fork TD_GcodeFetcher_tb.accept_command, S_000001c32ed54850;
    %join;
    %wait E_000001c32ed52310;
    %load/vec4 v000001c32edccf00_0;
    %cmpi/s 904, 0, 32;
    %jmp/0xz  T_6.6, 5;
    %load/vec4 v000001c32edccf00_0;
    %addi 1, 0, 32;
    %ix/vec4/s 4;
    %load/vec4a v000001c32edce9b0, 4;
    %parti/s 8, 0, 2;
    %store/vec4 v000001c32edccdc0_0, 0, 8;
    %load/vec4 v000001c32edccf00_0;
    %addi 1, 0, 32;
    %ix/vec4/s 4;
    %load/vec4a v000001c32edccd20, 4;
    %pad/s 32;
    %store/vec4 v000001c32edcd9a0_0, 0, 32;
    %load/vec4 v000001c32edccf00_0;
    %addi 1, 0, 32;
    %ix/vec4/s 4;
    %load/vec4a v000001c32edce550, 4;
    %pad/s 32;
    %store/vec4 v000001c32edccbe0_0, 0, 32;
    %load/vec4 v000001c32edccf00_0;
    %addi 1, 0, 32;
    %ix/vec4/s 4;
    %load/vec4a v000001c32edcf130, 4;
    %pad/s 32;
    %store/vec4 v000001c32edcd720_0, 0, 32;
    %pushi/vec4 1, 0, 1;
    %store/vec4 v000001c32edcd7c0_0, 0, 1;
    %load/vec4 v000001c32edccf00_0;
    %addi 1, 0, 32;
    %pushi/vec4 904, 0, 32;
    %cmp/e;
    %flag_get/vec4 4;
    %store/vec4 v000001c32edccaa0_0, 0, 1;
    %fork TD_GcodeFetcher_tb.expect_outputs, S_000001c32edcdbf0;
    %join;
T_6.6 ;
    %load/vec4 v000001c32edccf00_0;
    %addi 1, 0, 32;
    %store/vec4 v000001c32edccf00_0, 0, 32;
    %jmp T_6.4;
T_6.5 ;
    %fork TD_GcodeFetcher_tb.expect_done, S_000001c32edcda60;
    %join;
    %wait E_000001c32ed52310;
    %pushi/vec4 1, 0, 1;
    %assign/vec4 v000001c32edceff0_0, 0;
    %wait E_000001c32ed52310;
    %pushi/vec4 0, 0, 1;
    %assign/vec4 v000001c32edceff0_0, 0;
    %wait E_000001c32ed52310;
    %ix/load 4, 0, 0;
    %flag_set/imm 4, 0;
    %load/vec4a v000001c32edce9b0, 4;
    %parti/s 8, 0, 2;
    %store/vec4 v000001c32edccdc0_0, 0, 8;
    %ix/load 4, 0, 0;
    %flag_set/imm 4, 0;
    %load/vec4a v000001c32edccd20, 4;
    %pad/s 32;
    %store/vec4 v000001c32edcd9a0_0, 0, 32;
    %ix/load 4, 0, 0;
    %flag_set/imm 4, 0;
    %load/vec4a v000001c32edce550, 4;
    %pad/s 32;
    %store/vec4 v000001c32edccbe0_0, 0, 32;
    %ix/load 4, 0, 0;
    %flag_set/imm 4, 0;
    %load/vec4a v000001c32edcf130, 4;
    %pad/s 32;
    %store/vec4 v000001c32edcd720_0, 0, 32;
    %pushi/vec4 1, 0, 1;
    %store/vec4 v000001c32edcd7c0_0, 0, 1;
    %pushi/vec4 0, 0, 1;
    %store/vec4 v000001c32edccaa0_0, 0, 1;
    %fork TD_GcodeFetcher_tb.expect_outputs, S_000001c32edcdbf0;
    %join;
    %load/vec4 v000001c32edccc80_0;
    %cmpi/e 0, 0, 32;
    %jmp/0xz  T_6.8, 4;
    %vpi_call/w 3 157 "$display", "ALL TESTS PASSED" {0 0 0};
    %jmp T_6.9;
T_6.8 ;
    %vpi_call/w 3 159 "$display", "TESTS FAILED: %0d errors", v000001c32edccc80_0 {0 0 0};
T_6.9 ;
    %vpi_call/w 3 162 "$finish" {0 0 0};
    %end;
    .thread T_6;
# The file index is used to find the file name in the following table.
:file_names 5;
    "N/A";
    "<interactive>";
    "-";
    "E:\Git-Repos\CNC-FPGA\Verilog Library\tb\GcodeFetcher_tb.v";
    "E:\Git-Repos\CNC-FPGA\Verilog Library\src\GcodeFetcher.v";
