Copyright 1986-2022 Xilinx, Inc. All Rights Reserved. Copyright 2022-2024 Advanced Micro Devices, Inc. All Rights Reserved.
---------------------------------------------------------------------------------------------------------------------------------------------
| Tool Version : Vivado v.2024.2 (win64) Build 5239630 Fri Nov 08 22:35:27 MST 2024
| Date         : Mon Mar  9 15:37:35 2026
| Host         : OBSIDIAN running 64-bit major release  (build 9200)
| Command      : report_drc -file CNC_Top_wrapper_drc_opted.rpt -pb CNC_Top_wrapper_drc_opted.pb -rpx CNC_Top_wrapper_drc_opted.rpx
| Design       : CNC_Top_wrapper
| Device       : xc7z020clg484-1
| Speed File   : -1
| Design State : Synthesized
---------------------------------------------------------------------------------------------------------------------------------------------

Report DRC

Table of Contents
-----------------
1. REPORT SUMMARY
2. REPORT DETAILS

1. REPORT SUMMARY
-----------------
            Netlist: netlist
          Floorplan: design_1
      Design limits: <entire design considered>
           Ruledeck: default
             Max checks: <unlimited>
             Checks found: 85
+--------+----------+------------------------+--------+
| Rule   | Severity | Description            | Checks |
+--------+----------+------------------------+--------+
| DPIP-1 | Warning  | Input pipelining       | 41     |
| DPOP-1 | Warning  | PREG Output pipelining | 22     |
| DPOP-2 | Warning  | MREG Output pipelining | 22     |
+--------+----------+------------------------+--------+

2. REPORT DETAILS
-----------------
DPIP-1#1 Warning
Input pipelining  
DSP CNC_Top_i/XYZ_Axis_Coordinator_0/inst/cycles_per_step_x_result1 input CNC_Top_i/XYZ_Axis_Coordinator_0/inst/cycles_per_step_x_result1/A[29:0] is not pipelined. Pipelining DSP48 input will improve performance.
Related violations: <none>

DPIP-1#2 Warning
Input pipelining  
DSP CNC_Top_i/XYZ_Axis_Coordinator_0/inst/cycles_per_step_x_result1__0 input CNC_Top_i/XYZ_Axis_Coordinator_0/inst/cycles_per_step_x_result1__0/A[29:0] is not pipelined. Pipelining DSP48 input will improve performance.
Related violations: <none>

DPIP-1#3 Warning
Input pipelining  
DSP CNC_Top_i/XYZ_Axis_Coordinator_0/inst/cycles_per_step_x_result1__0 input CNC_Top_i/XYZ_Axis_Coordinator_0/inst/cycles_per_step_x_result1__0/C[47:0] is not pipelined. Pipelining DSP48 input will improve performance.
Related violations: <none>

DPIP-1#4 Warning
Input pipelining  
DSP CNC_Top_i/XYZ_Axis_Coordinator_0/inst/cycles_per_step_x_result1__2 input CNC_Top_i/XYZ_Axis_Coordinator_0/inst/cycles_per_step_x_result1__2/C[47:0] is not pipelined. Pipelining DSP48 input will improve performance.
Related violations: <none>

DPIP-1#5 Warning
Input pipelining  
DSP CNC_Top_i/XYZ_Axis_Coordinator_0/inst/cycles_per_step_y_result1 input CNC_Top_i/XYZ_Axis_Coordinator_0/inst/cycles_per_step_y_result1/A[29:0] is not pipelined. Pipelining DSP48 input will improve performance.
Related violations: <none>

DPIP-1#6 Warning
Input pipelining  
DSP CNC_Top_i/XYZ_Axis_Coordinator_0/inst/cycles_per_step_y_result1__0 input CNC_Top_i/XYZ_Axis_Coordinator_0/inst/cycles_per_step_y_result1__0/A[29:0] is not pipelined. Pipelining DSP48 input will improve performance.
Related violations: <none>

DPIP-1#7 Warning
Input pipelining  
DSP CNC_Top_i/XYZ_Axis_Coordinator_0/inst/cycles_per_step_y_result1__0 input CNC_Top_i/XYZ_Axis_Coordinator_0/inst/cycles_per_step_y_result1__0/C[47:0] is not pipelined. Pipelining DSP48 input will improve performance.
Related violations: <none>

DPIP-1#8 Warning
Input pipelining  
DSP CNC_Top_i/XYZ_Axis_Coordinator_0/inst/cycles_per_step_z_result1 input CNC_Top_i/XYZ_Axis_Coordinator_0/inst/cycles_per_step_z_result1/C[47:0] is not pipelined. Pipelining DSP48 input will improve performance.
Related violations: <none>

DPIP-1#9 Warning
Input pipelining  
DSP CNC_Top_i/XYZ_Axis_Coordinator_0/inst/cycles_per_step_z_result1__1 input CNC_Top_i/XYZ_Axis_Coordinator_0/inst/cycles_per_step_z_result1__1/A[29:0] is not pipelined. Pipelining DSP48 input will improve performance.
Related violations: <none>

DPIP-1#10 Warning
Input pipelining  
DSP CNC_Top_i/XYZ_Axis_Coordinator_0/inst/cycles_per_step_z_result1__1 input CNC_Top_i/XYZ_Axis_Coordinator_0/inst/cycles_per_step_z_result1__1/C[47:0] is not pipelined. Pipelining DSP48 input will improve performance.
Related violations: <none>

DPIP-1#11 Warning
Input pipelining  
DSP CNC_Top_i/XYZ_Axis_Coordinator_0/inst/cycles_per_step_z_result1__2 input CNC_Top_i/XYZ_Axis_Coordinator_0/inst/cycles_per_step_z_result1__2/A[29:0] is not pipelined. Pipelining DSP48 input will improve performance.
Related violations: <none>

DPIP-1#12 Warning
Input pipelining  
DSP CNC_Top_i/XYZ_Axis_Coordinator_0/inst/squared_distance0 input CNC_Top_i/XYZ_Axis_Coordinator_0/inst/squared_distance0/A[29:0] is not pipelined. Pipelining DSP48 input will improve performance.
Related violations: <none>

DPIP-1#13 Warning
Input pipelining  
DSP CNC_Top_i/XYZ_Axis_Coordinator_0/inst/squared_distance0 input CNC_Top_i/XYZ_Axis_Coordinator_0/inst/squared_distance0/B[17:0] is not pipelined. Pipelining DSP48 input will improve performance.
Related violations: <none>

DPIP-1#14 Warning
Input pipelining  
DSP CNC_Top_i/XYZ_Axis_Coordinator_0/inst/squared_distance0 input CNC_Top_i/XYZ_Axis_Coordinator_0/inst/squared_distance0/C[47:0] is not pipelined. Pipelining DSP48 input will improve performance.
Related violations: <none>

DPIP-1#15 Warning
Input pipelining  
DSP CNC_Top_i/XYZ_Axis_Coordinator_0/inst/squared_distance0__0 input CNC_Top_i/XYZ_Axis_Coordinator_0/inst/squared_distance0__0/A[29:0] is not pipelined. Pipelining DSP48 input will improve performance.
Related violations: <none>

DPIP-1#16 Warning
Input pipelining  
DSP CNC_Top_i/XYZ_Axis_Coordinator_0/inst/squared_distance0__0 input CNC_Top_i/XYZ_Axis_Coordinator_0/inst/squared_distance0__0/B[17:0] is not pipelined. Pipelining DSP48 input will improve performance.
Related violations: <none>

DPIP-1#17 Warning
Input pipelining  
DSP CNC_Top_i/XYZ_Axis_Coordinator_0/inst/squared_distance0__1 input CNC_Top_i/XYZ_Axis_Coordinator_0/inst/squared_distance0__1/A[29:0] is not pipelined. Pipelining DSP48 input will improve performance.
Related violations: <none>

DPIP-1#18 Warning
Input pipelining  
DSP CNC_Top_i/XYZ_Axis_Coordinator_0/inst/squared_distance0__1 input CNC_Top_i/XYZ_Axis_Coordinator_0/inst/squared_distance0__1/B[17:0] is not pipelined. Pipelining DSP48 input will improve performance.
Related violations: <none>

DPIP-1#19 Warning
Input pipelining  
DSP CNC_Top_i/XYZ_Axis_Coordinator_0/inst/squared_distance0__2 input CNC_Top_i/XYZ_Axis_Coordinator_0/inst/squared_distance0__2/A[29:0] is not pipelined. Pipelining DSP48 input will improve performance.
Related violations: <none>

DPIP-1#20 Warning
Input pipelining  
DSP CNC_Top_i/XYZ_Axis_Coordinator_0/inst/squared_distance0__2 input CNC_Top_i/XYZ_Axis_Coordinator_0/inst/squared_distance0__2/B[17:0] is not pipelined. Pipelining DSP48 input will improve performance.
Related violations: <none>

DPIP-1#21 Warning
Input pipelining  
DSP CNC_Top_i/XYZ_Axis_Coordinator_0/inst/squared_distance0__2 input CNC_Top_i/XYZ_Axis_Coordinator_0/inst/squared_distance0__2/C[47:0] is not pipelined. Pipelining DSP48 input will improve performance.
Related violations: <none>

DPIP-1#22 Warning
Input pipelining  
DSP CNC_Top_i/XYZ_Axis_Coordinator_0/inst/squared_distance1 input CNC_Top_i/XYZ_Axis_Coordinator_0/inst/squared_distance1/A[29:0] is not pipelined. Pipelining DSP48 input will improve performance.
Related violations: <none>

DPIP-1#23 Warning
Input pipelining  
DSP CNC_Top_i/XYZ_Axis_Coordinator_0/inst/squared_distance1 input CNC_Top_i/XYZ_Axis_Coordinator_0/inst/squared_distance1/B[17:0] is not pipelined. Pipelining DSP48 input will improve performance.
Related violations: <none>

DPIP-1#24 Warning
Input pipelining  
DSP CNC_Top_i/XYZ_Axis_Coordinator_0/inst/squared_distance1__0 input CNC_Top_i/XYZ_Axis_Coordinator_0/inst/squared_distance1__0/A[29:0] is not pipelined. Pipelining DSP48 input will improve performance.
Related violations: <none>

DPIP-1#25 Warning
Input pipelining  
DSP CNC_Top_i/XYZ_Axis_Coordinator_0/inst/squared_distance1__0 input CNC_Top_i/XYZ_Axis_Coordinator_0/inst/squared_distance1__0/B[17:0] is not pipelined. Pipelining DSP48 input will improve performance.
Related violations: <none>

DPIP-1#26 Warning
Input pipelining  
DSP CNC_Top_i/XYZ_Axis_Coordinator_0/inst/squared_distance1__0 input CNC_Top_i/XYZ_Axis_Coordinator_0/inst/squared_distance1__0/C[47:0] is not pipelined. Pipelining DSP48 input will improve performance.
Related violations: <none>

DPIP-1#27 Warning
Input pipelining  
DSP CNC_Top_i/XYZ_Axis_Coordinator_0/inst/squared_distance1__1 input CNC_Top_i/XYZ_Axis_Coordinator_0/inst/squared_distance1__1/A[29:0] is not pipelined. Pipelining DSP48 input will improve performance.
Related violations: <none>

DPIP-1#28 Warning
Input pipelining  
DSP CNC_Top_i/XYZ_Axis_Coordinator_0/inst/squared_distance1__1 input CNC_Top_i/XYZ_Axis_Coordinator_0/inst/squared_distance1__1/B[17:0] is not pipelined. Pipelining DSP48 input will improve performance.
Related violations: <none>

DPIP-1#29 Warning
Input pipelining  
DSP CNC_Top_i/XYZ_Axis_Coordinator_0/inst/squared_distance1__2 input CNC_Top_i/XYZ_Axis_Coordinator_0/inst/squared_distance1__2/A[29:0] is not pipelined. Pipelining DSP48 input will improve performance.
Related violations: <none>

DPIP-1#30 Warning
Input pipelining  
DSP CNC_Top_i/XYZ_Axis_Coordinator_0/inst/squared_distance1__2 input CNC_Top_i/XYZ_Axis_Coordinator_0/inst/squared_distance1__2/B[17:0] is not pipelined. Pipelining DSP48 input will improve performance.
Related violations: <none>

DPIP-1#31 Warning
Input pipelining  
DSP CNC_Top_i/XYZ_Axis_Coordinator_0/inst/squared_distance1__2 input CNC_Top_i/XYZ_Axis_Coordinator_0/inst/squared_distance1__2/C[47:0] is not pipelined. Pipelining DSP48 input will improve performance.
Related violations: <none>

DPIP-1#32 Warning
Input pipelining  
DSP CNC_Top_i/XYZ_Axis_Coordinator_0/inst/squared_distance1__3 input CNC_Top_i/XYZ_Axis_Coordinator_0/inst/squared_distance1__3/A[29:0] is not pipelined. Pipelining DSP48 input will improve performance.
Related violations: <none>

DPIP-1#33 Warning
Input pipelining  
DSP CNC_Top_i/XYZ_Axis_Coordinator_0/inst/squared_distance1__3 input CNC_Top_i/XYZ_Axis_Coordinator_0/inst/squared_distance1__3/B[17:0] is not pipelined. Pipelining DSP48 input will improve performance.
Related violations: <none>

DPIP-1#34 Warning
Input pipelining  
DSP CNC_Top_i/XYZ_Axis_Coordinator_0/inst/squared_distance1__3 input CNC_Top_i/XYZ_Axis_Coordinator_0/inst/squared_distance1__3/C[47:0] is not pipelined. Pipelining DSP48 input will improve performance.
Related violations: <none>

DPIP-1#35 Warning
Input pipelining  
DSP CNC_Top_i/XYZ_Axis_Coordinator_0/inst/squared_distance1__4 input CNC_Top_i/XYZ_Axis_Coordinator_0/inst/squared_distance1__4/A[29:0] is not pipelined. Pipelining DSP48 input will improve performance.
Related violations: <none>

DPIP-1#36 Warning
Input pipelining  
DSP CNC_Top_i/XYZ_Axis_Coordinator_0/inst/squared_distance1__4 input CNC_Top_i/XYZ_Axis_Coordinator_0/inst/squared_distance1__4/B[17:0] is not pipelined. Pipelining DSP48 input will improve performance.
Related violations: <none>

DPIP-1#37 Warning
Input pipelining  
DSP CNC_Top_i/XYZ_Axis_Coordinator_0/inst/squared_distance1__5 input CNC_Top_i/XYZ_Axis_Coordinator_0/inst/squared_distance1__5/A[29:0] is not pipelined. Pipelining DSP48 input will improve performance.
Related violations: <none>

DPIP-1#38 Warning
Input pipelining  
DSP CNC_Top_i/XYZ_Axis_Coordinator_0/inst/squared_distance1__5 input CNC_Top_i/XYZ_Axis_Coordinator_0/inst/squared_distance1__5/B[17:0] is not pipelined. Pipelining DSP48 input will improve performance.
Related violations: <none>

DPIP-1#39 Warning
Input pipelining  
DSP CNC_Top_i/XYZ_Axis_Coordinator_0/inst/squared_distance1__5 input CNC_Top_i/XYZ_Axis_Coordinator_0/inst/squared_distance1__5/C[47:0] is not pipelined. Pipelining DSP48 input will improve performance.
Related violations: <none>

DPIP-1#40 Warning
Input pipelining  
DSP CNC_Top_i/XYZ_Axis_Coordinator_0/inst/squared_distance1__6 input CNC_Top_i/XYZ_Axis_Coordinator_0/inst/squared_distance1__6/A[29:0] is not pipelined. Pipelining DSP48 input will improve performance.
Related violations: <none>

DPIP-1#41 Warning
Input pipelining  
DSP CNC_Top_i/XYZ_Axis_Coordinator_0/inst/squared_distance1__6 input CNC_Top_i/XYZ_Axis_Coordinator_0/inst/squared_distance1__6/B[17:0] is not pipelined. Pipelining DSP48 input will improve performance.
Related violations: <none>

DPOP-1#1 Warning
PREG Output pipelining  
DSP CNC_Top_i/XYZ_Axis_Coordinator_0/inst/cycles_per_step_x_result1 output CNC_Top_i/XYZ_Axis_Coordinator_0/inst/cycles_per_step_x_result1/P[47:0] is not pipelined (PREG=0). Pipelining the DSP48 output will improve performance and often saves power so it is suggested whenever possible to fully pipeline this function.  If this DSP48 function was inferred, it is suggested to describe an additional register stage after this function.  If the DSP48 was instantiated in the design, it is suggested to set the PREG attribute to 1.
Related violations: <none>

DPOP-1#2 Warning
PREG Output pipelining  
DSP CNC_Top_i/XYZ_Axis_Coordinator_0/inst/cycles_per_step_x_result1__0 output CNC_Top_i/XYZ_Axis_Coordinator_0/inst/cycles_per_step_x_result1__0/P[47:0] is not pipelined (PREG=0). Pipelining the DSP48 output will improve performance and often saves power so it is suggested whenever possible to fully pipeline this function.  If this DSP48 function was inferred, it is suggested to describe an additional register stage after this function.  If the DSP48 was instantiated in the design, it is suggested to set the PREG attribute to 1.
Related violations: <none>

DPOP-1#3 Warning
PREG Output pipelining  
DSP CNC_Top_i/XYZ_Axis_Coordinator_0/inst/cycles_per_step_x_result1__1 output CNC_Top_i/XYZ_Axis_Coordinator_0/inst/cycles_per_step_x_result1__1/P[47:0] is not pipelined (PREG=0). Pipelining the DSP48 output will improve performance and often saves power so it is suggested whenever possible to fully pipeline this function.  If this DSP48 function was inferred, it is suggested to describe an additional register stage after this function.  If the DSP48 was instantiated in the design, it is suggested to set the PREG attribute to 1.
Related violations: <none>

DPOP-1#4 Warning
PREG Output pipelining  
DSP CNC_Top_i/XYZ_Axis_Coordinator_0/inst/cycles_per_step_x_result1__2 output CNC_Top_i/XYZ_Axis_Coordinator_0/inst/cycles_per_step_x_result1__2/P[47:0] is not pipelined (PREG=0). Pipelining the DSP48 output will improve performance and often saves power so it is suggested whenever possible to fully pipeline this function.  If this DSP48 function was inferred, it is suggested to describe an additional register stage after this function.  If the DSP48 was instantiated in the design, it is suggested to set the PREG attribute to 1.
Related violations: <none>

DPOP-1#5 Warning
PREG Output pipelining  
DSP CNC_Top_i/XYZ_Axis_Coordinator_0/inst/cycles_per_step_y_result1 output CNC_Top_i/XYZ_Axis_Coordinator_0/inst/cycles_per_step_y_result1/P[47:0] is not pipelined (PREG=0). Pipelining the DSP48 output will improve performance and often saves power so it is suggested whenever possible to fully pipeline this function.  If this DSP48 function was inferred, it is suggested to describe an additional register stage after this function.  If the DSP48 was instantiated in the design, it is suggested to set the PREG attribute to 1.
Related violations: <none>

DPOP-1#6 Warning
PREG Output pipelining  
DSP CNC_Top_i/XYZ_Axis_Coordinator_0/inst/cycles_per_step_y_result1__0 output CNC_Top_i/XYZ_Axis_Coordinator_0/inst/cycles_per_step_y_result1__0/P[47:0] is not pipelined (PREG=0). Pipelining the DSP48 output will improve performance and often saves power so it is suggested whenever possible to fully pipeline this function.  If this DSP48 function was inferred, it is suggested to describe an additional register stage after this function.  If the DSP48 was instantiated in the design, it is suggested to set the PREG attribute to 1.
Related violations: <none>

DPOP-1#7 Warning
PREG Output pipelining  
DSP CNC_Top_i/XYZ_Axis_Coordinator_0/inst/cycles_per_step_z_result1 output CNC_Top_i/XYZ_Axis_Coordinator_0/inst/cycles_per_step_z_result1/P[47:0] is not pipelined (PREG=0). Pipelining the DSP48 output will improve performance and often saves power so it is suggested whenever possible to fully pipeline this function.  If this DSP48 function was inferred, it is suggested to describe an additional register stage after this function.  If the DSP48 was instantiated in the design, it is suggested to set the PREG attribute to 1.
Related violations: <none>

DPOP-1#8 Warning
PREG Output pipelining  
DSP CNC_Top_i/XYZ_Axis_Coordinator_0/inst/cycles_per_step_z_result1__0 output CNC_Top_i/XYZ_Axis_Coordinator_0/inst/cycles_per_step_z_result1__0/P[47:0] is not pipelined (PREG=0). Pipelining the DSP48 output will improve performance and often saves power so it is suggested whenever possible to fully pipeline this function.  If this DSP48 function was inferred, it is suggested to describe an additional register stage after this function.  If the DSP48 was instantiated in the design, it is suggested to set the PREG attribute to 1.
Related violations: <none>

DPOP-1#9 Warning
PREG Output pipelining  
DSP CNC_Top_i/XYZ_Axis_Coordinator_0/inst/cycles_per_step_z_result1__1 output CNC_Top_i/XYZ_Axis_Coordinator_0/inst/cycles_per_step_z_result1__1/P[47:0] is not pipelined (PREG=0). Pipelining the DSP48 output will improve performance and often saves power so it is suggested whenever possible to fully pipeline this function.  If this DSP48 function was inferred, it is suggested to describe an additional register stage after this function.  If the DSP48 was instantiated in the design, it is suggested to set the PREG attribute to 1.
Related violations: <none>

DPOP-1#10 Warning
PREG Output pipelining  
DSP CNC_Top_i/XYZ_Axis_Coordinator_0/inst/cycles_per_step_z_result1__2 output CNC_Top_i/XYZ_Axis_Coordinator_0/inst/cycles_per_step_z_result1__2/P[47:0] is not pipelined (PREG=0). Pipelining the DSP48 output will improve performance and often saves power so it is suggested whenever possible to fully pipeline this function.  If this DSP48 function was inferred, it is suggested to describe an additional register stage after this function.  If the DSP48 was instantiated in the design, it is suggested to set the PREG attribute to 1.
Related violations: <none>

DPOP-1#11 Warning
PREG Output pipelining  
DSP CNC_Top_i/XYZ_Axis_Coordinator_0/inst/squared_distance0 output CNC_Top_i/XYZ_Axis_Coordinator_0/inst/squared_distance0/P[47:0] is not pipelined (PREG=0). Pipelining the DSP48 output will improve performance and often saves power so it is suggested whenever possible to fully pipeline this function.  If this DSP48 function was inferred, it is suggested to describe an additional register stage after this function.  If the DSP48 was instantiated in the design, it is suggested to set the PREG attribute to 1.
Related violations: <none>

DPOP-1#12 Warning
PREG Output pipelining  
DSP CNC_Top_i/XYZ_Axis_Coordinator_0/inst/squared_distance0__0 output CNC_Top_i/XYZ_Axis_Coordinator_0/inst/squared_distance0__0/P[47:0] is not pipelined (PREG=0). Pipelining the DSP48 output will improve performance and often saves power so it is suggested whenever possible to fully pipeline this function.  If this DSP48 function was inferred, it is suggested to describe an additional register stage after this function.  If the DSP48 was instantiated in the design, it is suggested to set the PREG attribute to 1.
Related violations: <none>

DPOP-1#13 Warning
PREG Output pipelining  
DSP CNC_Top_i/XYZ_Axis_Coordinator_0/inst/squared_distance0__1 output CNC_Top_i/XYZ_Axis_Coordinator_0/inst/squared_distance0__1/P[47:0] is not pipelined (PREG=0). Pipelining the DSP48 output will improve performance and often saves power so it is suggested whenever possible to fully pipeline this function.  If this DSP48 function was inferred, it is suggested to describe an additional register stage after this function.  If the DSP48 was instantiated in the design, it is suggested to set the PREG attribute to 1.
Related violations: <none>

DPOP-1#14 Warning
PREG Output pipelining  
DSP CNC_Top_i/XYZ_Axis_Coordinator_0/inst/squared_distance0__2 output CNC_Top_i/XYZ_Axis_Coordinator_0/inst/squared_distance0__2/P[47:0] is not pipelined (PREG=0). Pipelining the DSP48 output will improve performance and often saves power so it is suggested whenever possible to fully pipeline this function.  If this DSP48 function was inferred, it is suggested to describe an additional register stage after this function.  If the DSP48 was instantiated in the design, it is suggested to set the PREG attribute to 1.
Related violations: <none>

DPOP-1#15 Warning
PREG Output pipelining  
DSP CNC_Top_i/XYZ_Axis_Coordinator_0/inst/squared_distance1 output CNC_Top_i/XYZ_Axis_Coordinator_0/inst/squared_distance1/P[47:0] is not pipelined (PREG=0). Pipelining the DSP48 output will improve performance and often saves power so it is suggested whenever possible to fully pipeline this function.  If this DSP48 function was inferred, it is suggested to describe an additional register stage after this function.  If the DSP48 was instantiated in the design, it is suggested to set the PREG attribute to 1.
Related violations: <none>

DPOP-1#16 Warning
PREG Output pipelining  
DSP CNC_Top_i/XYZ_Axis_Coordinator_0/inst/squared_distance1__0 output CNC_Top_i/XYZ_Axis_Coordinator_0/inst/squared_distance1__0/P[47:0] is not pipelined (PREG=0). Pipelining the DSP48 output will improve performance and often saves power so it is suggested whenever possible to fully pipeline this function.  If this DSP48 function was inferred, it is suggested to describe an additional register stage after this function.  If the DSP48 was instantiated in the design, it is suggested to set the PREG attribute to 1.
Related violations: <none>

DPOP-1#17 Warning
PREG Output pipelining  
DSP CNC_Top_i/XYZ_Axis_Coordinator_0/inst/squared_distance1__1 output CNC_Top_i/XYZ_Axis_Coordinator_0/inst/squared_distance1__1/P[47:0] is not pipelined (PREG=0). Pipelining the DSP48 output will improve performance and often saves power so it is suggested whenever possible to fully pipeline this function.  If this DSP48 function was inferred, it is suggested to describe an additional register stage after this function.  If the DSP48 was instantiated in the design, it is suggested to set the PREG attribute to 1.
Related violations: <none>

DPOP-1#18 Warning
PREG Output pipelining  
DSP CNC_Top_i/XYZ_Axis_Coordinator_0/inst/squared_distance1__2 output CNC_Top_i/XYZ_Axis_Coordinator_0/inst/squared_distance1__2/P[47:0] is not pipelined (PREG=0). Pipelining the DSP48 output will improve performance and often saves power so it is suggested whenever possible to fully pipeline this function.  If this DSP48 function was inferred, it is suggested to describe an additional register stage after this function.  If the DSP48 was instantiated in the design, it is suggested to set the PREG attribute to 1.
Related violations: <none>

DPOP-1#19 Warning
PREG Output pipelining  
DSP CNC_Top_i/XYZ_Axis_Coordinator_0/inst/squared_distance1__3 output CNC_Top_i/XYZ_Axis_Coordinator_0/inst/squared_distance1__3/P[47:0] is not pipelined (PREG=0). Pipelining the DSP48 output will improve performance and often saves power so it is suggested whenever possible to fully pipeline this function.  If this DSP48 function was inferred, it is suggested to describe an additional register stage after this function.  If the DSP48 was instantiated in the design, it is suggested to set the PREG attribute to 1.
Related violations: <none>

DPOP-1#20 Warning
PREG Output pipelining  
DSP CNC_Top_i/XYZ_Axis_Coordinator_0/inst/squared_distance1__4 output CNC_Top_i/XYZ_Axis_Coordinator_0/inst/squared_distance1__4/P[47:0] is not pipelined (PREG=0). Pipelining the DSP48 output will improve performance and often saves power so it is suggested whenever possible to fully pipeline this function.  If this DSP48 function was inferred, it is suggested to describe an additional register stage after this function.  If the DSP48 was instantiated in the design, it is suggested to set the PREG attribute to 1.
Related violations: <none>

DPOP-1#21 Warning
PREG Output pipelining  
DSP CNC_Top_i/XYZ_Axis_Coordinator_0/inst/squared_distance1__5 output CNC_Top_i/XYZ_Axis_Coordinator_0/inst/squared_distance1__5/P[47:0] is not pipelined (PREG=0). Pipelining the DSP48 output will improve performance and often saves power so it is suggested whenever possible to fully pipeline this function.  If this DSP48 function was inferred, it is suggested to describe an additional register stage after this function.  If the DSP48 was instantiated in the design, it is suggested to set the PREG attribute to 1.
Related violations: <none>

DPOP-1#22 Warning
PREG Output pipelining  
DSP CNC_Top_i/XYZ_Axis_Coordinator_0/inst/squared_distance1__6 output CNC_Top_i/XYZ_Axis_Coordinator_0/inst/squared_distance1__6/P[47:0] is not pipelined (PREG=0). Pipelining the DSP48 output will improve performance and often saves power so it is suggested whenever possible to fully pipeline this function.  If this DSP48 function was inferred, it is suggested to describe an additional register stage after this function.  If the DSP48 was instantiated in the design, it is suggested to set the PREG attribute to 1.
Related violations: <none>

DPOP-2#1 Warning
MREG Output pipelining  
DSP CNC_Top_i/XYZ_Axis_Coordinator_0/inst/cycles_per_step_x_result1 multiplier stage CNC_Top_i/XYZ_Axis_Coordinator_0/inst/cycles_per_step_x_result1/P[47:0] is not pipelined (MREG=0). Pipelining the multiplier function will improve performance and will save significant power so it is suggested whenever possible to fully pipeline this function.  If this multiplier was inferred, it is suggested to describe an additional register stage after this function.  If there is no registered adder/accumulator following the multiply function, two pipeline stages are suggested to allow both the MREG and PREG registers to be used.  If the DSP48 was instantiated in the design, it is suggested to set both the MREG and PREG attributes to 1 when performing multiply functions.
Related violations: <none>

DPOP-2#2 Warning
MREG Output pipelining  
DSP CNC_Top_i/XYZ_Axis_Coordinator_0/inst/cycles_per_step_x_result1__0 multiplier stage CNC_Top_i/XYZ_Axis_Coordinator_0/inst/cycles_per_step_x_result1__0/P[47:0] is not pipelined (MREG=0). Pipelining the multiplier function will improve performance and will save significant power so it is suggested whenever possible to fully pipeline this function.  If this multiplier was inferred, it is suggested to describe an additional register stage after this function.  If there is no registered adder/accumulator following the multiply function, two pipeline stages are suggested to allow both the MREG and PREG registers to be used.  If the DSP48 was instantiated in the design, it is suggested to set both the MREG and PREG attributes to 1 when performing multiply functions.
Related violations: <none>

DPOP-2#3 Warning
MREG Output pipelining  
DSP CNC_Top_i/XYZ_Axis_Coordinator_0/inst/cycles_per_step_x_result1__1 multiplier stage CNC_Top_i/XYZ_Axis_Coordinator_0/inst/cycles_per_step_x_result1__1/P[47:0] is not pipelined (MREG=0). Pipelining the multiplier function will improve performance and will save significant power so it is suggested whenever possible to fully pipeline this function.  If this multiplier was inferred, it is suggested to describe an additional register stage after this function.  If there is no registered adder/accumulator following the multiply function, two pipeline stages are suggested to allow both the MREG and PREG registers to be used.  If the DSP48 was instantiated in the design, it is suggested to set both the MREG and PREG attributes to 1 when performing multiply functions.
Related violations: <none>

DPOP-2#4 Warning
MREG Output pipelining  
DSP CNC_Top_i/XYZ_Axis_Coordinator_0/inst/cycles_per_step_x_result1__2 multiplier stage CNC_Top_i/XYZ_Axis_Coordinator_0/inst/cycles_per_step_x_result1__2/P[47:0] is not pipelined (MREG=0). Pipelining the multiplier function will improve performance and will save significant power so it is suggested whenever possible to fully pipeline this function.  If this multiplier was inferred, it is suggested to describe an additional register stage after this function.  If there is no registered adder/accumulator following the multiply function, two pipeline stages are suggested to allow both the MREG and PREG registers to be used.  If the DSP48 was instantiated in the design, it is suggested to set both the MREG and PREG attributes to 1 when performing multiply functions.
Related violations: <none>

DPOP-2#5 Warning
MREG Output pipelining  
DSP CNC_Top_i/XYZ_Axis_Coordinator_0/inst/cycles_per_step_y_result1 multiplier stage CNC_Top_i/XYZ_Axis_Coordinator_0/inst/cycles_per_step_y_result1/P[47:0] is not pipelined (MREG=0). Pipelining the multiplier function will improve performance and will save significant power so it is suggested whenever possible to fully pipeline this function.  If this multiplier was inferred, it is suggested to describe an additional register stage after this function.  If there is no registered adder/accumulator following the multiply function, two pipeline stages are suggested to allow both the MREG and PREG registers to be used.  If the DSP48 was instantiated in the design, it is suggested to set both the MREG and PREG attributes to 1 when performing multiply functions.
Related violations: <none>

DPOP-2#6 Warning
MREG Output pipelining  
DSP CNC_Top_i/XYZ_Axis_Coordinator_0/inst/cycles_per_step_y_result1__0 multiplier stage CNC_Top_i/XYZ_Axis_Coordinator_0/inst/cycles_per_step_y_result1__0/P[47:0] is not pipelined (MREG=0). Pipelining the multiplier function will improve performance and will save significant power so it is suggested whenever possible to fully pipeline this function.  If this multiplier was inferred, it is suggested to describe an additional register stage after this function.  If there is no registered adder/accumulator following the multiply function, two pipeline stages are suggested to allow both the MREG and PREG registers to be used.  If the DSP48 was instantiated in the design, it is suggested to set both the MREG and PREG attributes to 1 when performing multiply functions.
Related violations: <none>

DPOP-2#7 Warning
MREG Output pipelining  
DSP CNC_Top_i/XYZ_Axis_Coordinator_0/inst/cycles_per_step_z_result1 multiplier stage CNC_Top_i/XYZ_Axis_Coordinator_0/inst/cycles_per_step_z_result1/P[47:0] is not pipelined (MREG=0). Pipelining the multiplier function will improve performance and will save significant power so it is suggested whenever possible to fully pipeline this function.  If this multiplier was inferred, it is suggested to describe an additional register stage after this function.  If there is no registered adder/accumulator following the multiply function, two pipeline stages are suggested to allow both the MREG and PREG registers to be used.  If the DSP48 was instantiated in the design, it is suggested to set both the MREG and PREG attributes to 1 when performing multiply functions.
Related violations: <none>

DPOP-2#8 Warning
MREG Output pipelining  
DSP CNC_Top_i/XYZ_Axis_Coordinator_0/inst/cycles_per_step_z_result1__0 multiplier stage CNC_Top_i/XYZ_Axis_Coordinator_0/inst/cycles_per_step_z_result1__0/P[47:0] is not pipelined (MREG=0). Pipelining the multiplier function will improve performance and will save significant power so it is suggested whenever possible to fully pipeline this function.  If this multiplier was inferred, it is suggested to describe an additional register stage after this function.  If there is no registered adder/accumulator following the multiply function, two pipeline stages are suggested to allow both the MREG and PREG registers to be used.  If the DSP48 was instantiated in the design, it is suggested to set both the MREG and PREG attributes to 1 when performing multiply functions.
Related violations: <none>

DPOP-2#9 Warning
MREG Output pipelining  
DSP CNC_Top_i/XYZ_Axis_Coordinator_0/inst/cycles_per_step_z_result1__1 multiplier stage CNC_Top_i/XYZ_Axis_Coordinator_0/inst/cycles_per_step_z_result1__1/P[47:0] is not pipelined (MREG=0). Pipelining the multiplier function will improve performance and will save significant power so it is suggested whenever possible to fully pipeline this function.  If this multiplier was inferred, it is suggested to describe an additional register stage after this function.  If there is no registered adder/accumulator following the multiply function, two pipeline stages are suggested to allow both the MREG and PREG registers to be used.  If the DSP48 was instantiated in the design, it is suggested to set both the MREG and PREG attributes to 1 when performing multiply functions.
Related violations: <none>

DPOP-2#10 Warning
MREG Output pipelining  
DSP CNC_Top_i/XYZ_Axis_Coordinator_0/inst/cycles_per_step_z_result1__2 multiplier stage CNC_Top_i/XYZ_Axis_Coordinator_0/inst/cycles_per_step_z_result1__2/P[47:0] is not pipelined (MREG=0). Pipelining the multiplier function will improve performance and will save significant power so it is suggested whenever possible to fully pipeline this function.  If this multiplier was inferred, it is suggested to describe an additional register stage after this function.  If there is no registered adder/accumulator following the multiply function, two pipeline stages are suggested to allow both the MREG and PREG registers to be used.  If the DSP48 was instantiated in the design, it is suggested to set both the MREG and PREG attributes to 1 when performing multiply functions.
Related violations: <none>

DPOP-2#11 Warning
MREG Output pipelining  
DSP CNC_Top_i/XYZ_Axis_Coordinator_0/inst/squared_distance0 multiplier stage CNC_Top_i/XYZ_Axis_Coordinator_0/inst/squared_distance0/P[47:0] is not pipelined (MREG=0). Pipelining the multiplier function will improve performance and will save significant power so it is suggested whenever possible to fully pipeline this function.  If this multiplier was inferred, it is suggested to describe an additional register stage after this function.  If there is no registered adder/accumulator following the multiply function, two pipeline stages are suggested to allow both the MREG and PREG registers to be used.  If the DSP48 was instantiated in the design, it is suggested to set both the MREG and PREG attributes to 1 when performing multiply functions.
Related violations: <none>

DPOP-2#12 Warning
MREG Output pipelining  
DSP CNC_Top_i/XYZ_Axis_Coordinator_0/inst/squared_distance0__0 multiplier stage CNC_Top_i/XYZ_Axis_Coordinator_0/inst/squared_distance0__0/P[47:0] is not pipelined (MREG=0). Pipelining the multiplier function will improve performance and will save significant power so it is suggested whenever possible to fully pipeline this function.  If this multiplier was inferred, it is suggested to describe an additional register stage after this function.  If there is no registered adder/accumulator following the multiply function, two pipeline stages are suggested to allow both the MREG and PREG registers to be used.  If the DSP48 was instantiated in the design, it is suggested to set both the MREG and PREG attributes to 1 when performing multiply functions.
Related violations: <none>

DPOP-2#13 Warning
MREG Output pipelining  
DSP CNC_Top_i/XYZ_Axis_Coordinator_0/inst/squared_distance0__1 multiplier stage CNC_Top_i/XYZ_Axis_Coordinator_0/inst/squared_distance0__1/P[47:0] is not pipelined (MREG=0). Pipelining the multiplier function will improve performance and will save significant power so it is suggested whenever possible to fully pipeline this function.  If this multiplier was inferred, it is suggested to describe an additional register stage after this function.  If there is no registered adder/accumulator following the multiply function, two pipeline stages are suggested to allow both the MREG and PREG registers to be used.  If the DSP48 was instantiated in the design, it is suggested to set both the MREG and PREG attributes to 1 when performing multiply functions.
Related violations: <none>

DPOP-2#14 Warning
MREG Output pipelining  
DSP CNC_Top_i/XYZ_Axis_Coordinator_0/inst/squared_distance0__2 multiplier stage CNC_Top_i/XYZ_Axis_Coordinator_0/inst/squared_distance0__2/P[47:0] is not pipelined (MREG=0). Pipelining the multiplier function will improve performance and will save significant power so it is suggested whenever possible to fully pipeline this function.  If this multiplier was inferred, it is suggested to describe an additional register stage after this function.  If there is no registered adder/accumulator following the multiply function, two pipeline stages are suggested to allow both the MREG and PREG registers to be used.  If the DSP48 was instantiated in the design, it is suggested to set both the MREG and PREG attributes to 1 when performing multiply functions.
Related violations: <none>

DPOP-2#15 Warning
MREG Output pipelining  
DSP CNC_Top_i/XYZ_Axis_Coordinator_0/inst/squared_distance1 multiplier stage CNC_Top_i/XYZ_Axis_Coordinator_0/inst/squared_distance1/P[47:0] is not pipelined (MREG=0). Pipelining the multiplier function will improve performance and will save significant power so it is suggested whenever possible to fully pipeline this function.  If this multiplier was inferred, it is suggested to describe an additional register stage after this function.  If there is no registered adder/accumulator following the multiply function, two pipeline stages are suggested to allow both the MREG and PREG registers to be used.  If the DSP48 was instantiated in the design, it is suggested to set both the MREG and PREG attributes to 1 when performing multiply functions.
Related violations: <none>

DPOP-2#16 Warning
MREG Output pipelining  
DSP CNC_Top_i/XYZ_Axis_Coordinator_0/inst/squared_distance1__0 multiplier stage CNC_Top_i/XYZ_Axis_Coordinator_0/inst/squared_distance1__0/P[47:0] is not pipelined (MREG=0). Pipelining the multiplier function will improve performance and will save significant power so it is suggested whenever possible to fully pipeline this function.  If this multiplier was inferred, it is suggested to describe an additional register stage after this function.  If there is no registered adder/accumulator following the multiply function, two pipeline stages are suggested to allow both the MREG and PREG registers to be used.  If the DSP48 was instantiated in the design, it is suggested to set both the MREG and PREG attributes to 1 when performing multiply functions.
Related violations: <none>

DPOP-2#17 Warning
MREG Output pipelining  
DSP CNC_Top_i/XYZ_Axis_Coordinator_0/inst/squared_distance1__1 multiplier stage CNC_Top_i/XYZ_Axis_Coordinator_0/inst/squared_distance1__1/P[47:0] is not pipelined (MREG=0). Pipelining the multiplier function will improve performance and will save significant power so it is suggested whenever possible to fully pipeline this function.  If this multiplier was inferred, it is suggested to describe an additional register stage after this function.  If there is no registered adder/accumulator following the multiply function, two pipeline stages are suggested to allow both the MREG and PREG registers to be used.  If the DSP48 was instantiated in the design, it is suggested to set both the MREG and PREG attributes to 1 when performing multiply functions.
Related violations: <none>

DPOP-2#18 Warning
MREG Output pipelining  
DSP CNC_Top_i/XYZ_Axis_Coordinator_0/inst/squared_distance1__2 multiplier stage CNC_Top_i/XYZ_Axis_Coordinator_0/inst/squared_distance1__2/P[47:0] is not pipelined (MREG=0). Pipelining the multiplier function will improve performance and will save significant power so it is suggested whenever possible to fully pipeline this function.  If this multiplier was inferred, it is suggested to describe an additional register stage after this function.  If there is no registered adder/accumulator following the multiply function, two pipeline stages are suggested to allow both the MREG and PREG registers to be used.  If the DSP48 was instantiated in the design, it is suggested to set both the MREG and PREG attributes to 1 when performing multiply functions.
Related violations: <none>

DPOP-2#19 Warning
MREG Output pipelining  
DSP CNC_Top_i/XYZ_Axis_Coordinator_0/inst/squared_distance1__3 multiplier stage CNC_Top_i/XYZ_Axis_Coordinator_0/inst/squared_distance1__3/P[47:0] is not pipelined (MREG=0). Pipelining the multiplier function will improve performance and will save significant power so it is suggested whenever possible to fully pipeline this function.  If this multiplier was inferred, it is suggested to describe an additional register stage after this function.  If there is no registered adder/accumulator following the multiply function, two pipeline stages are suggested to allow both the MREG and PREG registers to be used.  If the DSP48 was instantiated in the design, it is suggested to set both the MREG and PREG attributes to 1 when performing multiply functions.
Related violations: <none>

DPOP-2#20 Warning
MREG Output pipelining  
DSP CNC_Top_i/XYZ_Axis_Coordinator_0/inst/squared_distance1__4 multiplier stage CNC_Top_i/XYZ_Axis_Coordinator_0/inst/squared_distance1__4/P[47:0] is not pipelined (MREG=0). Pipelining the multiplier function will improve performance and will save significant power so it is suggested whenever possible to fully pipeline this function.  If this multiplier was inferred, it is suggested to describe an additional register stage after this function.  If there is no registered adder/accumulator following the multiply function, two pipeline stages are suggested to allow both the MREG and PREG registers to be used.  If the DSP48 was instantiated in the design, it is suggested to set both the MREG and PREG attributes to 1 when performing multiply functions.
Related violations: <none>

DPOP-2#21 Warning
MREG Output pipelining  
DSP CNC_Top_i/XYZ_Axis_Coordinator_0/inst/squared_distance1__5 multiplier stage CNC_Top_i/XYZ_Axis_Coordinator_0/inst/squared_distance1__5/P[47:0] is not pipelined (MREG=0). Pipelining the multiplier function will improve performance and will save significant power so it is suggested whenever possible to fully pipeline this function.  If this multiplier was inferred, it is suggested to describe an additional register stage after this function.  If there is no registered adder/accumulator following the multiply function, two pipeline stages are suggested to allow both the MREG and PREG registers to be used.  If the DSP48 was instantiated in the design, it is suggested to set both the MREG and PREG attributes to 1 when performing multiply functions.
Related violations: <none>

DPOP-2#22 Warning
MREG Output pipelining  
DSP CNC_Top_i/XYZ_Axis_Coordinator_0/inst/squared_distance1__6 multiplier stage CNC_Top_i/XYZ_Axis_Coordinator_0/inst/squared_distance1__6/P[47:0] is not pipelined (MREG=0). Pipelining the multiplier function will improve performance and will save significant power so it is suggested whenever possible to fully pipeline this function.  If this multiplier was inferred, it is suggested to describe an additional register stage after this function.  If there is no registered adder/accumulator following the multiply function, two pipeline stages are suggested to allow both the MREG and PREG registers to be used.  If the DSP48 was instantiated in the design, it is suggested to set both the MREG and PREG attributes to 1 when performing multiply functions.
Related violations: <none>


