Copyright 1986-2022 Xilinx, Inc. All Rights Reserved. Copyright 2022-2024 Advanced Micro Devices, Inc. All Rights Reserved.
---------------------------------------------------------------------------------------------------------------------------------------------
| Tool Version : Vivado v.2024.2 (win64) Build 5239630 Fri Nov 08 22:35:27 MST 2024
| Date         : Mon Mar  9 00:47:11 2026
| Host         : OBSIDIAN running 64-bit major release  (build 9200)
| Command      : report_drc -file CNC_Top_wrapper_drc_routed.rpt -pb CNC_Top_wrapper_drc_routed.pb -rpx CNC_Top_wrapper_drc_routed.rpx
| Design       : CNC_Top_wrapper
| Device       : xc7z020clg484-1
| Speed File   : -1
| Design State : Fully Routed
---------------------------------------------------------------------------------------------------------------------------------------------

Report DRC

Table of Contents
-----------------
1. REPORT SUMMARY
2. REPORT DETAILS

1. REPORT SUMMARY
-----------------
            Netlist: netlist
          Floorplan: design_1
      Design limits: <entire design considered>
           Ruledeck: default
             Max checks: <unlimited>
             Checks found: 240
+-----------+----------+----------------------------+--------+
| Rule      | Severity | Description                | Checks |
+-----------+----------+----------------------------+--------+
| DPIP-1    | Warning  | Input pipelining           | 41     |
| DPOP-1    | Warning  | PREG Output pipelining     | 22     |
| DPOP-2    | Warning  | MREG Output pipelining     | 22     |
| PDCN-1569 | Warning  | LUT equation term check    | 3      |
| PDRC-132  | Warning  | SLICE_PairEqSame_A6A5_WARN | 110    |
| PDRC-140  | Warning  | SLICE_PairEqSame_A6A5_WARN | 40     |
| RTSTAT-10 | Warning  | No routable loads          | 1      |
| ZPS7-1    | Warning  | PS7 block required         | 1      |
+-----------+----------+----------------------------+--------+

2. REPORT DETAILS
-----------------
DPIP-1#1 Warning
Input pipelining  
DSP CNC_Top_i/XYZ_Axis_Coordinator_0/inst/cycles_per_step_x_result1 input CNC_Top_i/XYZ_Axis_Coordinator_0/inst/cycles_per_step_x_result1/A[29:0] is not pipelined. Pipelining DSP48 input will improve performance.
Related violations: <none>

DPIP-1#2 Warning
Input pipelining  
DSP CNC_Top_i/XYZ_Axis_Coordinator_0/inst/cycles_per_step_x_result1__0 input CNC_Top_i/XYZ_Axis_Coordinator_0/inst/cycles_per_step_x_result1__0/A[29:0] is not pipelined. Pipelining DSP48 input will improve performance.
Related violations: <none>

DPIP-1#3 Warning
Input pipelining  
DSP CNC_Top_i/XYZ_Axis_Coordinator_0/inst/cycles_per_step_x_result1__0 input CNC_Top_i/XYZ_Axis_Coordinator_0/inst/cycles_per_step_x_result1__0/C[47:0] is not pipelined. Pipelining DSP48 input will improve performance.
Related violations: <none>

DPIP-1#4 Warning
Input pipelining  
DSP CNC_Top_i/XYZ_Axis_Coordinator_0/inst/cycles_per_step_x_result1__2 input CNC_Top_i/XYZ_Axis_Coordinator_0/inst/cycles_per_step_x_result1__2/C[47:0] is not pipelined. Pipelining DSP48 input will improve performance.
Related violations: <none>

DPIP-1#5 Warning
Input pipelining  
DSP CNC_Top_i/XYZ_Axis_Coordinator_0/inst/cycles_per_step_y_result1 input CNC_Top_i/XYZ_Axis_Coordinator_0/inst/cycles_per_step_y_result1/A[29:0] is not pipelined. Pipelining DSP48 input will improve performance.
Related violations: <none>

DPIP-1#6 Warning
Input pipelining  
DSP CNC_Top_i/XYZ_Axis_Coordinator_0/inst/cycles_per_step_y_result1__0 input CNC_Top_i/XYZ_Axis_Coordinator_0/inst/cycles_per_step_y_result1__0/A[29:0] is not pipelined. Pipelining DSP48 input will improve performance.
Related violations: <none>

DPIP-1#7 Warning
Input pipelining  
DSP CNC_Top_i/XYZ_Axis_Coordinator_0/inst/cycles_per_step_y_result1__0 input CNC_Top_i/XYZ_Axis_Coordinator_0/inst/cycles_per_step_y_result1__0/C[47:0] is not pipelined. Pipelining DSP48 input will improve performance.
Related violations: <none>

DPIP-1#8 Warning
Input pipelining  
DSP CNC_Top_i/XYZ_Axis_Coordinator_0/inst/cycles_per_step_z_result1 input CNC_Top_i/XYZ_Axis_Coordinator_0/inst/cycles_per_step_z_result1/A[29:0] is not pipelined. Pipelining DSP48 input will improve performance.
Related violations: <none>

DPIP-1#9 Warning
Input pipelining  
DSP CNC_Top_i/XYZ_Axis_Coordinator_0/inst/cycles_per_step_z_result1__0 input CNC_Top_i/XYZ_Axis_Coordinator_0/inst/cycles_per_step_z_result1__0/A[29:0] is not pipelined. Pipelining DSP48 input will improve performance.
Related violations: <none>

DPIP-1#10 Warning
Input pipelining  
DSP CNC_Top_i/XYZ_Axis_Coordinator_0/inst/cycles_per_step_z_result1__0 input CNC_Top_i/XYZ_Axis_Coordinator_0/inst/cycles_per_step_z_result1__0/C[47:0] is not pipelined. Pipelining DSP48 input will improve performance.
Related violations: <none>

DPIP-1#11 Warning
Input pipelining  
DSP CNC_Top_i/XYZ_Axis_Coordinator_0/inst/cycles_per_step_z_result1__2 input CNC_Top_i/XYZ_Axis_Coordinator_0/inst/cycles_per_step_z_result1__2/C[47:0] is not pipelined. Pipelining DSP48 input will improve performance.
Related violations: <none>

DPIP-1#12 Warning
Input pipelining  
DSP CNC_Top_i/XYZ_Axis_Coordinator_0/inst/squared_distance0 input CNC_Top_i/XYZ_Axis_Coordinator_0/inst/squared_distance0/A[29:0] is not pipelined. Pipelining DSP48 input will improve performance.
Related violations: <none>

DPIP-1#13 Warning
Input pipelining  
DSP CNC_Top_i/XYZ_Axis_Coordinator_0/inst/squared_distance0 input CNC_Top_i/XYZ_Axis_Coordinator_0/inst/squared_distance0/B[17:0] is not pipelined. Pipelining DSP48 input will improve performance.
Related violations: <none>

DPIP-1#14 Warning
Input pipelining  
DSP CNC_Top_i/XYZ_Axis_Coordinator_0/inst/squared_distance0__0 input CNC_Top_i/XYZ_Axis_Coordinator_0/inst/squared_distance0__0/A[29:0] is not pipelined. Pipelining DSP48 input will improve performance.
Related violations: <none>

DPIP-1#15 Warning
Input pipelining  
DSP CNC_Top_i/XYZ_Axis_Coordinator_0/inst/squared_distance0__0 input CNC_Top_i/XYZ_Axis_Coordinator_0/inst/squared_distance0__0/B[17:0] is not pipelined. Pipelining DSP48 input will improve performance.
Related violations: <none>

DPIP-1#16 Warning
Input pipelining  
DSP CNC_Top_i/XYZ_Axis_Coordinator_0/inst/squared_distance0__0 input CNC_Top_i/XYZ_Axis_Coordinator_0/inst/squared_distance0__0/C[47:0] is not pipelined. Pipelining DSP48 input will improve performance.
Related violations: <none>

DPIP-1#17 Warning
Input pipelining  
DSP CNC_Top_i/XYZ_Axis_Coordinator_0/inst/squared_distance0__1 input CNC_Top_i/XYZ_Axis_Coordinator_0/inst/squared_distance0__1/A[29:0] is not pipelined. Pipelining DSP48 input will improve performance.
Related violations: <none>

DPIP-1#18 Warning
Input pipelining  
DSP CNC_Top_i/XYZ_Axis_Coordinator_0/inst/squared_distance0__1 input CNC_Top_i/XYZ_Axis_Coordinator_0/inst/squared_distance0__1/B[17:0] is not pipelined. Pipelining DSP48 input will improve performance.
Related violations: <none>

DPIP-1#19 Warning
Input pipelining  
DSP CNC_Top_i/XYZ_Axis_Coordinator_0/inst/squared_distance0__2 input CNC_Top_i/XYZ_Axis_Coordinator_0/inst/squared_distance0__2/A[29:0] is not pipelined. Pipelining DSP48 input will improve performance.
Related violations: <none>

DPIP-1#20 Warning
Input pipelining  
DSP CNC_Top_i/XYZ_Axis_Coordinator_0/inst/squared_distance0__2 input CNC_Top_i/XYZ_Axis_Coordinator_0/inst/squared_distance0__2/B[17:0] is not pipelined. Pipelining DSP48 input will improve performance.
Related violations: <none>

DPIP-1#21 Warning
Input pipelining  
DSP CNC_Top_i/XYZ_Axis_Coordinator_0/inst/squared_distance0__2 input CNC_Top_i/XYZ_Axis_Coordinator_0/inst/squared_distance0__2/C[47:0] is not pipelined. Pipelining DSP48 input will improve performance.
Related violations: <none>

DPIP-1#22 Warning
Input pipelining  
DSP CNC_Top_i/XYZ_Axis_Coordinator_0/inst/squared_distance1 input CNC_Top_i/XYZ_Axis_Coordinator_0/inst/squared_distance1/A[29:0] is not pipelined. Pipelining DSP48 input will improve performance.
Related violations: <none>

DPIP-1#23 Warning
Input pipelining  
DSP CNC_Top_i/XYZ_Axis_Coordinator_0/inst/squared_distance1 input CNC_Top_i/XYZ_Axis_Coordinator_0/inst/squared_distance1/B[17:0] is not pipelined. Pipelining DSP48 input will improve performance.
Related violations: <none>

DPIP-1#24 Warning
Input pipelining  
DSP CNC_Top_i/XYZ_Axis_Coordinator_0/inst/squared_distance1__0 input CNC_Top_i/XYZ_Axis_Coordinator_0/inst/squared_distance1__0/A[29:0] is not pipelined. Pipelining DSP48 input will improve performance.
Related violations: <none>

DPIP-1#25 Warning
Input pipelining  
DSP CNC_Top_i/XYZ_Axis_Coordinator_0/inst/squared_distance1__0 input CNC_Top_i/XYZ_Axis_Coordinator_0/inst/squared_distance1__0/B[17:0] is not pipelined. Pipelining DSP48 input will improve performance.
Related violations: <none>

DPIP-1#26 Warning
Input pipelining  
DSP CNC_Top_i/XYZ_Axis_Coordinator_0/inst/squared_distance1__0 input CNC_Top_i/XYZ_Axis_Coordinator_0/inst/squared_distance1__0/C[47:0] is not pipelined. Pipelining DSP48 input will improve performance.
Related violations: <none>

DPIP-1#27 Warning
Input pipelining  
DSP CNC_Top_i/XYZ_Axis_Coordinator_0/inst/squared_distance1__1 input CNC_Top_i/XYZ_Axis_Coordinator_0/inst/squared_distance1__1/A[29:0] is not pipelined. Pipelining DSP48 input will improve performance.
Related violations: <none>

DPIP-1#28 Warning
Input pipelining  
DSP CNC_Top_i/XYZ_Axis_Coordinator_0/inst/squared_distance1__1 input CNC_Top_i/XYZ_Axis_Coordinator_0/inst/squared_distance1__1/B[17:0] is not pipelined. Pipelining DSP48 input will improve performance.
Related violations: <none>

DPIP-1#29 Warning
Input pipelining  
DSP CNC_Top_i/XYZ_Axis_Coordinator_0/inst/squared_distance1__2 input CNC_Top_i/XYZ_Axis_Coordinator_0/inst/squared_distance1__2/A[29:0] is not pipelined. Pipelining DSP48 input will improve performance.
Related violations: <none>

DPIP-1#30 Warning
Input pipelining  
DSP CNC_Top_i/XYZ_Axis_Coordinator_0/inst/squared_distance1__2 input CNC_Top_i/XYZ_Axis_Coordinator_0/inst/squared_distance1__2/B[17:0] is not pipelined. Pipelining DSP48 input will improve performance.
Related violations: <none>

DPIP-1#31 Warning
Input pipelining  
DSP CNC_Top_i/XYZ_Axis_Coordinator_0/inst/squared_distance1__2 input CNC_Top_i/XYZ_Axis_Coordinator_0/inst/squared_distance1__2/C[47:0] is not pipelined. Pipelining DSP48 input will improve performance.
Related violations: <none>

DPIP-1#32 Warning
Input pipelining  
DSP CNC_Top_i/XYZ_Axis_Coordinator_0/inst/squared_distance1__3 input CNC_Top_i/XYZ_Axis_Coordinator_0/inst/squared_distance1__3/A[29:0] is not pipelined. Pipelining DSP48 input will improve performance.
Related violations: <none>

DPIP-1#33 Warning
Input pipelining  
DSP CNC_Top_i/XYZ_Axis_Coordinator_0/inst/squared_distance1__3 input CNC_Top_i/XYZ_Axis_Coordinator_0/inst/squared_distance1__3/B[17:0] is not pipelined. Pipelining DSP48 input will improve performance.
Related violations: <none>

DPIP-1#34 Warning
Input pipelining  
DSP CNC_Top_i/XYZ_Axis_Coordinator_0/inst/squared_distance1__4 input CNC_Top_i/XYZ_Axis_Coordinator_0/inst/squared_distance1__4/A[29:0] is not pipelined. Pipelining DSP48 input will improve performance.
Related violations: <none>

DPIP-1#35 Warning
Input pipelining  
DSP CNC_Top_i/XYZ_Axis_Coordinator_0/inst/squared_distance1__4 input CNC_Top_i/XYZ_Axis_Coordinator_0/inst/squared_distance1__4/B[17:0] is not pipelined. Pipelining DSP48 input will improve performance.
Related violations: <none>

DPIP-1#36 Warning
Input pipelining  
DSP CNC_Top_i/XYZ_Axis_Coordinator_0/inst/squared_distance1__4 input CNC_Top_i/XYZ_Axis_Coordinator_0/inst/squared_distance1__4/C[47:0] is not pipelined. Pipelining DSP48 input will improve performance.
Related violations: <none>

DPIP-1#37 Warning
Input pipelining  
DSP CNC_Top_i/XYZ_Axis_Coordinator_0/inst/squared_distance1__5 input CNC_Top_i/XYZ_Axis_Coordinator_0/inst/squared_distance1__5/A[29:0] is not pipelined. Pipelining DSP48 input will improve performance.
Related violations: <none>

DPIP-1#38 Warning
Input pipelining  
DSP CNC_Top_i/XYZ_Axis_Coordinator_0/inst/squared_distance1__5 input CNC_Top_i/XYZ_Axis_Coordinator_0/inst/squared_distance1__5/B[17:0] is not pipelined. Pipelining DSP48 input will improve performance.
Related violations: <none>

DPIP-1#39 Warning
Input pipelining  
DSP CNC_Top_i/XYZ_Axis_Coordinator_0/inst/squared_distance1__6 input CNC_Top_i/XYZ_Axis_Coordinator_0/inst/squared_distance1__6/A[29:0] is not pipelined. Pipelining DSP48 input will improve performance.
Related violations: <none>

DPIP-1#40 Warning
Input pipelining  
DSP CNC_Top_i/XYZ_Axis_Coordinator_0/inst/squared_distance1__6 input CNC_Top_i/XYZ_Axis_Coordinator_0/inst/squared_distance1__6/B[17:0] is not pipelined. Pipelining DSP48 input will improve performance.
Related violations: <none>

DPIP-1#41 Warning
Input pipelining  
DSP CNC_Top_i/XYZ_Axis_Coordinator_0/inst/squared_distance1__6 input CNC_Top_i/XYZ_Axis_Coordinator_0/inst/squared_distance1__6/C[47:0] is not pipelined. Pipelining DSP48 input will improve performance.
Related violations: <none>

DPOP-1#1 Warning
PREG Output pipelining  
DSP CNC_Top_i/XYZ_Axis_Coordinator_0/inst/cycles_per_step_x_result1 output CNC_Top_i/XYZ_Axis_Coordinator_0/inst/cycles_per_step_x_result1/P[47:0] is not pipelined (PREG=0). Pipelining the DSP48 output will improve performance and often saves power so it is suggested whenever possible to fully pipeline this function.  If this DSP48 function was inferred, it is suggested to describe an additional register stage after this function.  If the DSP48 was instantiated in the design, it is suggested to set the PREG attribute to 1.
Related violations: <none>

DPOP-1#2 Warning
PREG Output pipelining  
DSP CNC_Top_i/XYZ_Axis_Coordinator_0/inst/cycles_per_step_x_result1__0 output CNC_Top_i/XYZ_Axis_Coordinator_0/inst/cycles_per_step_x_result1__0/P[47:0] is not pipelined (PREG=0). Pipelining the DSP48 output will improve performance and often saves power so it is suggested whenever possible to fully pipeline this function.  If this DSP48 function was inferred, it is suggested to describe an additional register stage after this function.  If the DSP48 was instantiated in the design, it is suggested to set the PREG attribute to 1.
Related violations: <none>

DPOP-1#3 Warning
PREG Output pipelining  
DSP CNC_Top_i/XYZ_Axis_Coordinator_0/inst/cycles_per_step_x_result1__1 output CNC_Top_i/XYZ_Axis_Coordinator_0/inst/cycles_per_step_x_result1__1/P[47:0] is not pipelined (PREG=0). Pipelining the DSP48 output will improve performance and often saves power so it is suggested whenever possible to fully pipeline this function.  If this DSP48 function was inferred, it is suggested to describe an additional register stage after this function.  If the DSP48 was instantiated in the design, it is suggested to set the PREG attribute to 1.
Related violations: <none>

DPOP-1#4 Warning
PREG Output pipelining  
DSP CNC_Top_i/XYZ_Axis_Coordinator_0/inst/cycles_per_step_x_result1__2 output CNC_Top_i/XYZ_Axis_Coordinator_0/inst/cycles_per_step_x_result1__2/P[47:0] is not pipelined (PREG=0). Pipelining the DSP48 output will improve performance and often saves power so it is suggested whenever possible to fully pipeline this function.  If this DSP48 function was inferred, it is suggested to describe an additional register stage after this function.  If the DSP48 was instantiated in the design, it is suggested to set the PREG attribute to 1.
Related violations: <none>

DPOP-1#5 Warning
PREG Output pipelining  
DSP CNC_Top_i/XYZ_Axis_Coordinator_0/inst/cycles_per_step_y_result1 output CNC_Top_i/XYZ_Axis_Coordinator_0/inst/cycles_per_step_y_result1/P[47:0] is not pipelined (PREG=0). Pipelining the DSP48 output will improve performance and often saves power so it is suggested whenever possible to fully pipeline this function.  If this DSP48 function was inferred, it is suggested to describe an additional register stage after this function.  If the DSP48 was instantiated in the design, it is suggested to set the PREG attribute to 1.
Related violations: <none>

DPOP-1#6 Warning
PREG Output pipelining  
DSP CNC_Top_i/XYZ_Axis_Coordinator_0/inst/cycles_per_step_y_result1__0 output CNC_Top_i/XYZ_Axis_Coordinator_0/inst/cycles_per_step_y_result1__0/P[47:0] is not pipelined (PREG=0). Pipelining the DSP48 output will improve performance and often saves power so it is suggested whenever possible to fully pipeline this function.  If this DSP48 function was inferred, it is suggested to describe an additional register stage after this function.  If the DSP48 was instantiated in the design, it is suggested to set the PREG attribute to 1.
Related violations: <none>

DPOP-1#7 Warning
PREG Output pipelining  
DSP CNC_Top_i/XYZ_Axis_Coordinator_0/inst/cycles_per_step_z_result1 output CNC_Top_i/XYZ_Axis_Coordinator_0/inst/cycles_per_step_z_result1/P[47:0] is not pipelined (PREG=0). Pipelining the DSP48 output will improve performance and often saves power so it is suggested whenever possible to fully pipeline this function.  If this DSP48 function was inferred, it is suggested to describe an additional register stage after this function.  If the DSP48 was instantiated in the design, it is suggested to set the PREG attribute to 1.
Related violations: <none>

DPOP-1#8 Warning
PREG Output pipelining  
DSP CNC_Top_i/XYZ_Axis_Coordinator_0/inst/cycles_per_step_z_result1__0 output CNC_Top_i/XYZ_Axis_Coordinator_0/inst/cycles_per_step_z_result1__0/P[47:0] is not pipelined (PREG=0). Pipelining the DSP48 output will improve performance and often saves power so it is suggested whenever possible to fully pipeline this function.  If this DSP48 function was inferred, it is suggested to describe an additional register stage after this function.  If the DSP48 was instantiated in the design, it is suggested to set the PREG attribute to 1.
Related violations: <none>

DPOP-1#9 Warning
PREG Output pipelining  
DSP CNC_Top_i/XYZ_Axis_Coordinator_0/inst/cycles_per_step_z_result1__1 output CNC_Top_i/XYZ_Axis_Coordinator_0/inst/cycles_per_step_z_result1__1/P[47:0] is not pipelined (PREG=0). Pipelining the DSP48 output will improve performance and often saves power so it is suggested whenever possible to fully pipeline this function.  If this DSP48 function was inferred, it is suggested to describe an additional register stage after this function.  If the DSP48 was instantiated in the design, it is suggested to set the PREG attribute to 1.
Related violations: <none>

DPOP-1#10 Warning
PREG Output pipelining  
DSP CNC_Top_i/XYZ_Axis_Coordinator_0/inst/cycles_per_step_z_result1__2 output CNC_Top_i/XYZ_Axis_Coordinator_0/inst/cycles_per_step_z_result1__2/P[47:0] is not pipelined (PREG=0). Pipelining the DSP48 output will improve performance and often saves power so it is suggested whenever possible to fully pipeline this function.  If this DSP48 function was inferred, it is suggested to describe an additional register stage after this function.  If the DSP48 was instantiated in the design, it is suggested to set the PREG attribute to 1.
Related violations: <none>

DPOP-1#11 Warning
PREG Output pipelining  
DSP CNC_Top_i/XYZ_Axis_Coordinator_0/inst/squared_distance0 output CNC_Top_i/XYZ_Axis_Coordinator_0/inst/squared_distance0/P[47:0] is not pipelined (PREG=0). Pipelining the DSP48 output will improve performance and often saves power so it is suggested whenever possible to fully pipeline this function.  If this DSP48 function was inferred, it is suggested to describe an additional register stage after this function.  If the DSP48 was instantiated in the design, it is suggested to set the PREG attribute to 1.
Related violations: <none>

DPOP-1#12 Warning
PREG Output pipelining  
DSP CNC_Top_i/XYZ_Axis_Coordinator_0/inst/squared_distance0__0 output CNC_Top_i/XYZ_Axis_Coordinator_0/inst/squared_distance0__0/P[47:0] is not pipelined (PREG=0). Pipelining the DSP48 output will improve performance and often saves power so it is suggested whenever possible to fully pipeline this function.  If this DSP48 function was inferred, it is suggested to describe an additional register stage after this function.  If the DSP48 was instantiated in the design, it is suggested to set the PREG attribute to 1.
Related violations: <none>

DPOP-1#13 Warning
PREG Output pipelining  
DSP CNC_Top_i/XYZ_Axis_Coordinator_0/inst/squared_distance0__1 output CNC_Top_i/XYZ_Axis_Coordinator_0/inst/squared_distance0__1/P[47:0] is not pipelined (PREG=0). Pipelining the DSP48 output will improve performance and often saves power so it is suggested whenever possible to fully pipeline this function.  If this DSP48 function was inferred, it is suggested to describe an additional register stage after this function.  If the DSP48 was instantiated in the design, it is suggested to set the PREG attribute to 1.
Related violations: <none>

DPOP-1#14 Warning
PREG Output pipelining  
DSP CNC_Top_i/XYZ_Axis_Coordinator_0/inst/squared_distance0__2 output CNC_Top_i/XYZ_Axis_Coordinator_0/inst/squared_distance0__2/P[47:0] is not pipelined (PREG=0). Pipelining the DSP48 output will improve performance and often saves power so it is suggested whenever possible to fully pipeline this function.  If this DSP48 function was inferred, it is suggested to describe an additional register stage after this function.  If the DSP48 was instantiated in the design, it is suggested to set the PREG attribute to 1.
Related violations: <none>

DPOP-1#15 Warning
PREG Output pipelining  
DSP CNC_Top_i/XYZ_Axis_Coordinator_0/inst/squared_distance1 output CNC_Top_i/XYZ_Axis_Coordinator_0/inst/squared_distance1/P[47:0] is not pipelined (PREG=0). Pipelining the DSP48 output will improve performance and often saves power so it is suggested whenever possible to fully pipeline this function.  If this DSP48 function was inferred, it is suggested to describe an additional register stage after this function.  If the DSP48 was instantiated in the design, it is suggested to set the PREG attribute to 1.
Related violations: <none>

DPOP-1#16 Warning
PREG Output pipelining  
DSP CNC_Top_i/XYZ_Axis_Coordinator_0/inst/squared_distance1__0 output CNC_Top_i/XYZ_Axis_Coordinator_0/inst/squared_distance1__0/P[47:0] is not pipelined (PREG=0). Pipelining the DSP48 output will improve performance and often saves power so it is suggested whenever possible to fully pipeline this function.  If this DSP48 function was inferred, it is suggested to describe an additional register stage after this function.  If the DSP48 was instantiated in the design, it is suggested to set the PREG attribute to 1.
Related violations: <none>

DPOP-1#17 Warning
PREG Output pipelining  
DSP CNC_Top_i/XYZ_Axis_Coordinator_0/inst/squared_distance1__1 output CNC_Top_i/XYZ_Axis_Coordinator_0/inst/squared_distance1__1/P[47:0] is not pipelined (PREG=0). Pipelining the DSP48 output will improve performance and often saves power so it is suggested whenever possible to fully pipeline this function.  If this DSP48 function was inferred, it is suggested to describe an additional register stage after this function.  If the DSP48 was instantiated in the design, it is suggested to set the PREG attribute to 1.
Related violations: <none>

DPOP-1#18 Warning
PREG Output pipelining  
DSP CNC_Top_i/XYZ_Axis_Coordinator_0/inst/squared_distance1__2 output CNC_Top_i/XYZ_Axis_Coordinator_0/inst/squared_distance1__2/P[47:0] is not pipelined (PREG=0). Pipelining the DSP48 output will improve performance and often saves power so it is suggested whenever possible to fully pipeline this function.  If this DSP48 function was inferred, it is suggested to describe an additional register stage after this function.  If the DSP48 was instantiated in the design, it is suggested to set the PREG attribute to 1.
Related violations: <none>

DPOP-1#19 Warning
PREG Output pipelining  
DSP CNC_Top_i/XYZ_Axis_Coordinator_0/inst/squared_distance1__3 output CNC_Top_i/XYZ_Axis_Coordinator_0/inst/squared_distance1__3/P[47:0] is not pipelined (PREG=0). Pipelining the DSP48 output will improve performance and often saves power so it is suggested whenever possible to fully pipeline this function.  If this DSP48 function was inferred, it is suggested to describe an additional register stage after this function.  If the DSP48 was instantiated in the design, it is suggested to set the PREG attribute to 1.
Related violations: <none>

DPOP-1#20 Warning
PREG Output pipelining  
DSP CNC_Top_i/XYZ_Axis_Coordinator_0/inst/squared_distance1__4 output CNC_Top_i/XYZ_Axis_Coordinator_0/inst/squared_distance1__4/P[47:0] is not pipelined (PREG=0). Pipelining the DSP48 output will improve performance and often saves power so it is suggested whenever possible to fully pipeline this function.  If this DSP48 function was inferred, it is suggested to describe an additional register stage after this function.  If the DSP48 was instantiated in the design, it is suggested to set the PREG attribute to 1.
Related violations: <none>

DPOP-1#21 Warning
PREG Output pipelining  
DSP CNC_Top_i/XYZ_Axis_Coordinator_0/inst/squared_distance1__5 output CNC_Top_i/XYZ_Axis_Coordinator_0/inst/squared_distance1__5/P[47:0] is not pipelined (PREG=0). Pipelining the DSP48 output will improve performance and often saves power so it is suggested whenever possible to fully pipeline this function.  If this DSP48 function was inferred, it is suggested to describe an additional register stage after this function.  If the DSP48 was instantiated in the design, it is suggested to set the PREG attribute to 1.
Related violations: <none>

DPOP-1#22 Warning
PREG Output pipelining  
DSP CNC_Top_i/XYZ_Axis_Coordinator_0/inst/squared_distance1__6 output CNC_Top_i/XYZ_Axis_Coordinator_0/inst/squared_distance1__6/P[47:0] is not pipelined (PREG=0). Pipelining the DSP48 output will improve performance and often saves power so it is suggested whenever possible to fully pipeline this function.  If this DSP48 function was inferred, it is suggested to describe an additional register stage after this function.  If the DSP48 was instantiated in the design, it is suggested to set the PREG attribute to 1.
Related violations: <none>

DPOP-2#1 Warning
MREG Output pipelining  
DSP CNC_Top_i/XYZ_Axis_Coordinator_0/inst/cycles_per_step_x_result1 multiplier stage CNC_Top_i/XYZ_Axis_Coordinator_0/inst/cycles_per_step_x_result1/P[47:0] is not pipelined (MREG=0). Pipelining the multiplier function will improve performance and will save significant power so it is suggested whenever possible to fully pipeline this function.  If this multiplier was inferred, it is suggested to describe an additional register stage after this function.  If there is no registered adder/accumulator following the multiply function, two pipeline stages are suggested to allow both the MREG and PREG registers to be used.  If the DSP48 was instantiated in the design, it is suggested to set both the MREG and PREG attributes to 1 when performing multiply functions.
Related violations: <none>

DPOP-2#2 Warning
MREG Output pipelining  
DSP CNC_Top_i/XYZ_Axis_Coordinator_0/inst/cycles_per_step_x_result1__0 multiplier stage CNC_Top_i/XYZ_Axis_Coordinator_0/inst/cycles_per_step_x_result1__0/P[47:0] is not pipelined (MREG=0). Pipelining the multiplier function will improve performance and will save significant power so it is suggested whenever possible to fully pipeline this function.  If this multiplier was inferred, it is suggested to describe an additional register stage after this function.  If there is no registered adder/accumulator following the multiply function, two pipeline stages are suggested to allow both the MREG and PREG registers to be used.  If the DSP48 was instantiated in the design, it is suggested to set both the MREG and PREG attributes to 1 when performing multiply functions.
Related violations: <none>

DPOP-2#3 Warning
MREG Output pipelining  
DSP CNC_Top_i/XYZ_Axis_Coordinator_0/inst/cycles_per_step_x_result1__1 multiplier stage CNC_Top_i/XYZ_Axis_Coordinator_0/inst/cycles_per_step_x_result1__1/P[47:0] is not pipelined (MREG=0). Pipelining the multiplier function will improve performance and will save significant power so it is suggested whenever possible to fully pipeline this function.  If this multiplier was inferred, it is suggested to describe an additional register stage after this function.  If there is no registered adder/accumulator following the multiply function, two pipeline stages are suggested to allow both the MREG and PREG registers to be used.  If the DSP48 was instantiated in the design, it is suggested to set both the MREG and PREG attributes to 1 when performing multiply functions.
Related violations: <none>

DPOP-2#4 Warning
MREG Output pipelining  
DSP CNC_Top_i/XYZ_Axis_Coordinator_0/inst/cycles_per_step_x_result1__2 multiplier stage CNC_Top_i/XYZ_Axis_Coordinator_0/inst/cycles_per_step_x_result1__2/P[47:0] is not pipelined (MREG=0). Pipelining the multiplier function will improve performance and will save significant power so it is suggested whenever possible to fully pipeline this function.  If this multiplier was inferred, it is suggested to describe an additional register stage after this function.  If there is no registered adder/accumulator following the multiply function, two pipeline stages are suggested to allow both the MREG and PREG registers to be used.  If the DSP48 was instantiated in the design, it is suggested to set both the MREG and PREG attributes to 1 when performing multiply functions.
Related violations: <none>

DPOP-2#5 Warning
MREG Output pipelining  
DSP CNC_Top_i/XYZ_Axis_Coordinator_0/inst/cycles_per_step_y_result1 multiplier stage CNC_Top_i/XYZ_Axis_Coordinator_0/inst/cycles_per_step_y_result1/P[47:0] is not pipelined (MREG=0). Pipelining the multiplier function will improve performance and will save significant power so it is suggested whenever possible to fully pipeline this function.  If this multiplier was inferred, it is suggested to describe an additional register stage after this function.  If there is no registered adder/accumulator following the multiply function, two pipeline stages are suggested to allow both the MREG and PREG registers to be used.  If the DSP48 was instantiated in the design, it is suggested to set both the MREG and PREG attributes to 1 when performing multiply functions.
Related violations: <none>

DPOP-2#6 Warning
MREG Output pipelining  
DSP CNC_Top_i/XYZ_Axis_Coordinator_0/inst/cycles_per_step_y_result1__0 multiplier stage CNC_Top_i/XYZ_Axis_Coordinator_0/inst/cycles_per_step_y_result1__0/P[47:0] is not pipelined (MREG=0). Pipelining the multiplier function will improve performance and will save significant power so it is suggested whenever possible to fully pipeline this function.  If this multiplier was inferred, it is suggested to describe an additional register stage after this function.  If there is no registered adder/accumulator following the multiply function, two pipeline stages are suggested to allow both the MREG and PREG registers to be used.  If the DSP48 was instantiated in the design, it is suggested to set both the MREG and PREG attributes to 1 when performing multiply functions.
Related violations: <none>

DPOP-2#7 Warning
MREG Output pipelining  
DSP CNC_Top_i/XYZ_Axis_Coordinator_0/inst/cycles_per_step_z_result1 multiplier stage CNC_Top_i/XYZ_Axis_Coordinator_0/inst/cycles_per_step_z_result1/P[47:0] is not pipelined (MREG=0). Pipelining the multiplier function will improve performance and will save significant power so it is suggested whenever possible to fully pipeline this function.  If this multiplier was inferred, it is suggested to describe an additional register stage after this function.  If there is no registered adder/accumulator following the multiply function, two pipeline stages are suggested to allow both the MREG and PREG registers to be used.  If the DSP48 was instantiated in the design, it is suggested to set both the MREG and PREG attributes to 1 when performing multiply functions.
Related violations: <none>

DPOP-2#8 Warning
MREG Output pipelining  
DSP CNC_Top_i/XYZ_Axis_Coordinator_0/inst/cycles_per_step_z_result1__0 multiplier stage CNC_Top_i/XYZ_Axis_Coordinator_0/inst/cycles_per_step_z_result1__0/P[47:0] is not pipelined (MREG=0). Pipelining the multiplier function will improve performance and will save significant power so it is suggested whenever possible to fully pipeline this function.  If this multiplier was inferred, it is suggested to describe an additional register stage after this function.  If there is no registered adder/accumulator following the multiply function, two pipeline stages are suggested to allow both the MREG and PREG registers to be used.  If the DSP48 was instantiated in the design, it is suggested to set both the MREG and PREG attributes to 1 when performing multiply functions.
Related violations: <none>

DPOP-2#9 Warning
MREG Output pipelining  
DSP CNC_Top_i/XYZ_Axis_Coordinator_0/inst/cycles_per_step_z_result1__1 multiplier stage CNC_Top_i/XYZ_Axis_Coordinator_0/inst/cycles_per_step_z_result1__1/P[47:0] is not pipelined (MREG=0). Pipelining the multiplier function will improve performance and will save significant power so it is suggested whenever possible to fully pipeline this function.  If this multiplier was inferred, it is suggested to describe an additional register stage after this function.  If there is no registered adder/accumulator following the multiply function, two pipeline stages are suggested to allow both the MREG and PREG registers to be used.  If the DSP48 was instantiated in the design, it is suggested to set both the MREG and PREG attributes to 1 when performing multiply functions.
Related violations: <none>

DPOP-2#10 Warning
MREG Output pipelining  
DSP CNC_Top_i/XYZ_Axis_Coordinator_0/inst/cycles_per_step_z_result1__2 multiplier stage CNC_Top_i/XYZ_Axis_Coordinator_0/inst/cycles_per_step_z_result1__2/P[47:0] is not pipelined (MREG=0). Pipelining the multiplier function will improve performance and will save significant power so it is suggested whenever possible to fully pipeline this function.  If this multiplier was inferred, it is suggested to describe an additional register stage after this function.  If there is no registered adder/accumulator following the multiply function, two pipeline stages are suggested to allow both the MREG and PREG registers to be used.  If the DSP48 was instantiated in the design, it is suggested to set both the MREG and PREG attributes to 1 when performing multiply functions.
Related violations: <none>

DPOP-2#11 Warning
MREG Output pipelining  
DSP CNC_Top_i/XYZ_Axis_Coordinator_0/inst/squared_distance0 multiplier stage CNC_Top_i/XYZ_Axis_Coordinator_0/inst/squared_distance0/P[47:0] is not pipelined (MREG=0). Pipelining the multiplier function will improve performance and will save significant power so it is suggested whenever possible to fully pipeline this function.  If this multiplier was inferred, it is suggested to describe an additional register stage after this function.  If there is no registered adder/accumulator following the multiply function, two pipeline stages are suggested to allow both the MREG and PREG registers to be used.  If the DSP48 was instantiated in the design, it is suggested to set both the MREG and PREG attributes to 1 when performing multiply functions.
Related violations: <none>

DPOP-2#12 Warning
MREG Output pipelining  
DSP CNC_Top_i/XYZ_Axis_Coordinator_0/inst/squared_distance0__0 multiplier stage CNC_Top_i/XYZ_Axis_Coordinator_0/inst/squared_distance0__0/P[47:0] is not pipelined (MREG=0). Pipelining the multiplier function will improve performance and will save significant power so it is suggested whenever possible to fully pipeline this function.  If this multiplier was inferred, it is suggested to describe an additional register stage after this function.  If there is no registered adder/accumulator following the multiply function, two pipeline stages are suggested to allow both the MREG and PREG registers to be used.  If the DSP48 was instantiated in the design, it is suggested to set both the MREG and PREG attributes to 1 when performing multiply functions.
Related violations: <none>

DPOP-2#13 Warning
MREG Output pipelining  
DSP CNC_Top_i/XYZ_Axis_Coordinator_0/inst/squared_distance0__1 multiplier stage CNC_Top_i/XYZ_Axis_Coordinator_0/inst/squared_distance0__1/P[47:0] is not pipelined (MREG=0). Pipelining the multiplier function will improve performance and will save significant power so it is suggested whenever possible to fully pipeline this function.  If this multiplier was inferred, it is suggested to describe an additional register stage after this function.  If there is no registered adder/accumulator following the multiply function, two pipeline stages are suggested to allow both the MREG and PREG registers to be used.  If the DSP48 was instantiated in the design, it is suggested to set both the MREG and PREG attributes to 1 when performing multiply functions.
Related violations: <none>

DPOP-2#14 Warning
MREG Output pipelining  
DSP CNC_Top_i/XYZ_Axis_Coordinator_0/inst/squared_distance0__2 multiplier stage CNC_Top_i/XYZ_Axis_Coordinator_0/inst/squared_distance0__2/P[47:0] is not pipelined (MREG=0). Pipelining the multiplier function will improve performance and will save significant power so it is suggested whenever possible to fully pipeline this function.  If this multiplier was inferred, it is suggested to describe an additional register stage after this function.  If there is no registered adder/accumulator following the multiply function, two pipeline stages are suggested to allow both the MREG and PREG registers to be used.  If the DSP48 was instantiated in the design, it is suggested to set both the MREG and PREG attributes to 1 when performing multiply functions.
Related violations: <none>

DPOP-2#15 Warning
MREG Output pipelining  
DSP CNC_Top_i/XYZ_Axis_Coordinator_0/inst/squared_distance1 multiplier stage CNC_Top_i/XYZ_Axis_Coordinator_0/inst/squared_distance1/P[47:0] is not pipelined (MREG=0). Pipelining the multiplier function will improve performance and will save significant power so it is suggested whenever possible to fully pipeline this function.  If this multiplier was inferred, it is suggested to describe an additional register stage after this function.  If there is no registered adder/accumulator following the multiply function, two pipeline stages are suggested to allow both the MREG and PREG registers to be used.  If the DSP48 was instantiated in the design, it is suggested to set both the MREG and PREG attributes to 1 when performing multiply functions.
Related violations: <none>

DPOP-2#16 Warning
MREG Output pipelining  
DSP CNC_Top_i/XYZ_Axis_Coordinator_0/inst/squared_distance1__0 multiplier stage CNC_Top_i/XYZ_Axis_Coordinator_0/inst/squared_distance1__0/P[47:0] is not pipelined (MREG=0). Pipelining the multiplier function will improve performance and will save significant power so it is suggested whenever possible to fully pipeline this function.  If this multiplier was inferred, it is suggested to describe an additional register stage after this function.  If there is no registered adder/accumulator following the multiply function, two pipeline stages are suggested to allow both the MREG and PREG registers to be used.  If the DSP48 was instantiated in the design, it is suggested to set both the MREG and PREG attributes to 1 when performing multiply functions.
Related violations: <none>

DPOP-2#17 Warning
MREG Output pipelining  
DSP CNC_Top_i/XYZ_Axis_Coordinator_0/inst/squared_distance1__1 multiplier stage CNC_Top_i/XYZ_Axis_Coordinator_0/inst/squared_distance1__1/P[47:0] is not pipelined (MREG=0). Pipelining the multiplier function will improve performance and will save significant power so it is suggested whenever possible to fully pipeline this function.  If this multiplier was inferred, it is suggested to describe an additional register stage after this function.  If there is no registered adder/accumulator following the multiply function, two pipeline stages are suggested to allow both the MREG and PREG registers to be used.  If the DSP48 was instantiated in the design, it is suggested to set both the MREG and PREG attributes to 1 when performing multiply functions.
Related violations: <none>

DPOP-2#18 Warning
MREG Output pipelining  
DSP CNC_Top_i/XYZ_Axis_Coordinator_0/inst/squared_distance1__2 multiplier stage CNC_Top_i/XYZ_Axis_Coordinator_0/inst/squared_distance1__2/P[47:0] is not pipelined (MREG=0). Pipelining the multiplier function will improve performance and will save significant power so it is suggested whenever possible to fully pipeline this function.  If this multiplier was inferred, it is suggested to describe an additional register stage after this function.  If there is no registered adder/accumulator following the multiply function, two pipeline stages are suggested to allow both the MREG and PREG registers to be used.  If the DSP48 was instantiated in the design, it is suggested to set both the MREG and PREG attributes to 1 when performing multiply functions.
Related violations: <none>

DPOP-2#19 Warning
MREG Output pipelining  
DSP CNC_Top_i/XYZ_Axis_Coordinator_0/inst/squared_distance1__3 multiplier stage CNC_Top_i/XYZ_Axis_Coordinator_0/inst/squared_distance1__3/P[47:0] is not pipelined (MREG=0). Pipelining the multiplier function will improve performance and will save significant power so it is suggested whenever possible to fully pipeline this function.  If this multiplier was inferred, it is suggested to describe an additional register stage after this function.  If there is no registered adder/accumulator following the multiply function, two pipeline stages are suggested to allow both the MREG and PREG registers to be used.  If the DSP48 was instantiated in the design, it is suggested to set both the MREG and PREG attributes to 1 when performing multiply functions.
Related violations: <none>

DPOP-2#20 Warning
MREG Output pipelining  
DSP CNC_Top_i/XYZ_Axis_Coordinator_0/inst/squared_distance1__4 multiplier stage CNC_Top_i/XYZ_Axis_Coordinator_0/inst/squared_distance1__4/P[47:0] is not pipelined (MREG=0). Pipelining the multiplier function will improve performance and will save significant power so it is suggested whenever possible to fully pipeline this function.  If this multiplier was inferred, it is suggested to describe an additional register stage after this function.  If there is no registered adder/accumulator following the multiply function, two pipeline stages are suggested to allow both the MREG and PREG registers to be used.  If the DSP48 was instantiated in the design, it is suggested to set both the MREG and PREG attributes to 1 when performing multiply functions.
Related violations: <none>

DPOP-2#21 Warning
MREG Output pipelining  
DSP CNC_Top_i/XYZ_Axis_Coordinator_0/inst/squared_distance1__5 multiplier stage CNC_Top_i/XYZ_Axis_Coordinator_0/inst/squared_distance1__5/P[47:0] is not pipelined (MREG=0). Pipelining the multiplier function will improve performance and will save significant power so it is suggested whenever possible to fully pipeline this function.  If this multiplier was inferred, it is suggested to describe an additional register stage after this function.  If there is no registered adder/accumulator following the multiply function, two pipeline stages are suggested to allow both the MREG and PREG registers to be used.  If the DSP48 was instantiated in the design, it is suggested to set both the MREG and PREG attributes to 1 when performing multiply functions.
Related violations: <none>

DPOP-2#22 Warning
MREG Output pipelining  
DSP CNC_Top_i/XYZ_Axis_Coordinator_0/inst/squared_distance1__6 multiplier stage CNC_Top_i/XYZ_Axis_Coordinator_0/inst/squared_distance1__6/P[47:0] is not pipelined (MREG=0). Pipelining the multiplier function will improve performance and will save significant power so it is suggested whenever possible to fully pipeline this function.  If this multiplier was inferred, it is suggested to describe an additional register stage after this function.  If there is no registered adder/accumulator following the multiply function, two pipeline stages are suggested to allow both the MREG and PREG registers to be used.  If the DSP48 was instantiated in the design, it is suggested to set both the MREG and PREG attributes to 1 when performing multiply functions.
Related violations: <none>

PDCN-1569#1 Warning
LUT equation term check  
Used physical LUT pin 'A2' of cell dbg_hub/inst/BSCANID.u_xsdbm_id/SWITCH_N_EXT_BSCAN.id_state[0]_i_1 (pin dbg_hub/inst/BSCANID.u_xsdbm_id/SWITCH_N_EXT_BSCAN.id_state[0]_i_1/I0) is not included in the LUT equation: 'O6=(A6+~A6)*((A3))'. If this cell is a user instantiated LUT in the design, please remove connectivity to the pin or change the equation and/or INIT string of the LUT to prevent this issue. If the cell is inferred or IP created LUT, please regenerate the IP and/or resynthesize the design to attempt to correct the issue.
Related violations: <none>

PDCN-1569#2 Warning
LUT equation term check  
Used physical LUT pin 'A3' of cell dbg_hub/inst/BSCANID.u_xsdbm_id/SWITCH_N_EXT_BSCAN.bscan_switch/temp_curid[31]_i_1 (pin dbg_hub/inst/BSCANID.u_xsdbm_id/SWITCH_N_EXT_BSCAN.bscan_switch/temp_curid[31]_i_1/I0) is not included in the LUT equation: 'O6=(A1*A2)+(A1*(~A2)*(~A4))+((~A1))'. If this cell is a user instantiated LUT in the design, please remove connectivity to the pin or change the equation and/or INIT string of the LUT to prevent this issue. If the cell is inferred or IP created LUT, please regenerate the IP and/or resynthesize the design to attempt to correct the issue.
Related violations: <none>

PDCN-1569#3 Warning
LUT equation term check  
Used physical LUT pin 'A5' of cell dbg_hub/inst/BSCANID.u_xsdbm_id/SWITCH_N_EXT_BSCAN.bscan_switch/temp_curid[31]_i_1 (pin dbg_hub/inst/BSCANID.u_xsdbm_id/SWITCH_N_EXT_BSCAN.bscan_switch/temp_curid[31]_i_1/I1) is not included in the LUT equation: 'O6=(A1*A2)+(A1*(~A2)*(~A4))+((~A1))'. If this cell is a user instantiated LUT in the design, please remove connectivity to the pin or change the equation and/or INIT string of the LUT to prevent this issue. If the cell is inferred or IP created LUT, please regenerate the IP and/or resynthesize the design to attempt to correct the issue.
Related violations: <none>

PDRC-132#1 Warning
SLICE_PairEqSame_A6A5_WARN  
Luts A6LUT and A5LUT in use in site SLICE_X28Y48 with different equations without A6 pin connected to Global Logic High.
Related violations: <none>

PDRC-132#2 Warning
SLICE_PairEqSame_A6A5_WARN  
Luts A6LUT and A5LUT in use in site SLICE_X29Y49 with different equations without A6 pin connected to Global Logic High.
Related violations: <none>

PDRC-132#3 Warning
SLICE_PairEqSame_A6A5_WARN  
Luts A6LUT and A5LUT in use in site SLICE_X33Y43 with different equations without A6 pin connected to Global Logic High.
Related violations: <none>

PDRC-132#4 Warning
SLICE_PairEqSame_A6A5_WARN  
Luts A6LUT and A5LUT in use in site SLICE_X33Y54 with different equations without A6 pin connected to Global Logic High.
Related violations: <none>

PDRC-132#5 Warning
SLICE_PairEqSame_A6A5_WARN  
Luts A6LUT and A5LUT in use in site SLICE_X35Y45 with different equations without A6 pin connected to Global Logic High.
Related violations: <none>

PDRC-132#6 Warning
SLICE_PairEqSame_A6A5_WARN  
Luts A6LUT and A5LUT in use in site SLICE_X35Y56 with different equations without A6 pin connected to Global Logic High.
Related violations: <none>

PDRC-132#7 Warning
SLICE_PairEqSame_A6A5_WARN  
Luts A6LUT and A5LUT in use in site SLICE_X37Y46 with different equations without A6 pin connected to Global Logic High.
Related violations: <none>

PDRC-132#8 Warning
SLICE_PairEqSame_A6A5_WARN  
Luts A6LUT and A5LUT in use in site SLICE_X37Y57 with different equations without A6 pin connected to Global Logic High.
Related violations: <none>

PDRC-132#9 Warning
SLICE_PairEqSame_A6A5_WARN  
Luts A6LUT and A5LUT in use in site SLICE_X39Y43 with different equations without A6 pin connected to Global Logic High.
Related violations: <none>

PDRC-132#10 Warning
SLICE_PairEqSame_A6A5_WARN  
Luts A6LUT and A5LUT in use in site SLICE_X39Y59 with different equations without A6 pin connected to Global Logic High.
Related violations: <none>

PDRC-132#11 Warning
SLICE_PairEqSame_A6A5_WARN  
Luts A6LUT and A5LUT in use in site SLICE_X40Y32 with different equations without A6 pin connected to Global Logic High.
Related violations: <none>

PDRC-132#12 Warning
SLICE_PairEqSame_A6A5_WARN  
Luts A6LUT and A5LUT in use in site SLICE_X40Y43 with different equations without A6 pin connected to Global Logic High.
Related violations: <none>

PDRC-132#13 Warning
SLICE_PairEqSame_A6A5_WARN  
Luts A6LUT and A5LUT in use in site SLICE_X40Y54 with different equations without A6 pin connected to Global Logic High.
Related violations: <none>

PDRC-132#14 Warning
SLICE_PairEqSame_A6A5_WARN  
Luts A6LUT and A5LUT in use in site SLICE_X41Y31 with different equations without A6 pin connected to Global Logic High.
Related violations: <none>

PDRC-132#15 Warning
SLICE_PairEqSame_A6A5_WARN  
Luts A6LUT and A5LUT in use in site SLICE_X41Y42 with different equations without A6 pin connected to Global Logic High.
Related violations: <none>

PDRC-132#16 Warning
SLICE_PairEqSame_A6A5_WARN  
Luts A6LUT and A5LUT in use in site SLICE_X41Y53 with different equations without A6 pin connected to Global Logic High.
Related violations: <none>

PDRC-132#17 Warning
SLICE_PairEqSame_A6A5_WARN  
Luts A6LUT and A5LUT in use in site SLICE_X41Y64 with different equations without A6 pin connected to Global Logic High.
Related violations: <none>

PDRC-132#18 Warning
SLICE_PairEqSame_A6A5_WARN  
Luts A6LUT and A5LUT in use in site SLICE_X43Y32 with different equations without A6 pin connected to Global Logic High.
Related violations: <none>

PDRC-132#19 Warning
SLICE_PairEqSame_A6A5_WARN  
Luts A6LUT and A5LUT in use in site SLICE_X43Y43 with different equations without A6 pin connected to Global Logic High.
Related violations: <none>

PDRC-132#20 Warning
SLICE_PairEqSame_A6A5_WARN  
Luts A6LUT and A5LUT in use in site SLICE_X43Y57 with different equations without A6 pin connected to Global Logic High.
Related violations: <none>

PDRC-132#21 Warning
SLICE_PairEqSame_A6A5_WARN  
Luts A6LUT and A5LUT in use in site SLICE_X44Y35 with different equations without A6 pin connected to Global Logic High.
Related violations: <none>

PDRC-132#22 Warning
SLICE_PairEqSame_A6A5_WARN  
Luts A6LUT and A5LUT in use in site SLICE_X44Y57 with different equations without A6 pin connected to Global Logic High.
Related violations: <none>

PDRC-132#23 Warning
SLICE_PairEqSame_A6A5_WARN  
Luts A6LUT and A5LUT in use in site SLICE_X45Y35 with different equations without A6 pin connected to Global Logic High.
Related violations: <none>

PDRC-132#24 Warning
SLICE_PairEqSame_A6A5_WARN  
Luts A6LUT and A5LUT in use in site SLICE_X45Y47 with different equations without A6 pin connected to Global Logic High.
Related violations: <none>

PDRC-132#25 Warning
SLICE_PairEqSame_A6A5_WARN  
Luts A6LUT and A5LUT in use in site SLICE_X45Y58 with different equations without A6 pin connected to Global Logic High.
Related violations: <none>

PDRC-132#26 Warning
SLICE_PairEqSame_A6A5_WARN  
Luts A6LUT and A5LUT in use in site SLICE_X47Y31 with different equations without A6 pin connected to Global Logic High.
Related violations: <none>

PDRC-132#27 Warning
SLICE_PairEqSame_A6A5_WARN  
Luts A6LUT and A5LUT in use in site SLICE_X47Y42 with different equations without A6 pin connected to Global Logic High.
Related violations: <none>

PDRC-132#28 Warning
SLICE_PairEqSame_A6A5_WARN  
Luts A6LUT and A5LUT in use in site SLICE_X47Y53 with different equations without A6 pin connected to Global Logic High.
Related violations: <none>

PDRC-132#29 Warning
SLICE_PairEqSame_A6A5_WARN  
Luts A6LUT and A5LUT in use in site SLICE_X47Y64 with different equations without A6 pin connected to Global Logic High.
Related violations: <none>

PDRC-132#30 Warning
SLICE_PairEqSame_A6A5_WARN  
Luts A6LUT and A5LUT in use in site SLICE_X48Y32 with different equations without A6 pin connected to Global Logic High.
Related violations: <none>

PDRC-132#31 Warning
SLICE_PairEqSame_A6A5_WARN  
Luts A6LUT and A5LUT in use in site SLICE_X48Y43 with different equations without A6 pin connected to Global Logic High.
Related violations: <none>

PDRC-132#32 Warning
SLICE_PairEqSame_A6A5_WARN  
Luts A6LUT and A5LUT in use in site SLICE_X48Y54 with different equations without A6 pin connected to Global Logic High.
Related violations: <none>

PDRC-132#33 Warning
SLICE_PairEqSame_A6A5_WARN  
Luts A6LUT and A5LUT in use in site SLICE_X48Y65 with different equations without A6 pin connected to Global Logic High.
Related violations: <none>

PDRC-132#34 Warning
SLICE_PairEqSame_A6A5_WARN  
Luts A6LUT and A5LUT in use in site SLICE_X49Y32 with different equations without A6 pin connected to Global Logic High.
Related violations: <none>

PDRC-132#35 Warning
SLICE_PairEqSame_A6A5_WARN  
Luts A6LUT and A5LUT in use in site SLICE_X49Y43 with different equations without A6 pin connected to Global Logic High.
Related violations: <none>

PDRC-132#36 Warning
SLICE_PairEqSame_A6A5_WARN  
Luts A6LUT and A5LUT in use in site SLICE_X49Y59 with different equations without A6 pin connected to Global Logic High.
Related violations: <none>

PDRC-132#37 Warning
SLICE_PairEqSame_A6A5_WARN  
Luts A6LUT and A5LUT in use in site SLICE_X51Y32 with different equations without A6 pin connected to Global Logic High.
Related violations: <none>

PDRC-132#38 Warning
SLICE_PairEqSame_A6A5_WARN  
Luts A6LUT and A5LUT in use in site SLICE_X51Y43 with different equations without A6 pin connected to Global Logic High.
Related violations: <none>

PDRC-132#39 Warning
SLICE_PairEqSame_A6A5_WARN  
Luts A6LUT and A5LUT in use in site SLICE_X51Y55 with different equations without A6 pin connected to Global Logic High.
Related violations: <none>

PDRC-132#40 Warning
SLICE_PairEqSame_A6A5_WARN  
Luts A6LUT and A5LUT in use in site SLICE_X52Y36 with different equations without A6 pin connected to Global Logic High.
Related violations: <none>

PDRC-132#41 Warning
SLICE_PairEqSame_A6A5_WARN  
Luts A6LUT and A5LUT in use in site SLICE_X52Y48 with different equations without A6 pin connected to Global Logic High.
Related violations: <none>

PDRC-132#42 Warning
SLICE_PairEqSame_A6A5_WARN  
Luts A6LUT and A5LUT in use in site SLICE_X52Y59 with different equations without A6 pin connected to Global Logic High.
Related violations: <none>

PDRC-132#43 Warning
SLICE_PairEqSame_A6A5_WARN  
Luts A6LUT and A5LUT in use in site SLICE_X53Y32 with different equations without A6 pin connected to Global Logic High.
Related violations: <none>

PDRC-132#44 Warning
SLICE_PairEqSame_A6A5_WARN  
Luts A6LUT and A5LUT in use in site SLICE_X53Y43 with different equations without A6 pin connected to Global Logic High.
Related violations: <none>

PDRC-132#45 Warning
SLICE_PairEqSame_A6A5_WARN  
Luts A6LUT and A5LUT in use in site SLICE_X53Y54 with different equations without A6 pin connected to Global Logic High.
Related violations: <none>

PDRC-132#46 Warning
SLICE_PairEqSame_A6A5_WARN  
Luts A6LUT and A5LUT in use in site SLICE_X53Y65 with different equations without A6 pin connected to Global Logic High.
Related violations: <none>

PDRC-132#47 Warning
SLICE_PairEqSame_A6A5_WARN  
Luts A6LUT and A5LUT in use in site SLICE_X55Y32 with different equations without A6 pin connected to Global Logic High.
Related violations: <none>

PDRC-132#48 Warning
SLICE_PairEqSame_A6A5_WARN  
Luts A6LUT and A5LUT in use in site SLICE_X55Y43 with different equations without A6 pin connected to Global Logic High.
Related violations: <none>

PDRC-132#49 Warning
SLICE_PairEqSame_A6A5_WARN  
Luts A6LUT and A5LUT in use in site SLICE_X55Y54 with different equations without A6 pin connected to Global Logic High.
Related violations: <none>

PDRC-132#50 Warning
SLICE_PairEqSame_A6A5_WARN  
Luts A6LUT and A5LUT in use in site SLICE_X55Y65 with different equations without A6 pin connected to Global Logic High.
Related violations: <none>

PDRC-132#51 Warning
SLICE_PairEqSame_A6A5_WARN  
Luts A6LUT and A5LUT in use in site SLICE_X56Y31 with different equations without A6 pin connected to Global Logic High.
Related violations: <none>

PDRC-132#52 Warning
SLICE_PairEqSame_A6A5_WARN  
Luts A6LUT and A5LUT in use in site SLICE_X56Y42 with different equations without A6 pin connected to Global Logic High.
Related violations: <none>

PDRC-132#53 Warning
SLICE_PairEqSame_A6A5_WARN  
Luts A6LUT and A5LUT in use in site SLICE_X56Y61 with different equations without A6 pin connected to Global Logic High.
Related violations: <none>

PDRC-132#54 Warning
SLICE_PairEqSame_A6A5_WARN  
Luts A6LUT and A5LUT in use in site SLICE_X57Y28 with different equations without A6 pin connected to Global Logic High.
Related violations: <none>

PDRC-132#55 Warning
SLICE_PairEqSame_A6A5_WARN  
Luts A6LUT and A5LUT in use in site SLICE_X57Y39 with different equations without A6 pin connected to Global Logic High.
Related violations: <none>

PDRC-132#56 Warning
SLICE_PairEqSame_A6A5_WARN  
Luts A6LUT and A5LUT in use in site SLICE_X57Y50 with different equations without A6 pin connected to Global Logic High.
Related violations: <none>

PDRC-132#57 Warning
SLICE_PairEqSame_A6A5_WARN  
Luts A6LUT and A5LUT in use in site SLICE_X57Y62 with different equations without A6 pin connected to Global Logic High.
Related violations: <none>

PDRC-132#58 Warning
SLICE_PairEqSame_A6A5_WARN  
Luts A6LUT and A5LUT in use in site SLICE_X59Y30 with different equations without A6 pin connected to Global Logic High.
Related violations: <none>

PDRC-132#59 Warning
SLICE_PairEqSame_A6A5_WARN  
Luts A6LUT and A5LUT in use in site SLICE_X59Y43 with different equations without A6 pin connected to Global Logic High.
Related violations: <none>

PDRC-132#60 Warning
SLICE_PairEqSame_A6A5_WARN  
Luts A6LUT and A5LUT in use in site SLICE_X59Y55 with different equations without A6 pin connected to Global Logic High.
Related violations: <none>

PDRC-132#61 Warning
SLICE_PairEqSame_A6A5_WARN  
Luts A6LUT and A5LUT in use in site SLICE_X60Y30 with different equations without A6 pin connected to Global Logic High.
Related violations: <none>

PDRC-132#62 Warning
SLICE_PairEqSame_A6A5_WARN  
Luts A6LUT and A5LUT in use in site SLICE_X60Y42 with different equations without A6 pin connected to Global Logic High.
Related violations: <none>

PDRC-132#63 Warning
SLICE_PairEqSame_A6A5_WARN  
Luts A6LUT and A5LUT in use in site SLICE_X61Y39 with different equations without A6 pin connected to Global Logic High.
Related violations: <none>

PDRC-132#64 Warning
SLICE_PairEqSame_A6A5_WARN  
Luts A6LUT and A5LUT in use in site SLICE_X61Y51 with different equations without A6 pin connected to Global Logic High.
Related violations: <none>

PDRC-132#65 Warning
SLICE_PairEqSame_A6A5_WARN  
Luts A6LUT and A5LUT in use in site SLICE_X61Y62 with different equations without A6 pin connected to Global Logic High.
Related violations: <none>

PDRC-132#66 Warning
SLICE_PairEqSame_A6A5_WARN  
Luts A6LUT and A5LUT in use in site SLICE_X63Y34 with different equations without A6 pin connected to Global Logic High.
Related violations: <none>

PDRC-132#67 Warning
SLICE_PairEqSame_A6A5_WARN  
Luts A6LUT and A5LUT in use in site SLICE_X63Y45 with different equations without A6 pin connected to Global Logic High.
Related violations: <none>

PDRC-132#68 Warning
SLICE_PairEqSame_A6A5_WARN  
Luts A6LUT and A5LUT in use in site SLICE_X63Y57 with different equations without A6 pin connected to Global Logic High.
Related violations: <none>

PDRC-132#69 Warning
SLICE_PairEqSame_A6A5_WARN  
Luts A6LUT and A5LUT in use in site SLICE_X64Y28 with different equations without A6 pin connected to Global Logic High.
Related violations: <none>

PDRC-132#70 Warning
SLICE_PairEqSame_A6A5_WARN  
Luts A6LUT and A5LUT in use in site SLICE_X64Y43 with different equations without A6 pin connected to Global Logic High.
Related violations: <none>

PDRC-132#71 Warning
SLICE_PairEqSame_A6A5_WARN  
Luts A6LUT and A5LUT in use in site SLICE_X64Y55 with different equations without A6 pin connected to Global Logic High.
Related violations: <none>

PDRC-132#72 Warning
SLICE_PairEqSame_A6A5_WARN  
Luts A6LUT and A5LUT in use in site SLICE_X65Y28 with different equations without A6 pin connected to Global Logic High.
Related violations: <none>

PDRC-132#73 Warning
SLICE_PairEqSame_A6A5_WARN  
Luts A6LUT and A5LUT in use in site SLICE_X65Y39 with different equations without A6 pin connected to Global Logic High.
Related violations: <none>

PDRC-132#74 Warning
SLICE_PairEqSame_A6A5_WARN  
Luts A6LUT and A5LUT in use in site SLICE_X65Y50 with different equations without A6 pin connected to Global Logic High.
Related violations: <none>

PDRC-132#75 Warning
SLICE_PairEqSame_A6A5_WARN  
Luts A6LUT and A5LUT in use in site SLICE_X67Y39 with different equations without A6 pin connected to Global Logic High.
Related violations: <none>

PDRC-132#76 Warning
SLICE_PairEqSame_A6A5_WARN  
Luts A6LUT and A5LUT in use in site SLICE_X67Y50 with different equations without A6 pin connected to Global Logic High.
Related violations: <none>

PDRC-132#77 Warning
SLICE_PairEqSame_A6A5_WARN  
Luts A6LUT and A5LUT in use in site SLICE_X67Y62 with different equations without A6 pin connected to Global Logic High.
Related violations: <none>

PDRC-132#78 Warning
SLICE_PairEqSame_A6A5_WARN  
Luts A6LUT and A5LUT in use in site SLICE_X68Y36 with different equations without A6 pin connected to Global Logic High.
Related violations: <none>

PDRC-132#79 Warning
SLICE_PairEqSame_A6A5_WARN  
Luts A6LUT and A5LUT in use in site SLICE_X69Y28 with different equations without A6 pin connected to Global Logic High.
Related violations: <none>

PDRC-132#80 Warning
SLICE_PairEqSame_A6A5_WARN  
Luts A6LUT and A5LUT in use in site SLICE_X69Y39 with different equations without A6 pin connected to Global Logic High.
Related violations: <none>

PDRC-132#81 Warning
SLICE_PairEqSame_A6A5_WARN  
Luts A6LUT and A5LUT in use in site SLICE_X70Y36 with different equations without A6 pin connected to Global Logic High.
Related violations: <none>

PDRC-132#82 Warning
SLICE_PairEqSame_A6A5_WARN  
Luts A6LUT and A5LUT in use in site SLICE_X71Y32 with different equations without A6 pin connected to Global Logic High.
Related violations: <none>

PDRC-132#83 Warning
SLICE_PairEqSame_A6A5_WARN  
Luts A6LUT and A5LUT in use in site SLICE_X72Y27 with different equations without A6 pin connected to Global Logic High.
Related violations: <none>

PDRC-132#84 Warning
SLICE_PairEqSame_A6A5_WARN  
Luts A6LUT and A5LUT in use in site SLICE_X73Y39 with different equations without A6 pin connected to Global Logic High.
Related violations: <none>

PDRC-132#85 Warning
SLICE_PairEqSame_A6A5_WARN  
Luts A6LUT and A5LUT in use in site SLICE_X76Y33 with different equations without A6 pin connected to Global Logic High.
Related violations: <none>

PDRC-132#86 Warning
SLICE_PairEqSame_A6A5_WARN  
Luts A6LUT and A5LUT in use in site SLICE_X77Y28 with different equations without A6 pin connected to Global Logic High.
Related violations: <none>

PDRC-132#87 Warning
SLICE_PairEqSame_A6A5_WARN  
Luts A6LUT and A5LUT in use in site SLICE_X78Y28 with different equations without A6 pin connected to Global Logic High.
Related violations: <none>

PDRC-132#88 Warning
SLICE_PairEqSame_A6A5_WARN  
Luts A6LUT and A5LUT in use in site SLICE_X78Y39 with different equations without A6 pin connected to Global Logic High.
Related violations: <none>

PDRC-132#89 Warning
SLICE_PairEqSame_A6A5_WARN  
Luts A6LUT and A5LUT in use in site SLICE_X79Y28 with different equations without A6 pin connected to Global Logic High.
Related violations: <none>

PDRC-132#90 Warning
SLICE_PairEqSame_A6A5_WARN  
Luts A6LUT and A5LUT in use in site SLICE_X79Y39 with different equations without A6 pin connected to Global Logic High.
Related violations: <none>

PDRC-132#91 Warning
SLICE_PairEqSame_A6A5_WARN  
Luts A6LUT and A5LUT in use in site SLICE_X80Y39 with different equations without A6 pin connected to Global Logic High.
Related violations: <none>

PDRC-132#92 Warning
SLICE_PairEqSame_A6A5_WARN  
Luts A6LUT and A5LUT in use in site SLICE_X80Y55 with different equations without A6 pin connected to Global Logic High.
Related violations: <none>

PDRC-132#93 Warning
SLICE_PairEqSame_A6A5_WARN  
Luts A6LUT and A5LUT in use in site SLICE_X80Y66 with different equations without A6 pin connected to Global Logic High.
Related violations: <none>

PDRC-132#94 Warning
SLICE_PairEqSame_A6A5_WARN  
Luts A6LUT and A5LUT in use in site SLICE_X81Y39 with different equations without A6 pin connected to Global Logic High.
Related violations: <none>

PDRC-132#95 Warning
SLICE_PairEqSame_A6A5_WARN  
Luts A6LUT and A5LUT in use in site SLICE_X81Y51 with different equations without A6 pin connected to Global Logic High.
Related violations: <none>

PDRC-132#96 Warning
SLICE_PairEqSame_A6A5_WARN  
Luts A6LUT and A5LUT in use in site SLICE_X81Y63 with different equations without A6 pin connected to Global Logic High.
Related violations: <none>

PDRC-132#97 Warning
SLICE_PairEqSame_A6A5_WARN  
Luts A6LUT and A5LUT in use in site SLICE_X83Y34 with different equations without A6 pin connected to Global Logic High.
Related violations: <none>

PDRC-132#98 Warning
SLICE_PairEqSame_A6A5_WARN  
Luts A6LUT and A5LUT in use in site SLICE_X83Y46 with different equations without A6 pin connected to Global Logic High.
Related violations: <none>

PDRC-132#99 Warning
SLICE_PairEqSame_A6A5_WARN  
Luts A6LUT and A5LUT in use in site SLICE_X83Y59 with different equations without A6 pin connected to Global Logic High.
Related violations: <none>

PDRC-132#100 Warning
SLICE_PairEqSame_A6A5_WARN  
Luts A6LUT and A5LUT in use in site SLICE_X84Y37 with different equations without A6 pin connected to Global Logic High.
Related violations: <none>

PDRC-132#101 Warning
SLICE_PairEqSame_A6A5_WARN  
Luts A6LUT and A5LUT in use in site SLICE_X84Y50 with different equations without A6 pin connected to Global Logic High.
Related violations: <none>

PDRC-132#102 Warning
SLICE_PairEqSame_A6A5_WARN  
Luts A6LUT and A5LUT in use in site SLICE_X85Y37 with different equations without A6 pin connected to Global Logic High.
Related violations: <none>

PDRC-132#103 Warning
SLICE_PairEqSame_A6A5_WARN  
Luts A6LUT and A5LUT in use in site SLICE_X85Y49 with different equations without A6 pin connected to Global Logic High.
Related violations: <none>

PDRC-132#104 Warning
SLICE_PairEqSame_A6A5_WARN  
Luts A6LUT and A5LUT in use in site SLICE_X87Y37 with different equations without A6 pin connected to Global Logic High.
Related violations: <none>

PDRC-132#105 Warning
SLICE_PairEqSame_A6A5_WARN  
Luts A6LUT and A5LUT in use in site SLICE_X87Y50 with different equations without A6 pin connected to Global Logic High.
Related violations: <none>

PDRC-132#106 Warning
SLICE_PairEqSame_A6A5_WARN  
Luts A6LUT and A5LUT in use in site SLICE_X88Y43 with different equations without A6 pin connected to Global Logic High.
Related violations: <none>

PDRC-132#107 Warning
SLICE_PairEqSame_A6A5_WARN  
Luts A6LUT and A5LUT in use in site SLICE_X89Y35 with different equations without A6 pin connected to Global Logic High.
Related violations: <none>

PDRC-132#108 Warning
SLICE_PairEqSame_A6A5_WARN  
Luts A6LUT and A5LUT in use in site SLICE_X89Y48 with different equations without A6 pin connected to Global Logic High.
Related violations: <none>

PDRC-132#109 Warning
SLICE_PairEqSame_A6A5_WARN  
Luts A6LUT and A5LUT in use in site SLICE_X91Y45 with different equations without A6 pin connected to Global Logic High.
Related violations: <none>

PDRC-132#110 Warning
SLICE_PairEqSame_A6A5_WARN  
Luts A6LUT and A5LUT in use in site SLICE_X95Y68 with different equations without A6 pin connected to Global Logic High.
Related violations: <none>

PDRC-140#1 Warning
SLICE_PairEqSame_A6A5_WARN  
Luts A6LUT and A5LUT in use in site SLICE_X26Y49 with different equations without A6 pin connected to Global Logic High.
Related violations: <none>

PDRC-140#2 Warning
SLICE_PairEqSame_A6A5_WARN  
Luts A6LUT and A5LUT in use in site SLICE_X30Y48 with different equations without A6 pin connected to Global Logic High.
Related violations: <none>

PDRC-140#3 Warning
SLICE_PairEqSame_A6A5_WARN  
Luts A6LUT and A5LUT in use in site SLICE_X32Y48 with different equations without A6 pin connected to Global Logic High.
Related violations: <none>

PDRC-140#4 Warning
SLICE_PairEqSame_A6A5_WARN  
Luts A6LUT and A5LUT in use in site SLICE_X34Y44 with different equations without A6 pin connected to Global Logic High.
Related violations: <none>

PDRC-140#5 Warning
SLICE_PairEqSame_A6A5_WARN  
Luts A6LUT and A5LUT in use in site SLICE_X34Y57 with different equations without A6 pin connected to Global Logic High.
Related violations: <none>

PDRC-140#6 Warning
SLICE_PairEqSame_A6A5_WARN  
Luts A6LUT and A5LUT in use in site SLICE_X36Y48 with different equations without A6 pin connected to Global Logic High.
Related violations: <none>

PDRC-140#7 Warning
SLICE_PairEqSame_A6A5_WARN  
Luts A6LUT and A5LUT in use in site SLICE_X36Y59 with different equations without A6 pin connected to Global Logic High.
Related violations: <none>

PDRC-140#8 Warning
SLICE_PairEqSame_A6A5_WARN  
Luts A6LUT and A5LUT in use in site SLICE_X38Y46 with different equations without A6 pin connected to Global Logic High.
Related violations: <none>

PDRC-140#9 Warning
SLICE_PairEqSame_A6A5_WARN  
Luts A6LUT and A5LUT in use in site SLICE_X38Y58 with different equations without A6 pin connected to Global Logic High.
Related violations: <none>

PDRC-140#10 Warning
SLICE_PairEqSame_A6A5_WARN  
Luts A6LUT and A5LUT in use in site SLICE_X42Y27 with different equations without A6 pin connected to Global Logic High.
Related violations: <none>

PDRC-140#11 Warning
SLICE_PairEqSame_A6A5_WARN  
Luts A6LUT and A5LUT in use in site SLICE_X42Y38 with different equations without A6 pin connected to Global Logic High.
Related violations: <none>

PDRC-140#12 Warning
SLICE_PairEqSame_A6A5_WARN  
Luts A6LUT and A5LUT in use in site SLICE_X42Y49 with different equations without A6 pin connected to Global Logic High.
Related violations: <none>

PDRC-140#13 Warning
SLICE_PairEqSame_A6A5_WARN  
Luts A6LUT and A5LUT in use in site SLICE_X42Y60 with different equations without A6 pin connected to Global Logic High.
Related violations: <none>

PDRC-140#14 Warning
SLICE_PairEqSame_A6A5_WARN  
Luts A6LUT and A5LUT in use in site SLICE_X46Y28 with different equations without A6 pin connected to Global Logic High.
Related violations: <none>

PDRC-140#15 Warning
SLICE_PairEqSame_A6A5_WARN  
Luts A6LUT and A5LUT in use in site SLICE_X46Y39 with different equations without A6 pin connected to Global Logic High.
Related violations: <none>

PDRC-140#16 Warning
SLICE_PairEqSame_A6A5_WARN  
Luts A6LUT and A5LUT in use in site SLICE_X46Y50 with different equations without A6 pin connected to Global Logic High.
Related violations: <none>

PDRC-140#17 Warning
SLICE_PairEqSame_A6A5_WARN  
Luts A6LUT and A5LUT in use in site SLICE_X46Y61 with different equations without A6 pin connected to Global Logic High.
Related violations: <none>

PDRC-140#18 Warning
SLICE_PairEqSame_A6A5_WARN  
Luts A6LUT and A5LUT in use in site SLICE_X50Y32 with different equations without A6 pin connected to Global Logic High.
Related violations: <none>

PDRC-140#19 Warning
SLICE_PairEqSame_A6A5_WARN  
Luts A6LUT and A5LUT in use in site SLICE_X50Y43 with different equations without A6 pin connected to Global Logic High.
Related violations: <none>

PDRC-140#20 Warning
SLICE_PairEqSame_A6A5_WARN  
Luts A6LUT and A5LUT in use in site SLICE_X50Y59 with different equations without A6 pin connected to Global Logic High.
Related violations: <none>

PDRC-140#21 Warning
SLICE_PairEqSame_A6A5_WARN  
Luts A6LUT and A5LUT in use in site SLICE_X54Y26 with different equations without A6 pin connected to Global Logic High.
Related violations: <none>

PDRC-140#22 Warning
SLICE_PairEqSame_A6A5_WARN  
Luts A6LUT and A5LUT in use in site SLICE_X54Y37 with different equations without A6 pin connected to Global Logic High.
Related violations: <none>

PDRC-140#23 Warning
SLICE_PairEqSame_A6A5_WARN  
Luts A6LUT and A5LUT in use in site SLICE_X54Y48 with different equations without A6 pin connected to Global Logic High.
Related violations: <none>

PDRC-140#24 Warning
SLICE_PairEqSame_A6A5_WARN  
Luts A6LUT and A5LUT in use in site SLICE_X54Y59 with different equations without A6 pin connected to Global Logic High.
Related violations: <none>

PDRC-140#25 Warning
SLICE_PairEqSame_A6A5_WARN  
Luts A6LUT and A5LUT in use in site SLICE_X58Y35 with different equations without A6 pin connected to Global Logic High.
Related violations: <none>

PDRC-140#26 Warning
SLICE_PairEqSame_A6A5_WARN  
Luts A6LUT and A5LUT in use in site SLICE_X58Y46 with different equations without A6 pin connected to Global Logic High.
Related violations: <none>

PDRC-140#27 Warning
SLICE_PairEqSame_A6A5_WARN  
Luts A6LUT and A5LUT in use in site SLICE_X58Y62 with different equations without A6 pin connected to Global Logic High.
Related violations: <none>

PDRC-140#28 Warning
SLICE_PairEqSame_A6A5_WARN  
Luts A6LUT and A5LUT in use in site SLICE_X62Y27 with different equations without A6 pin connected to Global Logic High.
Related violations: <none>

PDRC-140#29 Warning
SLICE_PairEqSame_A6A5_WARN  
Luts A6LUT and A5LUT in use in site SLICE_X62Y39 with different equations without A6 pin connected to Global Logic High.
Related violations: <none>

PDRC-140#30 Warning
SLICE_PairEqSame_A6A5_WARN  
Luts A6LUT and A5LUT in use in site SLICE_X62Y50 with different equations without A6 pin connected to Global Logic High.
Related violations: <none>

PDRC-140#31 Warning
SLICE_PairEqSame_A6A5_WARN  
Luts A6LUT and A5LUT in use in site SLICE_X62Y61 with different equations without A6 pin connected to Global Logic High.
Related violations: <none>

PDRC-140#32 Warning
SLICE_PairEqSame_A6A5_WARN  
Luts A6LUT and A5LUT in use in site SLICE_X66Y32 with different equations without A6 pin connected to Global Logic High.
Related violations: <none>

PDRC-140#33 Warning
SLICE_PairEqSame_A6A5_WARN  
Luts A6LUT and A5LUT in use in site SLICE_X66Y44 with different equations without A6 pin connected to Global Logic High.
Related violations: <none>

PDRC-140#34 Warning
SLICE_PairEqSame_A6A5_WARN  
Luts A6LUT and A5LUT in use in site SLICE_X66Y56 with different equations without A6 pin connected to Global Logic High.
Related violations: <none>

PDRC-140#35 Warning
SLICE_PairEqSame_A6A5_WARN  
Luts A6LUT and A5LUT in use in site SLICE_X82Y34 with different equations without A6 pin connected to Global Logic High.
Related violations: <none>

PDRC-140#36 Warning
SLICE_PairEqSame_A6A5_WARN  
Luts A6LUT and A5LUT in use in site SLICE_X82Y46 with different equations without A6 pin connected to Global Logic High.
Related violations: <none>

PDRC-140#37 Warning
SLICE_PairEqSame_A6A5_WARN  
Luts A6LUT and A5LUT in use in site SLICE_X82Y58 with different equations without A6 pin connected to Global Logic High.
Related violations: <none>

PDRC-140#38 Warning
SLICE_PairEqSame_A6A5_WARN  
Luts A6LUT and A5LUT in use in site SLICE_X86Y44 with different equations without A6 pin connected to Global Logic High.
Related violations: <none>

PDRC-140#39 Warning
SLICE_PairEqSame_A6A5_WARN  
Luts A6LUT and A5LUT in use in site SLICE_X90Y41 with different equations without A6 pin connected to Global Logic High.
Related violations: <none>

PDRC-140#40 Warning
SLICE_PairEqSame_A6A5_WARN  
Luts A6LUT and A5LUT in use in site SLICE_X92Y46 with different equations without A6 pin connected to Global Logic High.
Related violations: <none>

RTSTAT-10#1 Warning
No routable loads  
19 net(s) have no routable loads. The problem bus(es) and/or net(s) are dbg_hub/inst/BSCANID.u_xsdbm_id/CORE_XSDB.UUT_MASTER/U_ICON_INTERFACE/U_CMD1/ctl_reg_en_2[1],
dbg_hub/inst/BSCANID.u_xsdbm_id/CORE_XSDB.UUT_MASTER/U_ICON_INTERFACE/U_CMD6_RD/U_RD_FIFO/SUBCORE_FIFO.xsdbm_v3_0_3_rdfifo_inst/inst_fifo_gen/gconvfifo.rf/grf.rf/gntv_or_sync_fifo.gl0.rd/gr1.gr1_int.rfwft/aempty_fwft_i,
dbg_hub/inst/BSCANID.u_xsdbm_id/CORE_XSDB.UUT_MASTER/U_ICON_INTERFACE/U_CMD6_RD/U_RD_FIFO/SUBCORE_FIFO.xsdbm_v3_0_3_rdfifo_inst/inst_fifo_gen/gconvfifo.rf/grf.rf/gntv_or_sync_fifo.gl0.rd/gras.rsts/ram_empty_i,
dbg_hub/inst/BSCANID.u_xsdbm_id/CORE_XSDB.UUT_MASTER/U_ICON_INTERFACE/U_CMD6_RD/U_RD_FIFO/SUBCORE_FIFO.xsdbm_v3_0_3_rdfifo_inst/inst_fifo_gen/gconvfifo.rf/grf.rf/gntv_or_sync_fifo.gl0.wr/gwhf.whf/overflow,
dbg_hub/inst/BSCANID.u_xsdbm_id/CORE_XSDB.UUT_MASTER/U_ICON_INTERFACE/U_CMD6_RD/U_RD_FIFO/SUBCORE_FIFO.xsdbm_v3_0_3_rdfifo_inst/inst_fifo_gen/gconvfifo.rf/grf.rf/rstblk/ngwrdrst.grst.wr_rst_reg[2],
dbg_hub/inst/BSCANID.u_xsdbm_id/CORE_XSDB.UUT_MASTER/U_ICON_INTERFACE/U_CMD6_WR/U_WR_FIFO/SUBCORE_FIFO.xsdbm_v3_0_3_wrfifo_inst/inst_fifo_gen/gconvfifo.rf/grf.rf/gntv_or_sync_fifo.gl0.wr/gwas.wsts/ram_full_i,
dbg_hub/inst/BSCANID.u_xsdbm_id/CORE_XSDB.UUT_MASTER/U_ICON_INTERFACE/U_CMD6_WR/U_WR_FIFO/SUBCORE_FIFO.xsdbm_v3_0_3_wrfifo_inst/inst_fifo_gen/gconvfifo.rf/grf.rf/gntv_or_sync_fifo.gl0.wr/gwhf.whf/overflow,
dbg_hub/inst/BSCANID.u_xsdbm_id/CORE_XSDB.UUT_MASTER/U_ICON_INTERFACE/U_CMD6_WR/U_WR_FIFO/SUBCORE_FIFO.xsdbm_v3_0_3_wrfifo_inst/inst_fifo_gen/gconvfifo.rf/grf.rf/rstblk/ngwrdrst.grst.rd_rst_reg[0],
dbg_hub/inst/BSCANID.u_xsdbm_id/CORE_XSDB.UUT_MASTER/U_ICON_INTERFACE/U_CMD6_WR/U_WR_FIFO/SUBCORE_FIFO.xsdbm_v3_0_3_wrfifo_inst/inst_fifo_gen/gconvfifo.rf/grf.rf/rstblk/ngwrdrst.grst.wr_rst_reg[2],
dbg_hub/inst/BSCANID.u_xsdbm_id/CORE_XSDB.UUT_MASTER/U_ICON_INTERFACE/U_CMD7_CTL/ctl_reg[2:0],
dbg_hub/inst/BSCANID.u_xsdbm_id/CORE_XSDB.UUT_MASTER/U_ICON_INTERFACE/U_CMD7_CTL/ctl_reg_en_2[1],
dbg_hub/inst/BSCANID.u_xsdbm_id/SWITCH_N_EXT_BSCAN.bscan_inst/TMS,
dbg_hub/inst/BSCANID.u_xsdbm_id/SWITCH_N_EXT_BSCAN.bscan_switch/m_bscan_capture[0],
dbg_hub/inst/BSCANID.u_xsdbm_id/SWITCH_N_EXT_BSCAN.bscan_switch/m_bscan_drck[0],
dbg_hub/inst/BSCANID.u_xsdbm_id/SWITCH_N_EXT_BSCAN.bscan_switch/m_bscan_runtest[0]
 (the first 15 of 17 listed nets/buses).
Related violations: <none>

ZPS7-1#1 Warning
PS7 block required  
The PS7 cell must be used in this Zynq design in order to enable correct default configuration.
Related violations: <none>


