Copyright 1986-2022 Xilinx, Inc. All Rights Reserved. Copyright 2022-2024 Advanced Micro Devices, Inc. All Rights Reserved.
---------------------------------------------------------------------------------------------------------------------------------------------
| Tool Version : Vivado v.2024.2 (win64) Build 5239630 Fri Nov 08 22:35:27 MST 2024
| Date         : Mon Jun 23 02:34:54 2025
| Host         : Alex-PC running 64-bit major release  (build 9200)
| Command      : report_control_sets -verbose -file CNC_Top_wrapper_control_sets_placed.rpt
| Design       : CNC_Top_wrapper
| Device       : xc7z020
---------------------------------------------------------------------------------------------------------------------------------------------

Control Set Information

Table of Contents
-----------------
1. Summary
2. Histogram
3. Flip-Flop Distribution
4. Detailed Control Set Information

1. Summary
----------

+----------------------------------------------------------+-------+
|                          Status                          | Count |
+----------------------------------------------------------+-------+
| Total control sets                                       |     8 |
|    Minimum number of control sets                        |     8 |
|    Addition due to synthesis replication                 |     0 |
|    Addition due to physical synthesis replication        |     0 |
| Unused register locations in slices containing registers |    22 |
+----------------------------------------------------------+-------+
* Control sets can be merged at opt_design using control_set_merge or merge_equivalent_drivers
** Run report_qor_suggestions for automated merging and remapping suggestions


2. Histogram
------------

+--------------------+-------+
|       Fanout       | Count |
+--------------------+-------+
| Total control sets |     8 |
| >= 0 to < 4        |     2 |
| >= 4 to < 6        |     1 |
| >= 6 to < 8        |     0 |
| >= 8 to < 10       |     0 |
| >= 10 to < 12      |     0 |
| >= 12 to < 14      |     0 |
| >= 14 to < 16      |     0 |
| >= 16              |     5 |
+--------------------+-------+
* Control sets can be remapped at either synth_design or opt_design


3. Flip-Flop Distribution
-------------------------

+--------------+-----------------------+------------------------+-----------------+--------------+
| Clock Enable | Synchronous Set/Reset | Asynchronous Set/Reset | Total Registers | Total Slices |
+--------------+-----------------------+------------------------+-----------------+--------------+
| No           | No                    | No                     |               4 |            3 |
| No           | No                    | Yes                    |               0 |            0 |
| No           | Yes                   | No                     |              96 |           24 |
| Yes          | No                    | No                     |               0 |            0 |
| Yes          | No                    | Yes                    |               0 |            0 |
| Yes          | Yes                   | No                     |             102 |           70 |
+--------------+-----------------------+------------------------+-----------------+--------------+


4. Detailed Control Set Information
-----------------------------------

+----------------------------------+---------------------------------------------------------------------+---------------------------------------------------------------------+------------------+----------------+--------------+
|           Clock Signal           |                            Enable Signal                            |                           Set/Reset Signal                          | Slice Load Count | Bel Load Count | Bels / Slice |
+----------------------------------+---------------------------------------------------------------------+---------------------------------------------------------------------+------------------+----------------+--------------+
|  CNC_Top_i/clk_wiz/inst/clk_out1 | CNC_Top_i/DriverController_Z/inst/dir_out_i_1_n_0                   | CNC_Top_i/DriverController_Z/inst/step_i_1_n_0                      |                1 |              2 |         2.00 |
|  CNC_Top_i/clk_wiz/inst/clk_out1 | CNC_Top_i/DriverController_Z/inst/dir_out_i_1_n_0                   | right_IBUF                                                          |                1 |              2 |         2.00 |
|  CNC_Top_i/clk_wiz/inst/clk_out1 |                                                                     |                                                                     |                3 |              4 |         1.33 |
|  CNC_Top_i/clk_wiz/inst/clk_out1 | CNC_Top_i/GCODE_Parser_0/inst/curr_line__0_0                        | right_IBUF                                                          |               12 |             21 |         1.75 |
|  CNC_Top_i/clk_wiz/inst/clk_out1 |                                                                     | CNC_Top_i/DriverController_Z/inst/clk_counter[0]_i_1_n_0            |                8 |             32 |         4.00 |
|  CNC_Top_i/clk_wiz/inst/clk_out1 | CNC_Top_i/XYZ_Axis_Coordinator_0/inst/cycles_per_step_x[31]_i_2_n_0 | CNC_Top_i/XYZ_Axis_Coordinator_0/inst/cycles_per_step_x[31]_i_1_n_0 |               32 |             32 |         1.00 |
|  CNC_Top_i/clk_wiz/inst/clk_out1 | CNC_Top_i/XYZ_Axis_Coordinator_0/inst/cycles_per_step_x[31]_i_2_n_0 | right_IBUF                                                          |               24 |             45 |         1.88 |
|  CNC_Top_i/clk_wiz/inst/clk_out1 |                                                                     | CNC_Top_i/XYZ_Axis_Coordinator_0/inst/clk_counter[0]_i_1_n_0        |               16 |             64 |         4.00 |
+----------------------------------+---------------------------------------------------------------------+---------------------------------------------------------------------+------------------+----------------+--------------+


