Copyright 1986-2022 Xilinx, Inc. All Rights Reserved. Copyright 2022-2024 Advanced Micro Devices, Inc. All Rights Reserved.
---------------------------------------------------------------------------------------------------------------------------------------------
| Tool Version : Vivado v.2024.2 (win64) Build 5239630 Fri Nov 08 22:35:27 MST 2024
| Date         : Sun Nov 30 19:27:54 2025
| Host         : OBSIDIAN running 64-bit major release  (build 9200)
| Command      : report_control_sets -verbose -file CNC_Top_wrapper_control_sets_placed.rpt
| Design       : CNC_Top_wrapper
| Device       : xc7z020
---------------------------------------------------------------------------------------------------------------------------------------------

Control Set Information

Table of Contents
-----------------
1. Summary
2. Histogram
3. Flip-Flop Distribution
4. Detailed Control Set Information

1. Summary
----------

+----------------------------------------------------------+-------+
|                          Status                          | Count |
+----------------------------------------------------------+-------+
| Total control sets                                       |   120 |
|    Minimum number of control sets                        |   116 |
|    Addition due to synthesis replication                 |     4 |
|    Addition due to physical synthesis replication        |     0 |
| Unused register locations in slices containing registers |   359 |
+----------------------------------------------------------+-------+
* Control sets can be merged at opt_design using control_set_merge or merge_equivalent_drivers
** Run report_qor_suggestions for automated merging and remapping suggestions


2. Histogram
------------

+--------------------+-------+
|       Fanout       | Count |
+--------------------+-------+
| Total control sets |   120 |
| >= 0 to < 4        |    28 |
| >= 4 to < 6        |    17 |
| >= 6 to < 8        |     4 |
| >= 8 to < 10       |     7 |
| >= 10 to < 12      |     2 |
| >= 12 to < 14      |     2 |
| >= 14 to < 16      |     0 |
| >= 16              |    60 |
+--------------------+-------+
* Control sets can be remapped at either synth_design or opt_design


3. Flip-Flop Distribution
-------------------------

+--------------+-----------------------+------------------------+-----------------+--------------+
| Clock Enable | Synchronous Set/Reset | Asynchronous Set/Reset | Total Registers | Total Slices |
+--------------+-----------------------+------------------------+-----------------+--------------+
| No           | No                    | No                     |            1651 |          429 |
| No           | No                    | Yes                    |             151 |           68 |
| No           | Yes                   | No                     |            1283 |          478 |
| Yes          | No                    | No                     |             597 |          307 |
| Yes          | No                    | Yes                    |              86 |           30 |
| Yes          | Yes                   | No                     |            1097 |          380 |
+--------------+-----------------------+------------------------+-----------------+--------------+


4. Detailed Control Set Information
-----------------------------------

+-----------------------------------------+----------------------------------------------------------------------------------------------------------------------------------------------------------------------------------------------------------------------------------------------------------+-----------------------------------------------------------------------------------------------------------------------------------------------------------------------------------------------------------------------------------------+------------------+----------------+--------------+
|               Clock Signal              |                                                                                                                       Enable Signal                                                                                                                      |                                                                                                             Set/Reset Signal                                                                                                            | Slice Load Count | Bel Load Count | Bels / Slice |
+-----------------------------------------+----------------------------------------------------------------------------------------------------------------------------------------------------------------------------------------------------------------------------------------------------------+-----------------------------------------------------------------------------------------------------------------------------------------------------------------------------------------------------------------------------------------+------------------+----------------+--------------+
|  dbg_hub/inst/BSCANID.u_xsdbm_id/itck_i |                                                                                                                                                                                                                                                          | dbg_hub/inst/BSCANID.u_xsdbm_id/SWITCH_N_EXT_BSCAN.bscan_inst/RESET                                                                                                                                                                     |                1 |              1 |         1.00 |
|  CNC_Top_i/clk_wiz/inst/clk_out1        | CNC_Top_i/DriverController_Y/inst/step_i_1_n_0                                                                                                                                                                                                           | CNC_Top_i/DriverController_Y/inst/clk_counter1_n_0                                                                                                                                                                                      |                1 |              1 |         1.00 |
|  CNC_Top_i/clk_wiz/inst/clk_out1        |                                                                                                                                                                                                                                                          | dbg_hub/inst/BSCANID.u_xsdbm_id/CORE_XSDB.UUT_MASTER/U_ICON_INTERFACE/U_CMD6_RD/U_RD_FIFO/SUBCORE_FIFO.xsdbm_v3_0_3_rdfifo_inst/inst_fifo_gen/gconvfifo.rf/grf.rf/rstblk/ngwrdrst.rst_wr_reg2                                           |                1 |              1 |         1.00 |
|  CNC_Top_i/clk_wiz/inst/clk_out1        |                                                                                                                                                                                                                                                          | dbg_hub/inst/BSCANID.u_xsdbm_id/CORE_XSDB.UUT_MASTER/U_XSDB_BUS_CONTROLLER/clr_rd_req                                                                                                                                                   |                1 |              1 |         1.00 |
|  dbg_hub/inst/BSCANID.u_xsdbm_id/itck_i |                                                                                                                                                                                                                                                          | dbg_hub/inst/BSCANID.u_xsdbm_id/CORE_XSDB.UUT_MASTER/U_ICON_INTERFACE/U_CMD6_WR/U_WR_FIFO/SUBCORE_FIFO.xsdbm_v3_0_3_wrfifo_inst/inst_fifo_gen/gconvfifo.rf/grf.rf/rstblk/ngwrdrst.rst_wr_reg2                                           |                1 |              1 |         1.00 |
|  dbg_hub/inst/BSCANID.u_xsdbm_id/itck_i |                                                                                                                                                                                                                                                          | dbg_hub/inst/BSCANID.u_xsdbm_id/CORE_XSDB.UUT_MASTER/U_ICON_INTERFACE/U_CMD6_RD/U_RD_FIFO/SUBCORE_FIFO.xsdbm_v3_0_3_rdfifo_inst/inst_fifo_gen/gconvfifo.rf/grf.rf/rstblk/ngwrdrst.grst.rst_rd_reg2                                      |                1 |              1 |         1.00 |
|  CNC_Top_i/clk_wiz/inst/clk_out1        |                                                                                                                                                                                                                                                          | dbg_hub/inst/BSCANID.u_xsdbm_id/CORE_XSDB.UUT_MASTER/U_XSDB_BUS_CONTROLLER/clr_abort_rd                                                                                                                                                 |                1 |              1 |         1.00 |
|  dbg_hub/inst/BSCANID.u_xsdbm_id/itck_i | dbg_hub/inst/BSCANID.u_xsdbm_id/SWITCH_N_EXT_BSCAN.bscan_switch/temp_curid[28]_i_1_n_0                                                                                                                                                                   |                                                                                                                                                                                                                                         |                1 |              1 |         1.00 |
|  CNC_Top_i/clk_wiz/inst/clk_out1        |                                                                                                                                                                                                                                                          | dbg_hub/inst/BSCANID.u_xsdbm_id/CORE_XSDB.UUT_MASTER/U_ICON_INTERFACE/U_CMD6_WR/U_WR_FIFO/SUBCORE_FIFO.xsdbm_v3_0_3_wrfifo_inst/inst_fifo_gen/gconvfifo.rf/grf.rf/rstblk/ngwrdrst.grst.rst_rd_reg2                                      |                1 |              1 |         1.00 |
|  CNC_Top_i/clk_wiz/inst/clk_out1        | CNC_Top_i/DriverController_Z/inst/step_i_1_n_0                                                                                                                                                                                                           | CNC_Top_i/DriverController_Z/inst/clk_counter1_n_0                                                                                                                                                                                      |                1 |              1 |         1.00 |
|  dbg_hub/inst/BSCANID.u_xsdbm_id/itck_i |                                                                                                                                                                                                                                                          | dbg_hub/inst/BSCANID.u_xsdbm_id/CORE_XSDB.UUT_MASTER/U_ICON_INTERFACE/rddata_rst                                                                                                                                                        |                1 |              2 |         2.00 |
|  dbg_hub/inst/BSCANID.u_xsdbm_id/itck_i |                                                                                                                                                                                                                                                          | dbg_hub/inst/BSCANID.u_xsdbm_id/CORE_XSDB.UUT_MASTER/U_ICON_INTERFACE/wrdata_rst                                                                                                                                                        |                1 |              2 |         2.00 |
|  CNC_Top_i/clk_wiz/inst/clk_out1        |                                                                                                                                                                                                                                                          | dbg_hub/inst/BSCANID.u_xsdbm_id/CORE_XSDB.UUT_MASTER/U_ICON_INTERFACE/U_CMD6_WR/U_WR_FIFO/SUBCORE_FIFO.xsdbm_v3_0_3_wrfifo_inst/inst_fifo_gen/gconvfifo.rf/grf.rf/rstblk/ngwrdrst.grst.rd_rst_reg[2]                                    |                2 |              2 |         1.00 |
|  CNC_Top_i/clk_wiz/inst/clk_out1        |                                                                                                                                                                                                                                                          | dbg_hub/inst/BSCANID.u_xsdbm_id/CORE_XSDB.UUT_MASTER/U_ICON_INTERFACE/wrdata_rst                                                                                                                                                        |                1 |              2 |         2.00 |
|  dbg_hub/inst/BSCANID.u_xsdbm_id/itck_i | dbg_hub/inst/BSCANID.u_xsdbm_id/SWITCH_N_EXT_BSCAN.bscan_switch/id_state[1]_i_1_n_0                                                                                                                                                                      | dbg_hub/inst/BSCANID.u_xsdbm_id/SWITCH_N_EXT_BSCAN.bscan_inst/RESET                                                                                                                                                                     |                1 |              2 |         2.00 |
|  CNC_Top_i/clk_wiz/inst/clk_out1        |                                                                                                                                                                                                                                                          | dbg_hub/inst/BSCANID.u_xsdbm_id/CORE_XSDB.UUT_MASTER/U_ICON_INTERFACE/rddata_rst                                                                                                                                                        |                1 |              2 |         2.00 |
|  CNC_Top_i/clk_wiz/inst/clk_out1        | CNC_Top_i/DriverController_X/inst/step_i_1_n_0                                                                                                                                                                                                           | CNC_Top_i/DriverController_X/inst/clk_counter1_n_0                                                                                                                                                                                      |                1 |              2 |         2.00 |
|  CNC_Top_i/clk_wiz/inst/clk_out1        |                                                                                                                                                                                                                                                          | dbg_hub/inst/BSCANID.u_xsdbm_id/CORE_XSDB.UUT_MASTER/U_XSDB_BUS_CONTROLLER/sl_iport2_o[0]                                                                                                                                               |                1 |              3 |         3.00 |
|  dbg_hub/inst/BSCANID.u_xsdbm_id/itck_i | dbg_hub/inst/BSCANID.u_xsdbm_id/CORE_XSDB.UUT_MASTER/U_ICON_INTERFACE/U_CMD7_STAT/icn_cmd_en_temp                                                                                                                                                        |                                                                                                                                                                                                                                         |                2 |              3 |         1.50 |
|  CNC_Top_i/clk_wiz/inst/clk_out1        |                                                                                                                                                                                                                                                          | dbg_hub/inst/BSCANID.u_xsdbm_id/CORE_XSDB.UUT_MASTER/U_XSDB_BUS_CONTROLLER/sl_iport0_o[0]                                                                                                                                               |                1 |              3 |         3.00 |
|  CNC_Top_i/clk_wiz/inst/clk_out1        |                                                                                                                                                                                                                                                          | dbg_hub/inst/BSCANID.u_xsdbm_id/CORE_XSDB.UUT_MASTER/U_XSDB_BUS_CONTROLLER/sl_iport1_o[0]                                                                                                                                               |                2 |              3 |         1.50 |
|  dbg_hub/inst/BSCANID.u_xsdbm_id/itck_i |                                                                                                                                                                                                                                                          | dbg_hub/inst/BSCANID.u_xsdbm_id/CORE_XSDB.UUT_MASTER/U_ICON_INTERFACE/U_CMD6_WR/U_WR_FIFO/SUBCORE_FIFO.xsdbm_v3_0_3_wrfifo_inst/inst_fifo_gen/gconvfifo.rf/grf.rf/rstblk/ngwrdrst.grst.g7serrst.gwrrd_rst_sync_stage[2].wrst_inst/AS[0] |                2 |              3 |         1.50 |
|  dbg_hub/inst/BSCANID.u_xsdbm_id/itck_i |                                                                                                                                                                                                                                                          | dbg_hub/inst/BSCANID.u_xsdbm_id/CORE_XSDB.UUT_MASTER/U_ICON_INTERFACE/U_CMD6_RD/U_RD_FIFO/SUBCORE_FIFO.xsdbm_v3_0_3_rdfifo_inst/inst_fifo_gen/gconvfifo.rf/grf.rf/rstblk/ngwrdrst.grst.g7serrst.gwrrd_rst_sync_stage[2].rrst_inst/AS[0] |                2 |              3 |         1.50 |
|  CNC_Top_i/clk_wiz/inst/clk_out1        | dbg_hub/inst/BSCANID.u_xsdbm_id/CORE_XSDB.UUT_MASTER/U_ICON_INTERFACE/U_CMD7_STAT/stat_reg_ld_temp_1_reg_n_0                                                                                                                                             |                                                                                                                                                                                                                                         |                3 |              3 |         1.00 |
|  CNC_Top_i/clk_wiz/inst/clk_out1        |                                                                                                                                                                                                                                                          | dbg_hub/inst/BSCANID.u_xsdbm_id/CORE_XSDB.UUT_MASTER/U_ICON_INTERFACE/U_CMD6_RD/U_RD_FIFO/SUBCORE_FIFO.xsdbm_v3_0_3_rdfifo_inst/inst_fifo_gen/gconvfifo.rf/grf.rf/rstblk/ngwrdrst.grst.g7serrst.gwrrd_rst_sync_stage[2].wrst_inst/AS[0] |                3 |              3 |         1.00 |
|  CNC_Top_i/clk_wiz/inst/clk_out1        | dbg_hub/inst/BSCANID.u_xsdbm_id/CORE_XSDB.UUT_MASTER/U_ICON_INTERFACE/U_CMD7_CTL/ctl_reg[2]_i_1_n_0                                                                                                                                                      | dbg_hub/inst/BSCANID.u_xsdbm_id/CORE_XSDB.UUT_MASTER/U_ICON_INTERFACE/U_CMD1/ctl_reg[0]                                                                                                                                                 |                1 |              3 |         3.00 |
|  dbg_hub/inst/BSCANID.u_xsdbm_id/itck_i | dbg_hub/inst/BSCANID.u_xsdbm_id/CORE_XSDB.UUT_MASTER/U_ICON_INTERFACE/U_CMD7_CTL/icn_cmd_en_temp                                                                                                                                                         | dbg_hub/inst/BSCANID.u_xsdbm_id/CORE_XSDB.UUT_MASTER/U_ICON_INTERFACE/U_CMD1/ctl_reg[0]                                                                                                                                                 |                1 |              3 |         3.00 |
|  CNC_Top_i/clk_wiz/inst/clk_out1        |                                                                                                                                                                                                                                                          | dbg_hub/inst/BSCANID.u_xsdbm_id/CORE_XSDB.UUT_MASTER/U_ICON_INTERFACE/U_CMD6_WR/U_WR_FIFO/SUBCORE_FIFO.xsdbm_v3_0_3_wrfifo_inst/inst_fifo_gen/gconvfifo.rf/grf.rf/rstblk/ngwrdrst.grst.g7serrst.gwrrd_rst_sync_stage[2].rrst_inst/AS[0] |                3 |              3 |         1.00 |
|  dbg_hub/inst/BSCANID.u_xsdbm_id/itck_i |                                                                                                                                                                                                                                                          | dbg_hub/inst/BSCANID.u_xsdbm_id/CORE_XSDB.UUT_MASTER/U_ICON_INTERFACE/U_CMD5/shift_reg_in_reg[17]_0[0]                                                                                                                                  |                1 |              4 |         4.00 |
|  dbg_hub/inst/BSCANID.u_xsdbm_id/itck_i |                                                                                                                                                                                                                                                          | dbg_hub/inst/BSCANID.u_xsdbm_id/CORE_XSDB.UUT_MASTER/U_ICON_INTERFACE/U_CMD5/SR[0]                                                                                                                                                      |                1 |              4 |         4.00 |
|  CNC_Top_i/clk_wiz/inst/clk_out1        |                                                                                                                                                                                                                                                          | CNC_Top_i/vio_2/inst/DECODER_INST/s_den_o_INST_0                                                                                                                                                                                        |                1 |              4 |         4.00 |
|  CNC_Top_i/clk_wiz/inst/clk_out1        | dbg_hub/inst/BSCANID.u_xsdbm_id/CORE_XSDB.UUT_MASTER/U_ICON_INTERFACE/U_CMD2/stat_reg_ld_temp_1                                                                                                                                                          |                                                                                                                                                                                                                                         |                4 |              4 |         1.00 |
|  CNC_Top_i/clk_wiz/inst/clk_out1        | dbg_hub/inst/BSCANID.u_xsdbm_id/CORE_XSDB.UUT_MASTER/U_ICON_INTERFACE/U_CMD1/ctl_reg[3]_i_1_n_0                                                                                                                                                          |                                                                                                                                                                                                                                         |                2 |              4 |         2.00 |
|  dbg_hub/inst/BSCANID.u_xsdbm_id/itck_i | dbg_hub/inst/BSCANID.u_xsdbm_id/CORE_XSDB.UUT_MASTER/U_ICON_INTERFACE/U_CMD1/icn_cmd_en_temp                                                                                                                                                             |                                                                                                                                                                                                                                         |                1 |              4 |         4.00 |
|  dbg_hub/inst/BSCANID.u_xsdbm_id/itck_i | dbg_hub/inst/BSCANID.u_xsdbm_id/CORE_XSDB.UUT_MASTER/U_ICON_INTERFACE/U_CMD2/icn_cmd_en_temp                                                                                                                                                             |                                                                                                                                                                                                                                         |                2 |              4 |         2.00 |
|  dbg_hub/inst/BSCANID.u_xsdbm_id/itck_i |                                                                                                                                                                                                                                                          | dbg_hub/inst/BSCANID.u_xsdbm_id/CORE_XSDB.U_ICON/U_CMD/SYNC_reg                                                                                                                                                                         |                3 |              4 |         1.33 |
|  CNC_Top_i/clk_wiz/inst/clk_out1        |                                                                                                                                                                                                                                                          | CNC_Top_i/vio_0/inst/DECODER_INST/s_den_o_INST_0                                                                                                                                                                                        |                1 |              4 |         4.00 |
|  CNC_Top_i/clk_wiz/inst/clk_out1        | dbg_hub/inst/BSCANID.u_xsdbm_id/CORE_XSDB.UUT_MASTER/U_XSDB_BUS_CONTROLLER/U_TIMER/E[0]                                                                                                                                                                  | dbg_hub/inst/BSCANID.u_xsdbm_id/CORE_XSDB.UUT_MASTER/U_ICON_INTERFACE/U_CMD1/ctl_reg[0]                                                                                                                                                 |                2 |              4 |         2.00 |
|  dbg_hub/inst/BSCANID.u_xsdbm_id/itck_i |                                                                                                                                                                                                                                                          | dbg_hub/inst/BSCANID.u_xsdbm_id/CORE_XSDB.UUT_MASTER/U_ICON_INTERFACE/icn_cmd_en[3]_i_1_n_0                                                                                                                                             |                2 |              4 |         2.00 |
|  CNC_Top_i/clk_wiz/inst/clk_out1        | CNC_Top_i/XYZ_Axis_Coordinator_0/inst/state_timer[29]_i_1_n_0                                                                                                                                                                                            | CNC_Top_i/XYZ_Axis_Coordinator_0/inst/state0                                                                                                                                                                                            |                1 |              4 |         4.00 |
|  CNC_Top_i/clk_wiz/inst/clk_out1        | CNC_Top_i/vio_0/inst/DECODER_INST/wr_control_reg                                                                                                                                                                                                         | dbg_hub/inst/BSCANID.u_xsdbm_id/CORE_XSDB.UUT_MASTER/U_XSDB_BUS_CONTROLLER/sl_iport0_o[0]                                                                                                                                               |                1 |              4 |         4.00 |
|  CNC_Top_i/clk_wiz/inst/clk_out1        | CNC_Top_i/vio_1/inst/DECODER_INST/wr_control_reg                                                                                                                                                                                                         | dbg_hub/inst/BSCANID.u_xsdbm_id/CORE_XSDB.UUT_MASTER/U_XSDB_BUS_CONTROLLER/sl_iport1_o[0]                                                                                                                                               |                3 |              4 |         1.33 |
|  CNC_Top_i/clk_wiz/inst/clk_out1        | CNC_Top_i/vio_2/inst/DECODER_INST/wr_control_reg                                                                                                                                                                                                         | dbg_hub/inst/BSCANID.u_xsdbm_id/CORE_XSDB.UUT_MASTER/U_XSDB_BUS_CONTROLLER/sl_iport2_o[0]                                                                                                                                               |                1 |              4 |         4.00 |
|  CNC_Top_i/clk_wiz/inst/clk_out1        | dbg_hub/inst/BSCANID.u_xsdbm_id/CORE_XSDB.UUT_MASTER/U_ICON_INTERFACE/U_CMD3/stat_reg_ld_temp_1_reg_n_0                                                                                                                                                  |                                                                                                                                                                                                                                         |                5 |              5 |         1.00 |
|  dbg_hub/inst/BSCANID.u_xsdbm_id/itck_i | dbg_hub/inst/BSCANID.u_xsdbm_id/CORE_XSDB.UUT_MASTER/U_ICON_INTERFACE/U_CMD3/icn_cmd_en_temp                                                                                                                                                             |                                                                                                                                                                                                                                         |                2 |              5 |         2.50 |
|  CNC_Top_i/clk_wiz/inst/clk_out1        | CNC_Top_i/vio_0/inst/PROBE_IN_INST/Read_int                                                                                                                                                                                                              | CNC_Top_i/vio_0/inst/PROBE_IN_INST/addr_count_reg0                                                                                                                                                                                      |                2 |              6 |         3.00 |
|  dbg_hub/inst/BSCANID.u_xsdbm_id/itck_i |                                                                                                                                                                                                                                                          | dbg_hub/inst/BSCANID.u_xsdbm_id/CORE_XSDB.U_ICON/U_CMD/SR[0]                                                                                                                                                                            |                1 |              6 |         6.00 |
|  dbg_hub/inst/BSCANID.u_xsdbm_id/itck_i | dbg_hub/inst/BSCANID.u_xsdbm_id/SWITCH_N_EXT_BSCAN.bscan_inst/SEL                                                                                                                                                                                        | dbg_hub/inst/BSCANID.u_xsdbm_id/SWITCH_N_EXT_BSCAN.bscan_inst/RESET                                                                                                                                                                     |                2 |              6 |         3.00 |
|  dbg_hub/inst/BSCANID.u_xsdbm_id/itck_i |                                                                                                                                                                                                                                                          | dbg_hub/inst/BSCANID.u_xsdbm_id/CORE_XSDB.UUT_MASTER/U_ICON_INTERFACE/U_STATIC_STATUS/clear                                                                                                                                             |                2 |              7 |         3.50 |
|  dbg_hub/inst/BSCANID.u_xsdbm_id/itck_i |                                                                                                                                                                                                                                                          | dbg_hub/inst/BSCANID.u_xsdbm_id/SWITCH_N_EXT_BSCAN.bscan_switch/counter[7]_i_1_n_0                                                                                                                                                      |                3 |              8 |         2.67 |
|  CNC_Top_i/clk_wiz/inst/clk_out1        |                                                                                                                                                                                                                                                          | dbg_hub/inst/BSCANID.u_xsdbm_id/CORE_XSDB.UUT_MASTER/U_XSDB_BUS_CONTROLLER/timer_rst                                                                                                                                                    |                2 |              8 |         4.00 |
|  dbg_hub/inst/BSCANID.u_xsdbm_id/itck_i |                                                                                                                                                                                                                                                          | dbg_hub/inst/BSCANID.u_xsdbm_id/CORE_XSDB.U_ICON/U_SYNC/iSYNC_WORD[6]_i_1_n_0                                                                                                                                                           |                2 |              8 |         4.00 |
|  CNC_Top_i/clk_wiz/inst/clk_out1        | dbg_hub/inst/BSCANID.u_xsdbm_id/CORE_XSDB.UUT_MASTER/U_ICON_INTERFACE/U_CMD6_WR/U_WR_FIFO/SUBCORE_FIFO.xsdbm_v3_0_3_wrfifo_inst/inst_fifo_gen/gconvfifo.rf/grf.rf/gntv_or_sync_fifo.gl0.rd/gras.rsts/E[0]                                                | dbg_hub/inst/BSCANID.u_xsdbm_id/CORE_XSDB.UUT_MASTER/U_ICON_INTERFACE/U_CMD6_WR/U_WR_FIFO/SUBCORE_FIFO.xsdbm_v3_0_3_wrfifo_inst/inst_fifo_gen/gconvfifo.rf/grf.rf/rstblk/ngwrdrst.grst.rd_rst_reg[2]                                    |                2 |              8 |         4.00 |
|  dbg_hub/inst/BSCANID.u_xsdbm_id/itck_i | dbg_hub/inst/BSCANID.u_xsdbm_id/CORE_XSDB.UUT_MASTER/U_ICON_INTERFACE/U_CMD6_RD/U_RD_FIFO/SUBCORE_FIFO.xsdbm_v3_0_3_rdfifo_inst/inst_fifo_gen/gconvfifo.rf/grf.rf/gntv_or_sync_fifo.gl0.rd/gr1.gr1_int.rfwft/E[0]                                        | dbg_hub/inst/BSCANID.u_xsdbm_id/CORE_XSDB.UUT_MASTER/U_ICON_INTERFACE/U_CMD6_RD/U_RD_FIFO/SUBCORE_FIFO.xsdbm_v3_0_3_rdfifo_inst/inst_fifo_gen/gconvfifo.rf/grf.rf/rstblk/ngwrdrst.grst.rd_rst_reg[2]                                    |                2 |              8 |         4.00 |
|  CNC_Top_i/clk_wiz/inst/clk_out1        | CNC_Top_i/vio_1/inst/PROBE_IN_INST/Read_int                                                                                                                                                                                                              | CNC_Top_i/vio_1/inst/PROBE_IN_INST/addr_count_reg0                                                                                                                                                                                      |                3 |              8 |         2.67 |
|  CNC_Top_i/clk_wiz/inst/clk_out1        | CNC_Top_i/vio_2/inst/PROBE_IN_INST/Read_int                                                                                                                                                                                                              | CNC_Top_i/vio_2/inst/PROBE_IN_INST/addr_count_reg0                                                                                                                                                                                      |                4 |              9 |         2.25 |
|  dbg_hub/inst/BSCANID.u_xsdbm_id/itck_i |                                                                                                                                                                                                                                                          | dbg_hub/inst/BSCANID.u_xsdbm_id/CORE_XSDB.UUT_MASTER/U_ICON_INTERFACE/U_CMD6_RD/U_RD_FIFO/SUBCORE_FIFO.xsdbm_v3_0_3_rdfifo_inst/inst_fifo_gen/gconvfifo.rf/grf.rf/rstblk/ngwrdrst.grst.rd_rst_reg[2]                                    |                4 |             10 |         2.50 |
|  dbg_hub/inst/BSCANID.u_xsdbm_id/itck_i | dbg_hub/inst/BSCANID.u_xsdbm_id/CORE_XSDB.U_ICON/U_CMD/iTARGET_CE                                                                                                                                                                                        | dbg_hub/inst/BSCANID.u_xsdbm_id/CORE_XSDB.U_ICON/U_CMD/iSEL_n                                                                                                                                                                           |                5 |             10 |         2.00 |
|  CNC_Top_i/clk_wiz/inst/clk_out1        | dbg_hub/inst/BSCANID.u_xsdbm_id/CORE_XSDB.UUT_MASTER/U_ICON_INTERFACE/U_CMD6_RD/U_RD_FIFO/SUBCORE_FIFO.xsdbm_v3_0_3_rdfifo_inst/inst_fifo_gen/gconvfifo.rf/grf.rf/gntv_or_sync_fifo.gl0.wr/gwas.wsts/E[0]                                                | dbg_hub/inst/BSCANID.u_xsdbm_id/CORE_XSDB.UUT_MASTER/U_ICON_INTERFACE/U_CMD6_RD/U_RD_FIFO/SUBCORE_FIFO.xsdbm_v3_0_3_rdfifo_inst/inst_fifo_gen/gconvfifo.rf/grf.rf/rstblk/ngwrdrst.grst.wr_rst_reg[1]                                    |                5 |             12 |         2.40 |
|  dbg_hub/inst/BSCANID.u_xsdbm_id/itck_i | dbg_hub/inst/BSCANID.u_xsdbm_id/CORE_XSDB.UUT_MASTER/U_ICON_INTERFACE/U_CMD6_WR/U_WR_FIFO/SUBCORE_FIFO.xsdbm_v3_0_3_wrfifo_inst/inst_fifo_gen/gconvfifo.rf/grf.rf/gntv_or_sync_fifo.gl0.wr/gwas.wsts/E[0]                                                | dbg_hub/inst/BSCANID.u_xsdbm_id/CORE_XSDB.UUT_MASTER/U_ICON_INTERFACE/U_CMD6_WR/U_WR_FIFO/SUBCORE_FIFO.xsdbm_v3_0_3_wrfifo_inst/inst_fifo_gen/gconvfifo.rf/grf.rf/rstblk/ngwrdrst.grst.wr_rst_reg[1]                                    |                4 |             12 |         3.00 |
|  CNC_Top_i/clk_wiz/inst/clk_out1        | CNC_Top_i/vio_2/inst/U_XSDB_SLAVE/reg_test0                                                                                                                                                                                                              |                                                                                                                                                                                                                                         |               11 |             16 |         1.45 |
|  CNC_Top_i/clk_wiz/inst/clk_out1        |                                                                                                                                                                                                                                                          | CNC_Top_i/vio_0/inst/DECODER_INST/xsdb_addr_8_p2                                                                                                                                                                                        |                5 |             16 |         3.20 |
|  CNC_Top_i/clk_wiz/inst/clk_out1        |                                                                                                                                                                                                                                                          | CNC_Top_i/vio_1/inst/DECODER_INST/xsdb_addr_8_p2                                                                                                                                                                                        |                5 |             16 |         3.20 |
|  CNC_Top_i/clk_wiz/inst/clk_out1        |                                                                                                                                                                                                                                                          | CNC_Top_i/vio_2/inst/DECODER_INST/xsdb_addr_8_p2                                                                                                                                                                                        |                9 |             16 |         1.78 |
|  CNC_Top_i/clk_wiz/inst/clk_out1        | dbg_hub/inst/BSCANID.u_xsdbm_id/CORE_XSDB.UUT_MASTER/U_ICON_INTERFACE/U_CMD6_WR/U_WR_FIFO/SUBCORE_FIFO.xsdbm_v3_0_3_wrfifo_inst/inst_fifo_gen/gconvfifo.rf/grf.rf/gntv_or_sync_fifo.gl0.rd/gras.rsts/E[0]                                                |                                                                                                                                                                                                                                         |                5 |             16 |         3.20 |
|  CNC_Top_i/clk_wiz/inst/clk_out1        | CNC_Top_i/vio_0/inst/U_XSDB_SLAVE/reg_test0                                                                                                                                                                                                              |                                                                                                                                                                                                                                         |                7 |             16 |         2.29 |
|  dbg_hub/inst/BSCANID.u_xsdbm_id/itck_i |                                                                                                                                                                                                                                                          | dbg_hub/inst/BSCANID.u_xsdbm_id/CORE_XSDB.UUT_MASTER/U_ICON_INTERFACE/U_CMD6_RD/U_RD_FIFO/SUBCORE_FIFO.xsdbm_v3_0_3_rdfifo_inst/inst_fifo_gen/gconvfifo.rf/grf.rf/rstblk/ngwrdrst.grst.rd_rst_reg[1]                                    |                5 |             16 |         3.20 |
|  CNC_Top_i/clk_wiz/inst/clk_out1        | CNC_Top_i/vio_0/inst/DECODER_INST/wr_probe_out_modified                                                                                                                                                                                                  | CNC_Top_i/vio_0/inst/DECODER_INST/clear_int                                                                                                                                                                                             |                6 |             16 |         2.67 |
|  dbg_hub/inst/BSCANID.u_xsdbm_id/itck_i | dbg_hub/inst/BSCANID.u_xsdbm_id/CORE_XSDB.UUT_MASTER/U_ICON_INTERFACE/U_CMD6_RD/U_RD_FIFO/SUBCORE_FIFO.xsdbm_v3_0_3_rdfifo_inst/inst_fifo_gen/gconvfifo.rf/grf.rf/gntv_or_sync_fifo.gl0.rd/gr1.gr1_int.rfwft/ngwrdrst.grst.g7serrst.rd_rst_reg_reg[0][0] |                                                                                                                                                                                                                                         |                8 |             16 |         2.00 |
|  CNC_Top_i/clk_wiz/inst/clk_out1        | CNC_Top_i/vio_1/inst/DECODER_INST/wr_probe_out_modified                                                                                                                                                                                                  | CNC_Top_i/vio_1/inst/DECODER_INST/clear_int                                                                                                                                                                                             |                6 |             16 |         2.67 |
|  dbg_hub/inst/BSCANID.u_xsdbm_id/itck_i | dbg_hub/inst/BSCANID.u_xsdbm_id/CORE_XSDB.UUT_MASTER/U_ICON_INTERFACE/U_CMD6_RD/U_RD_FIFO/SUBCORE_FIFO.xsdbm_v3_0_3_rdfifo_inst/inst_fifo_gen/gconvfifo.rf/grf.rf/gntv_or_sync_fifo.gl0.rd/gr1.gr1_int.rfwft/E[0]                                        |                                                                                                                                                                                                                                         |                6 |             16 |         2.67 |
|  dbg_hub/inst/BSCANID.u_xsdbm_id/itck_i | dbg_hub/inst/BSCANID.u_xsdbm_id/CORE_XSDB.UUT_MASTER/U_ICON_INTERFACE/U_CMD5/E[0]                                                                                                                                                                        | dbg_hub/inst/BSCANID.u_xsdbm_id/CORE_XSDB.UUT_MASTER/U_ICON_INTERFACE/rddata_rst                                                                                                                                                        |                6 |             16 |         2.67 |
|  CNC_Top_i/clk_wiz/inst/clk_out1        | CNC_Top_i/vio_1/inst/U_XSDB_SLAVE/reg_test0                                                                                                                                                                                                              |                                                                                                                                                                                                                                         |               10 |             16 |         1.60 |
|  dbg_hub/inst/BSCANID.u_xsdbm_id/itck_i | dbg_hub/inst/BSCANID.u_xsdbm_id/CORE_XSDB.UUT_MASTER/U_ICON_INTERFACE/U_CMD5/icn_cmd_en_reg[6][0]                                                                                                                                                        | dbg_hub/inst/BSCANID.u_xsdbm_id/CORE_XSDB.UUT_MASTER/U_ICON_INTERFACE/wrdata_rst                                                                                                                                                        |                4 |             16 |         4.00 |
|  CNC_Top_i/clk_wiz/inst/clk_out1        | CNC_Top_i/vio_2/inst/DECODER_INST/wr_probe_out_modified                                                                                                                                                                                                  | CNC_Top_i/vio_2/inst/DECODER_INST/clear_int                                                                                                                                                                                             |               12 |             16 |         1.33 |
|  CNC_Top_i/clk_wiz/inst/clk_out1        |                                                                                                                                                                                                                                                          | dbg_hub/inst/BSCANID.u_xsdbm_id/CORE_XSDB.UUT_MASTER/U_ICON_INTERFACE/U_CMD6_WR/U_WR_FIFO/SUBCORE_FIFO.xsdbm_v3_0_3_wrfifo_inst/inst_fifo_gen/gconvfifo.rf/grf.rf/rstblk/ngwrdrst.grst.rd_rst_reg[1]                                    |                6 |             16 |         2.67 |
|  CNC_Top_i/clk_wiz/inst/clk_out1        | dbg_hub/inst/BSCANID.u_xsdbm_id/CORE_XSDB.UUT_MASTER/U_XSDB_BURST_WD_LEN_CONTROLLER/burst_wd[0]_i_1_n_0                                                                                                                                                  | dbg_hub/inst/BSCANID.u_xsdbm_id/CORE_XSDB.UUT_MASTER/U_ICON_INTERFACE/U_CMD1/ctl_reg[0]                                                                                                                                                 |                5 |             17 |         3.40 |
|  CNC_Top_i/clk_wiz/inst/clk_out1        | dbg_hub/inst/BSCANID.u_xsdbm_id/CORE_XSDB.UUT_MASTER/U_XSDB_ADDRESS_CONTROLLER/addr[16]_i_1_n_0                                                                                                                                                          | dbg_hub/inst/BSCANID.u_xsdbm_id/CORE_XSDB.UUT_MASTER/U_ICON_INTERFACE/U_CMD1/ctl_reg[0]                                                                                                                                                 |                5 |             17 |         3.40 |
|  dbg_hub/inst/BSCANID.u_xsdbm_id/itck_i | dbg_hub/inst/BSCANID.u_xsdbm_id/CORE_XSDB.UUT_MASTER/U_ICON_INTERFACE/U_CMD5/icn_cmd_en_temp                                                                                                                                                             | dbg_hub/inst/BSCANID.u_xsdbm_id/CORE_XSDB.UUT_MASTER/U_ICON_INTERFACE/U_CMD1/ctl_reg[0]                                                                                                                                                 |                3 |             18 |         6.00 |
|  CNC_Top_i/clk_wiz/inst/clk_out1        |                                                                                                                                                                                                                                                          | dbg_hub/inst/BSCANID.u_xsdbm_id/CORE_XSDB.UUT_MASTER/U_ICON_INTERFACE/U_CMD6_RD/U_RD_FIFO/SUBCORE_FIFO.xsdbm_v3_0_3_rdfifo_inst/inst_fifo_gen/gconvfifo.rf/grf.rf/rstblk/ngwrdrst.grst.wr_rst_reg[0]                                    |                5 |             18 |         3.60 |
|  CNC_Top_i/clk_wiz/inst/clk_out1        | dbg_hub/inst/BSCANID.u_xsdbm_id/CORE_XSDB.UUT_MASTER/U_ICON_INTERFACE/U_CMD5/ctl_reg[17]_i_1_n_0                                                                                                                                                         | dbg_hub/inst/BSCANID.u_xsdbm_id/CORE_XSDB.UUT_MASTER/U_ICON_INTERFACE/U_CMD1/ctl_reg[0]                                                                                                                                                 |                6 |             18 |         3.00 |
|  dbg_hub/inst/BSCANID.u_xsdbm_id/itck_i |                                                                                                                                                                                                                                                          | dbg_hub/inst/BSCANID.u_xsdbm_id/CORE_XSDB.UUT_MASTER/U_ICON_INTERFACE/U_CMD6_WR/U_WR_FIFO/SUBCORE_FIFO.xsdbm_v3_0_3_wrfifo_inst/inst_fifo_gen/gconvfifo.rf/grf.rf/rstblk/ngwrdrst.grst.wr_rst_reg[0]                                    |                7 |             18 |         2.57 |
|  CNC_Top_i/clk_wiz/inst/clk_out1        | CNC_Top_i/GCODE_Parser_0/inst/curr_line[9]_i_2_n_0                                                                                                                                                                                                       | CNC_Top_i/GCODE_Parser_0/inst/curr_line[9]_i_1_n_0                                                                                                                                                                                      |                5 |             20 |         4.00 |
|  CNC_Top_i/clk_wiz/inst/clk_out1        | dbg_hub/inst/BSCANID.u_xsdbm_id/CORE_XSDB.UUT_MASTER/U_ICON_INTERFACE/U_CMD6_RD/U_RD_FIFO/SUBCORE_FIFO.xsdbm_v3_0_3_rdfifo_inst/inst_fifo_gen/gconvfifo.rf/grf.rf/gntv_or_sync_fifo.gl0.wr/gwas.wsts/E[0]                                                |                                                                                                                                                                                                                                         |                3 |             24 |         8.00 |
|  dbg_hub/inst/BSCANID.u_xsdbm_id/itck_i | dbg_hub/inst/BSCANID.u_xsdbm_id/CORE_XSDB.UUT_MASTER/U_ICON_INTERFACE/U_CMD6_WR/U_WR_FIFO/SUBCORE_FIFO.xsdbm_v3_0_3_wrfifo_inst/inst_fifo_gen/gconvfifo.rf/grf.rf/gntv_or_sync_fifo.gl0.wr/gwas.wsts/E[0]                                                |                                                                                                                                                                                                                                         |                3 |             24 |         8.00 |
|  CNC_Top_i/clk_wiz/inst/clk_out1        | dbg_hub/inst/BSCANID.u_xsdbm_id/CORE_XSDB.UUT_MASTER/U_ICON_INTERFACE/U_CMD4/ctl_reg[27]_i_1_n_0                                                                                                                                                         | dbg_hub/inst/BSCANID.u_xsdbm_id/CORE_XSDB.UUT_MASTER/U_ICON_INTERFACE/U_CMD1/ctl_reg[0]                                                                                                                                                 |               10 |             28 |         2.80 |
|  dbg_hub/inst/BSCANID.u_xsdbm_id/itck_i | dbg_hub/inst/BSCANID.u_xsdbm_id/CORE_XSDB.UUT_MASTER/U_ICON_INTERFACE/U_CMD4/icn_cmd_en_temp                                                                                                                                                             | dbg_hub/inst/BSCANID.u_xsdbm_id/CORE_XSDB.UUT_MASTER/U_ICON_INTERFACE/U_CMD1/ctl_reg[0]                                                                                                                                                 |                4 |             28 |         7.00 |
|  dbg_hub/inst/BSCANID.u_xsdbm_id/itck_i | dbg_hub/inst/BSCANID.u_xsdbm_id/SWITCH_N_EXT_BSCAN.bscan_switch/temp_curid[28]_i_1_n_0                                                                                                                                                                   | dbg_hub/inst/BSCANID.u_xsdbm_id/SWITCH_N_EXT_BSCAN.bscan_switch/temp_curid[31]_i_1_n_0                                                                                                                                                  |               14 |             31 |         2.21 |
|  CNC_Top_i/clk_wiz/inst/clk_out1        | CNC_Top_i/XYZ_Axis_Coordinator_0/inst/bit                                                                                                                                                                                                                | CNC_Top_i/XYZ_Axis_Coordinator_0/inst/bit[60]_i_1_n_0                                                                                                                                                                                   |               11 |             31 |         2.82 |
|  dbg_hub/inst/BSCANID.u_xsdbm_id/itck_i |                                                                                                                                                                                                                                                          | dbg_hub/inst/BSCANID.u_xsdbm_id/SWITCH_N_EXT_BSCAN.bscan_switch/shiftreg[31]_i_1_n_0                                                                                                                                                    |               11 |             32 |         2.91 |
|  CNC_Top_i/clk_wiz/inst/clk_out1        | CNC_Top_i/XYZ_Axis_Coordinator_0/inst/clk_counter[31]_i_1_n_0                                                                                                                                                                                            | CNC_Top_i/XYZ_Axis_Coordinator_0/inst/state0                                                                                                                                                                                            |                9 |             32 |         3.56 |
|  CNC_Top_i/clk_wiz/inst/clk_out1        | CNC_Top_i/XYZ_Axis_Coordinator_0/inst/curr_pos_x[31]_i_1_n_0                                                                                                                                                                                             | CNC_Top_i/XYZ_Axis_Coordinator_0/inst/state0                                                                                                                                                                                            |                8 |             32 |         4.00 |
|  CNC_Top_i/clk_wiz/inst/clk_out1        | CNC_Top_i/XYZ_Axis_Coordinator_0/inst/curr_pos_y[31]_i_1_n_0                                                                                                                                                                                             | CNC_Top_i/XYZ_Axis_Coordinator_0/inst/state0                                                                                                                                                                                            |                8 |             32 |         4.00 |
|  CNC_Top_i/clk_wiz/inst/clk_out1        | CNC_Top_i/XYZ_Axis_Coordinator_0/inst/curr_pos_z[31]_i_1_n_0                                                                                                                                                                                             | CNC_Top_i/XYZ_Axis_Coordinator_0/inst/state0                                                                                                                                                                                            |                8 |             32 |         4.00 |
|  dbg_hub/inst/BSCANID.u_xsdbm_id/itck_i | dbg_hub/inst/BSCANID.u_xsdbm_id/SWITCH_N_EXT_BSCAN.bscan_switch/bscanid[31]_i_1_n_0                                                                                                                                                                      | dbg_hub/inst/BSCANID.u_xsdbm_id/SWITCH_N_EXT_BSCAN.bscan_inst/RESET                                                                                                                                                                     |               10 |             32 |         3.20 |
|  CNC_Top_i/clk_wiz/inst/clk_out1        | CNC_Top_i/XYZ_Axis_Coordinator_0/inst/distance                                                                                                                                                                                                           | CNC_Top_i/XYZ_Axis_Coordinator_0/inst/state0                                                                                                                                                                                            |               11 |             32 |         2.91 |
|  dbg_hub/inst/BSCANID.u_xsdbm_id/itck_i | dbg_hub/inst/BSCANID.u_xsdbm_id/SWITCH_N_EXT_BSCAN.id_state[1]_i_1_n_0                                                                                                                                                                                   | dbg_hub/inst/BSCANID.u_xsdbm_id/SWITCH_N_EXT_BSCAN.bscan_inst/RESET                                                                                                                                                                     |               10 |             34 |         3.40 |
|  CNC_Top_i/clk_wiz/inst/clk_out1        |                                                                                                                                                                                                                                                          | dbg_hub/inst/BSCANID.u_xsdbm_id/CORE_XSDB.UUT_MASTER/U_ICON_INTERFACE/U_CMD1/ctl_reg[0]                                                                                                                                                 |               21 |             49 |         2.33 |
|  CNC_Top_i/clk_wiz/inst/clk_out1        | CNC_Top_i/XYZ_Axis_Coordinator_0/inst/next_num_clk_cycles                                                                                                                                                                                                | CNC_Top_i/XYZ_Axis_Coordinator_0/inst/state0                                                                                                                                                                                            |               25 |             49 |         1.96 |
|  CNC_Top_i/clk_wiz/inst/clk_out1        | CNC_Top_i/XYZ_Axis_Coordinator_0/inst/cycles_per_step_x[51]_i_2_n_0                                                                                                                                                                                      | CNC_Top_i/XYZ_Axis_Coordinator_0/inst/state0                                                                                                                                                                                            |               15 |             52 |         3.47 |
|  CNC_Top_i/clk_wiz/inst/clk_out1        | CNC_Top_i/XYZ_Axis_Coordinator_0/inst/cycles_per_step_y[63]_i_1_n_0                                                                                                                                                                                      | CNC_Top_i/XYZ_Axis_Coordinator_0/inst/state0                                                                                                                                                                                            |               26 |             64 |         2.46 |
|  CNC_Top_i/clk_wiz/inst/clk_out1        | CNC_Top_i/XYZ_Axis_Coordinator_0/inst/cycles_per_step_z[63]_i_1_n_0                                                                                                                                                                                      | CNC_Top_i/XYZ_Axis_Coordinator_0/inst/state0                                                                                                                                                                                            |               27 |             64 |         2.37 |
|  CNC_Top_i/clk_wiz/inst/clk_out1        |                                                                                                                                                                                                                                                          | CNC_Top_i/DriverController_Z/inst/clk_counter[0]_i_1_n_0                                                                                                                                                                                |               16 |             64 |         4.00 |
|  CNC_Top_i/clk_wiz/inst/clk_out1        | CNC_Top_i/XYZ_Axis_Coordinator_0/inst/val[63]_i_1_n_0                                                                                                                                                                                                    | CNC_Top_i/XYZ_Axis_Coordinator_0/inst/state0                                                                                                                                                                                            |               16 |             64 |         4.00 |
|  CNC_Top_i/clk_wiz/inst/clk_out1        |                                                                                                                                                                                                                                                          | CNC_Top_i/DriverController_Y/inst/clk_counter[0]_i_1_n_0                                                                                                                                                                                |               16 |             64 |         4.00 |
|  CNC_Top_i/clk_wiz/inst/clk_out1        |                                                                                                                                                                                                                                                          | CNC_Top_i/DriverController_X/inst/clk_counter[0]_i_1_n_0                                                                                                                                                                                |               16 |             64 |         4.00 |
|  dbg_hub/inst/BSCANID.u_xsdbm_id/itck_i |                                                                                                                                                                                                                                                          |                                                                                                                                                                                                                                         |               34 |             67 |         1.97 |
|  CNC_Top_i/clk_wiz/inst/clk_out1        | CNC_Top_i/XYZ_Axis_Coordinator_0/inst/res                                                                                                                                                                                                                | CNC_Top_i/XYZ_Axis_Coordinator_0/inst/i                                                                                                                                                                                                 |               17 |             70 |         4.12 |
|  CNC_Top_i/clk_wiz/inst/clk_out1        | CNC_Top_i/vio_0/inst/DECODER_INST/E[0]                                                                                                                                                                                                                   |                                                                                                                                                                                                                                         |               63 |            112 |         1.78 |
|  CNC_Top_i/clk_wiz/inst/clk_out1        |                                                                                                                                                                                                                                                          | CNC_Top_i/vio_0/inst/PROBE_IN_INST/read_done_reg_rep_n_0                                                                                                                                                                                |               40 |            112 |         2.80 |
|  CNC_Top_i/clk_wiz/inst/clk_out1        |                                                                                                                                                                                                                                                          | CNC_Top_i/vio_0/inst/PROBE_IN_INST/read_done                                                                                                                                                                                            |               36 |            112 |         3.11 |
|  CNC_Top_i/clk_wiz/inst/clk_out1        |                                                                                                                                                                                                                                                          | CNC_Top_i/vio_1/inst/PROBE_IN_INST/read_done                                                                                                                                                                                            |               51 |            128 |         2.51 |
|  CNC_Top_i/clk_wiz/inst/clk_out1        |                                                                                                                                                                                                                                                          | CNC_Top_i/vio_1/inst/PROBE_IN_INST/read_done_reg_rep_n_0                                                                                                                                                                                |               53 |            128 |         2.42 |
|  CNC_Top_i/clk_wiz/inst/clk_out1        | CNC_Top_i/vio_1/inst/DECODER_INST/E[0]                                                                                                                                                                                                                   |                                                                                                                                                                                                                                         |               77 |            128 |         1.66 |
|  CNC_Top_i/clk_wiz/inst/clk_out1        |                                                                                                                                                                                                                                                          | CNC_Top_i/vio_2/inst/PROBE_IN_INST/read_done_reg_rep__0_n_0                                                                                                                                                                             |               60 |            152 |         2.53 |
|  CNC_Top_i/clk_wiz/inst/clk_out1        |                                                                                                                                                                                                                                                          | CNC_Top_i/vio_2/inst/PROBE_IN_INST/read_done                                                                                                                                                                                            |               69 |            152 |         2.20 |
|  CNC_Top_i/clk_wiz/inst/clk_out1        |                                                                                                                                                                                                                                                          | CNC_Top_i/vio_2/inst/PROBE_IN_INST/read_done_reg_rep_n_0                                                                                                                                                                                |               65 |            152 |         2.34 |
|  CNC_Top_i/clk_wiz/inst/clk_out1        | CNC_Top_i/XYZ_Axis_Coordinator_0/inst/dir_x_i_1_n_0                                                                                                                                                                                                      | CNC_Top_i/XYZ_Axis_Coordinator_0/inst/state0                                                                                                                                                                                            |               80 |            195 |         2.44 |
|  CNC_Top_i/clk_wiz/inst/clk_out1        | CNC_Top_i/vio_2/inst/DECODER_INST/E[0]                                                                                                                                                                                                                   |                                                                                                                                                                                                                                         |               98 |            228 |         2.33 |
|  CNC_Top_i/clk_wiz/inst/clk_out1        |                                                                                                                                                                                                                                                          |                                                                                                                                                                                                                                         |              395 |           1584 |         4.01 |
+-----------------------------------------+----------------------------------------------------------------------------------------------------------------------------------------------------------------------------------------------------------------------------------------------------------+-----------------------------------------------------------------------------------------------------------------------------------------------------------------------------------------------------------------------------------------+------------------+----------------+--------------+


