Copyright 1986-2022 Xilinx, Inc. All Rights Reserved. Copyright 2022-2024 Advanced Micro Devices, Inc. All Rights Reserved.
-----------------------------------------------------------------------------------------------------------------------------------------------------------------------------------
| Tool Version : Vivado v.2024.2 (win64) Build 5239630 Fri Nov 08 22:35:27 MST 2024
| Date         : Thu Mar 19 19:31:53 2026
| Host         : Alex-PC running 64-bit major release  (build 9200)
| Command      : report_methodology -file CNC_Top_wrapper_methodology_drc_routed.rpt -pb CNC_Top_wrapper_methodology_drc_routed.pb -rpx CNC_Top_wrapper_methodology_drc_routed.rpx
| Design       : CNC_Top_wrapper
| Device       : xc7z020clg484-1
| Speed File   : -1
| Design State : Fully Routed
-----------------------------------------------------------------------------------------------------------------------------------------------------------------------------------

Report Methodology

Table of Contents
-----------------
1. REPORT SUMMARY
2. REPORT DETAILS

1. REPORT SUMMARY
-----------------
            Netlist: netlist
          Floorplan: design_1
      Design limits: <entire design considered>
             Max checks: <unlimited>
             Checks found: 56
+-----------+------------------+------------------------------------------------+--------+
| Rule      | Severity         | Description                                    | Checks |
+-----------+------------------+------------------------------------------------+--------+
| TIMING-6  | Critical Warning | No common primary clock between related clocks | 1      |
| TIMING-7  | Critical Warning | No common node between related clocks          | 1      |
| LUTAR-1   | Warning          | LUT drives async reset alert                   | 4      |
| TIMING-16 | Warning          | Large setup violation                          | 26     |
| TIMING-18 | Warning          | Missing input or output delay                  | 24     |
+-----------+------------------+------------------------------------------------+--------+

2. REPORT DETAILS
-----------------
TIMING-6#1 Critical Warning
No common primary clock between related clocks  
The clocks clk_fpga_0 and clk_out1_CNC_Top_clk_wiz_0 are related (timed together) but they have no common primary clock. The design could fail in hardware. To find a timing path between these clocks, run the following command: report_timing -from [get_clocks clk_fpga_0] -to [get_clocks clk_out1_CNC_Top_clk_wiz_0]
Related violations: <none>

TIMING-7#1 Critical Warning
No common node between related clocks  
The clocks clk_fpga_0 and clk_out1_CNC_Top_clk_wiz_0 are related (timed together) but they have no common node. The design could fail in hardware. To find a timing path between these clocks, run the following command: report_timing -from [get_clocks clk_fpga_0] -to [get_clocks clk_out1_CNC_Top_clk_wiz_0]
Related violations: <none>

LUTAR-1#1 Warning
LUT drives async reset alert  
LUT cell dbg_hub/inst/BSCANID.u_xsdbm_id/CORE_XSDB.UUT_MASTER/U_ICON_INTERFACE/U_CMD6_RD/U_RD_FIFO/SUBCORE_FIFO.xsdbm_v3_0_3_rdfifo_inst/inst_fifo_gen/gconvfifo.rf/grf.rf/rstblk/ngwrdrst.grst.g7serrst.gwrrd_rst_sync_stage[2].rrst_inst/ngwrdrst.grst.g7serrst.rd_rst_reg[2]_i_1, with 2 or more inputs, drives asynchronous preset/clear pin(s) dbg_hub/inst/BSCANID.u_xsdbm_id/CORE_XSDB.UUT_MASTER/U_ICON_INTERFACE/U_CMD6_RD/U_RD_FIFO/SUBCORE_FIFO.xsdbm_v3_0_3_rdfifo_inst/inst_fifo_gen/gconvfifo.rf/grf.rf/rstblk/ngwrdrst.grst.g7serrst.rd_rst_reg_reg[0]/PRE,
dbg_hub/inst/BSCANID.u_xsdbm_id/CORE_XSDB.UUT_MASTER/U_ICON_INTERFACE/U_CMD6_RD/U_RD_FIFO/SUBCORE_FIFO.xsdbm_v3_0_3_rdfifo_inst/inst_fifo_gen/gconvfifo.rf/grf.rf/rstblk/ngwrdrst.grst.g7serrst.rd_rst_reg_reg[1]/PRE
dbg_hub/inst/BSCANID.u_xsdbm_id/CORE_XSDB.UUT_MASTER/U_ICON_INTERFACE/U_CMD6_RD/U_RD_FIFO/SUBCORE_FIFO.xsdbm_v3_0_3_rdfifo_inst/inst_fifo_gen/gconvfifo.rf/grf.rf/rstblk/ngwrdrst.grst.g7serrst.rd_rst_reg_reg[2]/PRE. The LUT may glitch and trigger an unexpected reset, even if it is a properly timed path.
Related violations: <none>

LUTAR-1#2 Warning
LUT drives async reset alert  
LUT cell dbg_hub/inst/BSCANID.u_xsdbm_id/CORE_XSDB.UUT_MASTER/U_ICON_INTERFACE/U_CMD6_RD/U_RD_FIFO/SUBCORE_FIFO.xsdbm_v3_0_3_rdfifo_inst/inst_fifo_gen/gconvfifo.rf/grf.rf/rstblk/ngwrdrst.grst.g7serrst.gwrrd_rst_sync_stage[2].wrst_inst/ngwrdrst.grst.g7serrst.wr_rst_reg[2]_i_1, with 2 or more inputs, drives asynchronous preset/clear pin(s) dbg_hub/inst/BSCANID.u_xsdbm_id/CORE_XSDB.UUT_MASTER/U_ICON_INTERFACE/U_CMD6_RD/U_RD_FIFO/SUBCORE_FIFO.xsdbm_v3_0_3_rdfifo_inst/inst_fifo_gen/gconvfifo.rf/grf.rf/rstblk/ngwrdrst.grst.g7serrst.wr_rst_reg_reg[0]/PRE,
dbg_hub/inst/BSCANID.u_xsdbm_id/CORE_XSDB.UUT_MASTER/U_ICON_INTERFACE/U_CMD6_RD/U_RD_FIFO/SUBCORE_FIFO.xsdbm_v3_0_3_rdfifo_inst/inst_fifo_gen/gconvfifo.rf/grf.rf/rstblk/ngwrdrst.grst.g7serrst.wr_rst_reg_reg[1]/PRE
dbg_hub/inst/BSCANID.u_xsdbm_id/CORE_XSDB.UUT_MASTER/U_ICON_INTERFACE/U_CMD6_RD/U_RD_FIFO/SUBCORE_FIFO.xsdbm_v3_0_3_rdfifo_inst/inst_fifo_gen/gconvfifo.rf/grf.rf/rstblk/ngwrdrst.grst.g7serrst.wr_rst_reg_reg[2]/PRE. The LUT may glitch and trigger an unexpected reset, even if it is a properly timed path.
Related violations: <none>

LUTAR-1#3 Warning
LUT drives async reset alert  
LUT cell dbg_hub/inst/BSCANID.u_xsdbm_id/CORE_XSDB.UUT_MASTER/U_ICON_INTERFACE/U_CMD6_WR/U_WR_FIFO/SUBCORE_FIFO.xsdbm_v3_0_3_wrfifo_inst/inst_fifo_gen/gconvfifo.rf/grf.rf/rstblk/ngwrdrst.grst.g7serrst.gwrrd_rst_sync_stage[2].rrst_inst/ngwrdrst.grst.g7serrst.rd_rst_reg[2]_i_1, with 2 or more inputs, drives asynchronous preset/clear pin(s) dbg_hub/inst/BSCANID.u_xsdbm_id/CORE_XSDB.UUT_MASTER/U_ICON_INTERFACE/U_CMD6_WR/U_WR_FIFO/SUBCORE_FIFO.xsdbm_v3_0_3_wrfifo_inst/inst_fifo_gen/gconvfifo.rf/grf.rf/rstblk/ngwrdrst.grst.g7serrst.rd_rst_reg_reg[0]/PRE,
dbg_hub/inst/BSCANID.u_xsdbm_id/CORE_XSDB.UUT_MASTER/U_ICON_INTERFACE/U_CMD6_WR/U_WR_FIFO/SUBCORE_FIFO.xsdbm_v3_0_3_wrfifo_inst/inst_fifo_gen/gconvfifo.rf/grf.rf/rstblk/ngwrdrst.grst.g7serrst.rd_rst_reg_reg[1]/PRE
dbg_hub/inst/BSCANID.u_xsdbm_id/CORE_XSDB.UUT_MASTER/U_ICON_INTERFACE/U_CMD6_WR/U_WR_FIFO/SUBCORE_FIFO.xsdbm_v3_0_3_wrfifo_inst/inst_fifo_gen/gconvfifo.rf/grf.rf/rstblk/ngwrdrst.grst.g7serrst.rd_rst_reg_reg[2]/PRE. The LUT may glitch and trigger an unexpected reset, even if it is a properly timed path.
Related violations: <none>

LUTAR-1#4 Warning
LUT drives async reset alert  
LUT cell dbg_hub/inst/BSCANID.u_xsdbm_id/CORE_XSDB.UUT_MASTER/U_ICON_INTERFACE/U_CMD6_WR/U_WR_FIFO/SUBCORE_FIFO.xsdbm_v3_0_3_wrfifo_inst/inst_fifo_gen/gconvfifo.rf/grf.rf/rstblk/ngwrdrst.grst.g7serrst.gwrrd_rst_sync_stage[2].wrst_inst/ngwrdrst.grst.g7serrst.wr_rst_reg[2]_i_1, with 2 or more inputs, drives asynchronous preset/clear pin(s) dbg_hub/inst/BSCANID.u_xsdbm_id/CORE_XSDB.UUT_MASTER/U_ICON_INTERFACE/U_CMD6_WR/U_WR_FIFO/SUBCORE_FIFO.xsdbm_v3_0_3_wrfifo_inst/inst_fifo_gen/gconvfifo.rf/grf.rf/rstblk/ngwrdrst.grst.g7serrst.wr_rst_reg_reg[0]/PRE,
dbg_hub/inst/BSCANID.u_xsdbm_id/CORE_XSDB.UUT_MASTER/U_ICON_INTERFACE/U_CMD6_WR/U_WR_FIFO/SUBCORE_FIFO.xsdbm_v3_0_3_wrfifo_inst/inst_fifo_gen/gconvfifo.rf/grf.rf/rstblk/ngwrdrst.grst.g7serrst.wr_rst_reg_reg[1]/PRE
dbg_hub/inst/BSCANID.u_xsdbm_id/CORE_XSDB.UUT_MASTER/U_ICON_INTERFACE/U_CMD6_WR/U_WR_FIFO/SUBCORE_FIFO.xsdbm_v3_0_3_wrfifo_inst/inst_fifo_gen/gconvfifo.rf/grf.rf/rstblk/ngwrdrst.grst.g7serrst.wr_rst_reg_reg[2]/PRE. The LUT may glitch and trigger an unexpected reset, even if it is a properly timed path.
Related violations: <none>

TIMING-16#1 Warning
Large setup violation  
There is a large setup violation of -1.073 ns between CNC_Top_i/XYZ_Axis_Coordinator/inst/bit_reg[0]/C (clocked by clk_out1_CNC_Top_clk_wiz_0) and CNC_Top_i/XYZ_Axis_Coordinator/inst/res_reg[39]/D (clocked by clk_out1_CNC_Top_clk_wiz_0). Large setup violations at the end of those stages might be difficult to fix during the post-placement implementation flow and could be the result of non-optimal XDC constraints or non-optimal design architecture
Related violations: <none>

TIMING-16#2 Warning
Large setup violation  
There is a large setup violation of -1.094 ns between CNC_Top_i/XYZ_Axis_Coordinator/inst/bit_reg[0]/C (clocked by clk_out1_CNC_Top_clk_wiz_0) and CNC_Top_i/XYZ_Axis_Coordinator/inst/res_reg[37]/D (clocked by clk_out1_CNC_Top_clk_wiz_0). Large setup violations at the end of those stages might be difficult to fix during the post-placement implementation flow and could be the result of non-optimal XDC constraints or non-optimal design architecture
Related violations: <none>

TIMING-16#3 Warning
Large setup violation  
There is a large setup violation of -1.097 ns between CNC_Top_i/XYZ_Axis_Coordinator/inst/bit_reg[0]/C (clocked by clk_out1_CNC_Top_clk_wiz_0) and CNC_Top_i/XYZ_Axis_Coordinator/inst/res_reg[40]/D (clocked by clk_out1_CNC_Top_clk_wiz_0). Large setup violations at the end of those stages might be difficult to fix during the post-placement implementation flow and could be the result of non-optimal XDC constraints or non-optimal design architecture
Related violations: <none>

TIMING-16#4 Warning
Large setup violation  
There is a large setup violation of -1.113 ns between CNC_Top_i/XYZ_Axis_Coordinator/inst/bit_reg[0]/C (clocked by clk_out1_CNC_Top_clk_wiz_0) and CNC_Top_i/XYZ_Axis_Coordinator/inst/res_reg[42]/D (clocked by clk_out1_CNC_Top_clk_wiz_0). Large setup violations at the end of those stages might be difficult to fix during the post-placement implementation flow and could be the result of non-optimal XDC constraints or non-optimal design architecture
Related violations: <none>

TIMING-16#5 Warning
Large setup violation  
There is a large setup violation of -1.187 ns between CNC_Top_i/XYZ_Axis_Coordinator/inst/bit_reg[0]/C (clocked by clk_out1_CNC_Top_clk_wiz_0) and CNC_Top_i/XYZ_Axis_Coordinator/inst/res_reg[43]/D (clocked by clk_out1_CNC_Top_clk_wiz_0). Large setup violations at the end of those stages might be difficult to fix during the post-placement implementation flow and could be the result of non-optimal XDC constraints or non-optimal design architecture
Related violations: <none>

TIMING-16#6 Warning
Large setup violation  
There is a large setup violation of -1.208 ns between CNC_Top_i/XYZ_Axis_Coordinator/inst/bit_reg[0]/C (clocked by clk_out1_CNC_Top_clk_wiz_0) and CNC_Top_i/XYZ_Axis_Coordinator/inst/res_reg[41]/D (clocked by clk_out1_CNC_Top_clk_wiz_0). Large setup violations at the end of those stages might be difficult to fix during the post-placement implementation flow and could be the result of non-optimal XDC constraints or non-optimal design architecture
Related violations: <none>

TIMING-16#7 Warning
Large setup violation  
There is a large setup violation of -1.211 ns between CNC_Top_i/XYZ_Axis_Coordinator/inst/bit_reg[0]/C (clocked by clk_out1_CNC_Top_clk_wiz_0) and CNC_Top_i/XYZ_Axis_Coordinator/inst/res_reg[44]/D (clocked by clk_out1_CNC_Top_clk_wiz_0). Large setup violations at the end of those stages might be difficult to fix during the post-placement implementation flow and could be the result of non-optimal XDC constraints or non-optimal design architecture
Related violations: <none>

TIMING-16#8 Warning
Large setup violation  
There is a large setup violation of -1.227 ns between CNC_Top_i/XYZ_Axis_Coordinator/inst/bit_reg[0]/C (clocked by clk_out1_CNC_Top_clk_wiz_0) and CNC_Top_i/XYZ_Axis_Coordinator/inst/res_reg[46]/D (clocked by clk_out1_CNC_Top_clk_wiz_0). Large setup violations at the end of those stages might be difficult to fix during the post-placement implementation flow and could be the result of non-optimal XDC constraints or non-optimal design architecture
Related violations: <none>

TIMING-16#9 Warning
Large setup violation  
There is a large setup violation of -1.301 ns between CNC_Top_i/XYZ_Axis_Coordinator/inst/bit_reg[0]/C (clocked by clk_out1_CNC_Top_clk_wiz_0) and CNC_Top_i/XYZ_Axis_Coordinator/inst/res_reg[47]/D (clocked by clk_out1_CNC_Top_clk_wiz_0). Large setup violations at the end of those stages might be difficult to fix during the post-placement implementation flow and could be the result of non-optimal XDC constraints or non-optimal design architecture
Related violations: <none>

TIMING-16#10 Warning
Large setup violation  
There is a large setup violation of -1.322 ns between CNC_Top_i/XYZ_Axis_Coordinator/inst/bit_reg[0]/C (clocked by clk_out1_CNC_Top_clk_wiz_0) and CNC_Top_i/XYZ_Axis_Coordinator/inst/res_reg[45]/D (clocked by clk_out1_CNC_Top_clk_wiz_0). Large setup violations at the end of those stages might be difficult to fix during the post-placement implementation flow and could be the result of non-optimal XDC constraints or non-optimal design architecture
Related violations: <none>

TIMING-16#11 Warning
Large setup violation  
There is a large setup violation of -1.325 ns between CNC_Top_i/XYZ_Axis_Coordinator/inst/bit_reg[0]/C (clocked by clk_out1_CNC_Top_clk_wiz_0) and CNC_Top_i/XYZ_Axis_Coordinator/inst/res_reg[48]/D (clocked by clk_out1_CNC_Top_clk_wiz_0). Large setup violations at the end of those stages might be difficult to fix during the post-placement implementation flow and could be the result of non-optimal XDC constraints or non-optimal design architecture
Related violations: <none>

TIMING-16#12 Warning
Large setup violation  
There is a large setup violation of -1.341 ns between CNC_Top_i/XYZ_Axis_Coordinator/inst/bit_reg[0]/C (clocked by clk_out1_CNC_Top_clk_wiz_0) and CNC_Top_i/XYZ_Axis_Coordinator/inst/res_reg[50]/D (clocked by clk_out1_CNC_Top_clk_wiz_0). Large setup violations at the end of those stages might be difficult to fix during the post-placement implementation flow and could be the result of non-optimal XDC constraints or non-optimal design architecture
Related violations: <none>

TIMING-16#13 Warning
Large setup violation  
There is a large setup violation of -1.415 ns between CNC_Top_i/XYZ_Axis_Coordinator/inst/bit_reg[0]/C (clocked by clk_out1_CNC_Top_clk_wiz_0) and CNC_Top_i/XYZ_Axis_Coordinator/inst/res_reg[51]/D (clocked by clk_out1_CNC_Top_clk_wiz_0). Large setup violations at the end of those stages might be difficult to fix during the post-placement implementation flow and could be the result of non-optimal XDC constraints or non-optimal design architecture
Related violations: <none>

TIMING-16#14 Warning
Large setup violation  
There is a large setup violation of -1.436 ns between CNC_Top_i/XYZ_Axis_Coordinator/inst/bit_reg[0]/C (clocked by clk_out1_CNC_Top_clk_wiz_0) and CNC_Top_i/XYZ_Axis_Coordinator/inst/res_reg[49]/D (clocked by clk_out1_CNC_Top_clk_wiz_0). Large setup violations at the end of those stages might be difficult to fix during the post-placement implementation flow and could be the result of non-optimal XDC constraints or non-optimal design architecture
Related violations: <none>

TIMING-16#15 Warning
Large setup violation  
There is a large setup violation of -1.440 ns between CNC_Top_i/XYZ_Axis_Coordinator/inst/bit_reg[0]/C (clocked by clk_out1_CNC_Top_clk_wiz_0) and CNC_Top_i/XYZ_Axis_Coordinator/inst/res_reg[52]/D (clocked by clk_out1_CNC_Top_clk_wiz_0). Large setup violations at the end of those stages might be difficult to fix during the post-placement implementation flow and could be the result of non-optimal XDC constraints or non-optimal design architecture
Related violations: <none>

TIMING-16#16 Warning
Large setup violation  
There is a large setup violation of -1.456 ns between CNC_Top_i/XYZ_Axis_Coordinator/inst/bit_reg[0]/C (clocked by clk_out1_CNC_Top_clk_wiz_0) and CNC_Top_i/XYZ_Axis_Coordinator/inst/res_reg[54]/D (clocked by clk_out1_CNC_Top_clk_wiz_0). Large setup violations at the end of those stages might be difficult to fix during the post-placement implementation flow and could be the result of non-optimal XDC constraints or non-optimal design architecture
Related violations: <none>

TIMING-16#17 Warning
Large setup violation  
There is a large setup violation of -1.530 ns between CNC_Top_i/XYZ_Axis_Coordinator/inst/bit_reg[0]/C (clocked by clk_out1_CNC_Top_clk_wiz_0) and CNC_Top_i/XYZ_Axis_Coordinator/inst/res_reg[55]/D (clocked by clk_out1_CNC_Top_clk_wiz_0). Large setup violations at the end of those stages might be difficult to fix during the post-placement implementation flow and could be the result of non-optimal XDC constraints or non-optimal design architecture
Related violations: <none>

TIMING-16#18 Warning
Large setup violation  
There is a large setup violation of -1.551 ns between CNC_Top_i/XYZ_Axis_Coordinator/inst/bit_reg[0]/C (clocked by clk_out1_CNC_Top_clk_wiz_0) and CNC_Top_i/XYZ_Axis_Coordinator/inst/res_reg[53]/D (clocked by clk_out1_CNC_Top_clk_wiz_0). Large setup violations at the end of those stages might be difficult to fix during the post-placement implementation flow and could be the result of non-optimal XDC constraints or non-optimal design architecture
Related violations: <none>

TIMING-16#19 Warning
Large setup violation  
There is a large setup violation of -1.554 ns between CNC_Top_i/XYZ_Axis_Coordinator/inst/bit_reg[0]/C (clocked by clk_out1_CNC_Top_clk_wiz_0) and CNC_Top_i/XYZ_Axis_Coordinator/inst/res_reg[56]/D (clocked by clk_out1_CNC_Top_clk_wiz_0). Large setup violations at the end of those stages might be difficult to fix during the post-placement implementation flow and could be the result of non-optimal XDC constraints or non-optimal design architecture
Related violations: <none>

TIMING-16#20 Warning
Large setup violation  
There is a large setup violation of -1.570 ns between CNC_Top_i/XYZ_Axis_Coordinator/inst/bit_reg[0]/C (clocked by clk_out1_CNC_Top_clk_wiz_0) and CNC_Top_i/XYZ_Axis_Coordinator/inst/res_reg[58]/D (clocked by clk_out1_CNC_Top_clk_wiz_0). Large setup violations at the end of those stages might be difficult to fix during the post-placement implementation flow and could be the result of non-optimal XDC constraints or non-optimal design architecture
Related violations: <none>

TIMING-16#21 Warning
Large setup violation  
There is a large setup violation of -1.644 ns between CNC_Top_i/XYZ_Axis_Coordinator/inst/bit_reg[0]/C (clocked by clk_out1_CNC_Top_clk_wiz_0) and CNC_Top_i/XYZ_Axis_Coordinator/inst/res_reg[59]/D (clocked by clk_out1_CNC_Top_clk_wiz_0). Large setup violations at the end of those stages might be difficult to fix during the post-placement implementation flow and could be the result of non-optimal XDC constraints or non-optimal design architecture
Related violations: <none>

TIMING-16#22 Warning
Large setup violation  
There is a large setup violation of -1.665 ns between CNC_Top_i/XYZ_Axis_Coordinator/inst/bit_reg[0]/C (clocked by clk_out1_CNC_Top_clk_wiz_0) and CNC_Top_i/XYZ_Axis_Coordinator/inst/res_reg[57]/D (clocked by clk_out1_CNC_Top_clk_wiz_0). Large setup violations at the end of those stages might be difficult to fix during the post-placement implementation flow and could be the result of non-optimal XDC constraints or non-optimal design architecture
Related violations: <none>

TIMING-16#23 Warning
Large setup violation  
There is a large setup violation of -1.669 ns between CNC_Top_i/XYZ_Axis_Coordinator/inst/bit_reg[0]/C (clocked by clk_out1_CNC_Top_clk_wiz_0) and CNC_Top_i/XYZ_Axis_Coordinator/inst/res_reg[60]/D (clocked by clk_out1_CNC_Top_clk_wiz_0). Large setup violations at the end of those stages might be difficult to fix during the post-placement implementation flow and could be the result of non-optimal XDC constraints or non-optimal design architecture
Related violations: <none>

TIMING-16#24 Warning
Large setup violation  
There is a large setup violation of -1.685 ns between CNC_Top_i/XYZ_Axis_Coordinator/inst/bit_reg[0]/C (clocked by clk_out1_CNC_Top_clk_wiz_0) and CNC_Top_i/XYZ_Axis_Coordinator/inst/res_reg[62]/D (clocked by clk_out1_CNC_Top_clk_wiz_0). Large setup violations at the end of those stages might be difficult to fix during the post-placement implementation flow and could be the result of non-optimal XDC constraints or non-optimal design architecture
Related violations: <none>

TIMING-16#25 Warning
Large setup violation  
There is a large setup violation of -1.780 ns between CNC_Top_i/XYZ_Axis_Coordinator/inst/bit_reg[0]/C (clocked by clk_out1_CNC_Top_clk_wiz_0) and CNC_Top_i/XYZ_Axis_Coordinator/inst/res_reg[61]/D (clocked by clk_out1_CNC_Top_clk_wiz_0). Large setup violations at the end of those stages might be difficult to fix during the post-placement implementation flow and could be the result of non-optimal XDC constraints or non-optimal design architecture
Related violations: <none>

TIMING-16#26 Warning
Large setup violation  
There is a large setup violation of -1.820 ns between CNC_Top_i/XYZ_Axis_Coordinator/inst/bit_reg[0]/C (clocked by clk_out1_CNC_Top_clk_wiz_0) and CNC_Top_i/XYZ_Axis_Coordinator/inst/res_reg[63]/D (clocked by clk_out1_CNC_Top_clk_wiz_0). Large setup violations at the end of those stages might be difficult to fix during the post-placement implementation flow and could be the result of non-optimal XDC constraints or non-optimal design architecture
Related violations: <none>

TIMING-18#1 Warning
Missing input or output delay  
An input delay is missing on Down relative to the rising and/or falling clock edge(s) of sys_clock.
Related violations: <none>

TIMING-18#2 Warning
Missing input or output delay  
An input delay is missing on Left relative to the rising and/or falling clock edge(s) of sys_clock.
Related violations: <none>

TIMING-18#3 Warning
Missing input or output delay  
An input delay is missing on Middle relative to the rising and/or falling clock edge(s) of sys_clock.
Related violations: <none>

TIMING-18#4 Warning
Missing input or output delay  
An input delay is missing on ResetSwitch relative to the rising and/or falling clock edge(s) of sys_clock.
Related violations: <none>

TIMING-18#5 Warning
Missing input or output delay  
An input delay is missing on Right relative to the rising and/or falling clock edge(s) of sys_clock.
Related violations: <none>

TIMING-18#6 Warning
Missing input or output delay  
An input delay is missing on Up relative to the rising and/or falling clock edge(s) of sys_clock.
Related violations: <none>

TIMING-18#7 Warning
Missing input or output delay  
An input delay is missing on Zswitch relative to the rising and/or falling clock edge(s) of sys_clock.
Related violations: <none>

TIMING-18#8 Warning
Missing input or output delay  
An output delay is missing on directionX relative to the rising and/or falling clock edge(s) of sys_clock.
Related violations: <none>

TIMING-18#9 Warning
Missing input or output delay  
An output delay is missing on directionY relative to the rising and/or falling clock edge(s) of sys_clock.
Related violations: <none>

TIMING-18#10 Warning
Missing input or output delay  
An output delay is missing on directionZ relative to the rising and/or falling clock edge(s) of sys_clock.
Related violations: <none>

TIMING-18#11 Warning
Missing input or output delay  
An output delay is missing on enableX relative to the rising and/or falling clock edge(s) of sys_clock.
Related violations: <none>

TIMING-18#12 Warning
Missing input or output delay  
An output delay is missing on enableY relative to the rising and/or falling clock edge(s) of sys_clock.
Related violations: <none>

TIMING-18#13 Warning
Missing input or output delay  
An output delay is missing on enableZ relative to the rising and/or falling clock edge(s) of sys_clock.
Related violations: <none>

TIMING-18#14 Warning
Missing input or output delay  
An output delay is missing on led[0] relative to the rising and/or falling clock edge(s) of clk_fpga_0, sys_clock.
Related violations: <none>

TIMING-18#15 Warning
Missing input or output delay  
An output delay is missing on led[1] relative to the rising and/or falling clock edge(s) of clk_fpga_0, sys_clock.
Related violations: <none>

TIMING-18#16 Warning
Missing input or output delay  
An output delay is missing on led[2] relative to the rising and/or falling clock edge(s) of clk_fpga_0, sys_clock.
Related violations: <none>

TIMING-18#17 Warning
Missing input or output delay  
An output delay is missing on led[3] relative to the rising and/or falling clock edge(s) of clk_fpga_0, sys_clock.
Related violations: <none>

TIMING-18#18 Warning
Missing input or output delay  
An output delay is missing on led[4] relative to the rising and/or falling clock edge(s) of clk_fpga_0, sys_clock.
Related violations: <none>

TIMING-18#19 Warning
Missing input or output delay  
An output delay is missing on led[5] relative to the rising and/or falling clock edge(s) of clk_fpga_0, sys_clock.
Related violations: <none>

TIMING-18#20 Warning
Missing input or output delay  
An output delay is missing on led[6] relative to the rising and/or falling clock edge(s) of clk_fpga_0, sys_clock.
Related violations: <none>

TIMING-18#21 Warning
Missing input or output delay  
An output delay is missing on led[7] relative to the rising and/or falling clock edge(s) of clk_fpga_0, sys_clock.
Related violations: <none>

TIMING-18#22 Warning
Missing input or output delay  
An output delay is missing on stepX relative to the rising and/or falling clock edge(s) of sys_clock.
Related violations: <none>

TIMING-18#23 Warning
Missing input or output delay  
An output delay is missing on stepY relative to the rising and/or falling clock edge(s) of sys_clock.
Related violations: <none>

TIMING-18#24 Warning
Missing input or output delay  
An output delay is missing on stepZ relative to the rising and/or falling clock edge(s) of sys_clock.
Related violations: <none>


